<html>
<body>
<pre>
<h1>µVision Build Log</h1>
<h2>Tool Versions:</h2>
IDE-Version: ¦ÌVision V5.43.1.0
Copyright (C) 2025 ARM Ltd and ARM Germany GmbH. All rights reserved.
License Information: Lee Zhuming, ChongQingUniversity, LIC=ATTQ1-CF7QJ-45UT5-G0VNV-DYASN-CAVAY
 
Tool Versions:
Toolchain:       MDK-ARM Plus  Version: 5.43.0.0
Toolchain Path:  C:\Users\ZhumingLi\AppData\Local\Keil_v5\ARM\ARMCLANG\Bin
C Compiler:      ArmClang.exe V6.24
Assembler:       Armasm.exe V6.24
Linker/Locator:  ArmLink.exe V6.24
Library Manager: ArmAr.exe V6.24
Hex Converter:   FromElf.exe V6.24
CPU DLL:         SARMCM3.DLL V5.43.0.0
Dialog DLL:      DCM.DLL V1.17.5.0
Target DLL:      STLink\ST-LINKIII-KEIL_SWO.dll V3.3.1.0
Dialog DLL:      TCM.DLL V1.56.6.0
 
<h2>Project:</h2>
C:\Users\ZhumingLi\Desktop\MOON\Grade3UP\MicroElectronic\CleanBot\MDK-ARM\CleanBot.uvprojx
Project File Date:  11/19/2025

<h2>Output:</h2>
*** Using Compiler 'V6.24', folder: 'C:\Users\ZhumingLi\AppData\Local\Keil_v5\ARM\ARMCLANG\Bin'
Build target 'CleanBot'
compiling usb_comm_task.c...
compiling main.c...
compiling CleanBotApp.c...
compiling gpio.c...
compiling sensor_manager.c...
compiling usbd_cdc_if.c...
compiling test_example.c...
compiling sensor_task.c...
compiling freertos.c...
compiling motor_ctrl_task.c...
compiling imu_task.c...
linking...
Program Size: Code=40880 RO-data=732 RW-data=256 ZI-data=32704  
FromELF: creating hex file...
"CleanBot\CleanBot.axf" - 0 Error(s), 0 Warning(s).

<h2>Software Packages used:</h2>

Package Vendor: ARM
                https://www.keil.com/pack/ARM.CMSIS.6.2.0.pack
                ARM::CMSIS@6.2.0
                CMSIS (Common Microcontroller Software Interface Standard)
   * Component: CORE Version: 6.1.1

Package Vendor: Keil
                https://www.keil.com/pack/Keil.STM32F4xx_DFP.3.1.1.pack
                Keil::STM32F4xx_DFP@3.1.1
                STMicroelectronics STM32F4 Series Device Support

<h2>Collection of Component include folders:</h2>
  ./RTE/_CleanBot
  C:/Users/ZhumingLi/AppData/Local/Arm/Packs/ARM/CMSIS/6.2.0/CMSIS/Core/Include

<h2>Collection of Component Files used:</h2>

   * Component: ARM::CMSIS:CORE@6.1.1
      Include file:  CMSIS/Core/Include/tz_context.h
Build Time Elapsed:  00:00:01
</pre>
</body>
</html>
