Component: Arm Compiler for Embedded 6.24 Tool: armlink [5f371500]

==============================================================================

Section Cross References

    startup_stm32f407xx.o(STACK) refers (Special) to heapauxi.o(.text) for __use_two_region_memory
    startup_stm32f407xx.o(HEAP) refers (Special) to heapauxi.o(.text) for __use_two_region_memory
    startup_stm32f407xx.o(RESET) refers (Special) to heapauxi.o(.text) for __use_two_region_memory
    startup_stm32f407xx.o(RESET) refers to startup_stm32f407xx.o(STACK) for __initial_sp
    startup_stm32f407xx.o(RESET) refers to startup_stm32f407xx.o(.text) for Reset_Handler
    startup_stm32f407xx.o(RESET) refers to stm32f4xx_it.o(.text.NMI_Handler) for NMI_Handler
    startup_stm32f407xx.o(RESET) refers to stm32f4xx_it.o(.text.HardFault_Handler) for HardFault_Handler
    startup_stm32f407xx.o(RESET) refers to stm32f4xx_it.o(.text.MemManage_Handler) for MemManage_Handler
    startup_stm32f407xx.o(RESET) refers to stm32f4xx_it.o(.text.BusFault_Handler) for BusFault_Handler
    startup_stm32f407xx.o(RESET) refers to stm32f4xx_it.o(.text.UsageFault_Handler) for UsageFault_Handler
    startup_stm32f407xx.o(RESET) refers to port.o(.text.SVC_Handler) for SVC_Handler
    startup_stm32f407xx.o(RESET) refers to stm32f4xx_it.o(.text.DebugMon_Handler) for DebugMon_Handler
    startup_stm32f407xx.o(RESET) refers to port.o(.text.PendSV_Handler) for PendSV_Handler
    startup_stm32f407xx.o(RESET) refers to cmsis_os2.o(.text.SysTick_Handler) for SysTick_Handler
    startup_stm32f407xx.o(RESET) refers to stm32f4xx_it.o(.text.EXTI2_IRQHandler) for EXTI2_IRQHandler
    startup_stm32f407xx.o(RESET) refers to stm32f4xx_it.o(.text.EXTI3_IRQHandler) for EXTI3_IRQHandler
    startup_stm32f407xx.o(RESET) refers to stm32f4xx_it.o(.text.EXTI4_IRQHandler) for EXTI4_IRQHandler
    startup_stm32f407xx.o(RESET) refers to stm32f4xx_it.o(.text.DMA1_Stream1_IRQHandler) for DMA1_Stream1_IRQHandler
    startup_stm32f407xx.o(RESET) refers to stm32f4xx_it.o(.text.EXTI9_5_IRQHandler) for EXTI9_5_IRQHandler
    startup_stm32f407xx.o(RESET) refers to stm32f4xx_it.o(.text.USART3_IRQHandler) for USART3_IRQHandler
    startup_stm32f407xx.o(RESET) refers to stm32f4xx_it.o(.text.EXTI15_10_IRQHandler) for EXTI15_10_IRQHandler
    startup_stm32f407xx.o(RESET) refers to stm32f4xx_it.o(.text.TIM6_DAC_IRQHandler) for TIM6_DAC_IRQHandler
    startup_stm32f407xx.o(RESET) refers to stm32f4xx_it.o(.text.TIM7_IRQHandler) for TIM7_IRQHandler
    startup_stm32f407xx.o(RESET) refers to stm32f4xx_it.o(.text.OTG_FS_IRQHandler) for OTG_FS_IRQHandler
    startup_stm32f407xx.o(.text) refers (Special) to heapauxi.o(.text) for __use_two_region_memory
    startup_stm32f407xx.o(.text) refers to system_stm32f4xx.o(.text.SystemInit) for SystemInit
    startup_stm32f407xx.o(.text) refers to __main.o(!!!main) for __main
    startup_stm32f407xx.o(.text) refers to startup_stm32f407xx.o(HEAP) for Heap_Mem
    startup_stm32f407xx.o(.text) refers to startup_stm32f407xx.o(STACK) for Stack_Mem
    main.o(.text.main) refers to stm32f4xx_hal.o(.text.HAL_Init) for HAL_Init
    main.o(.text.main) refers to main.o(.text.SystemClock_Config) for SystemClock_Config
    main.o(.text.main) refers to gpio.o(.text.MX_GPIO_Init) for MX_GPIO_Init
    main.o(.text.main) refers to dma.o(.text.MX_DMA_Init) for MX_DMA_Init
    main.o(.text.main) refers to tim.o(.text.MX_TIM1_Init) for MX_TIM1_Init
    main.o(.text.main) refers to tim.o(.text.MX_TIM2_Init) for MX_TIM2_Init
    main.o(.text.main) refers to tim.o(.text.MX_TIM3_Init) for MX_TIM3_Init
    main.o(.text.main) refers to tim.o(.text.MX_TIM4_Init) for MX_TIM4_Init
    main.o(.text.main) refers to tim.o(.text.MX_TIM5_Init) for MX_TIM5_Init
    main.o(.text.main) refers to tim.o(.text.MX_TIM10_Init) for MX_TIM10_Init
    main.o(.text.main) refers to usart.o(.text.MX_UART4_Init) for MX_UART4_Init
    main.o(.text.main) refers to usart.o(.text.MX_USART1_UART_Init) for MX_USART1_UART_Init
    main.o(.text.main) refers to usart.o(.text.MX_USART3_UART_Init) for MX_USART3_UART_Init
    main.o(.text.main) refers to tim.o(.text.MX_TIM7_Init) for MX_TIM7_Init
    main.o(.text.main) refers to crc.o(.text.MX_CRC_Init) for MX_CRC_Init
    main.o(.text.main) refers to tim.o(.bss.htim7) for htim7
    main.o(.text.main) refers to stm32f4xx_hal_tim.o(.text.HAL_TIM_Base_Start_IT) for HAL_TIM_Base_Start_IT
    main.o(.text.main) refers to cmsis_os2.o(.text.osKernelInitialize) for osKernelInitialize
    main.o(.text.main) refers to freertos.o(.text.MX_FREERTOS_Init) for MX_FREERTOS_Init
    main.o(.text.main) refers to cmsis_os2.o(.text.osKernelStart) for osKernelStart
    main.o(.ARM.exidx.text.main) refers to main.o(.text.main) for [Anonymous Symbol]
    main.o(.text.SystemClock_Config) refers to rt_memclr_w.o(.text) for __aeabi_memclr4
    main.o(.text.SystemClock_Config) refers to stm32f4xx_hal_rcc.o(.text.HAL_RCC_OscConfig) for HAL_RCC_OscConfig
[...]
    0x08000234   0x08000234   0x00000006   Code   RO         2936    .ARM.Collect$$rtentry$$00000004  c_w.l(__rtentry4.o)
    0x0800023a   0x0800023a   0x00000000   Code   RO         2926    .ARM.Collect$$rtentry$$00000009  c_w.l(__rtentry2.o)
    0x0800023a   0x0800023a   0x00000004   Code   RO         2927    .ARM.Collect$$rtentry$$0000000A  c_w.l(__rtentry2.o)
    0x0800023e   0x0800023e   0x00000000   Code   RO         2929    .ARM.Collect$$rtentry$$0000000C  c_w.l(__rtentry2.o)
    0x0800023e   0x0800023e   0x00000008   Code   RO         2930    .ARM.Collect$$rtentry$$0000000D  c_w.l(__rtentry2.o)
    0x08000246   0x08000246   0x00000002   Code   RO         2957    .ARM.Collect$$rtexit$$00000000  c_w.l(rtexit.o)
    0x08000248   0x08000248   0x00000000   Code   RO         3017    .ARM.Collect$$rtexit$$00000002  c_w.l(rtexit2.o)
    0x08000248   0x08000248   0x00000004   Code   RO         3018    .ARM.Collect$$rtexit$$00000003  c_w.l(rtexit2.o)
    0x0800024c   0x0800024c   0x00000006   Code   RO         3019    .ARM.Collect$$rtexit$$00000004  c_w.l(rtexit2.o)
    0x08000252   0x08000252   0x00000002   PAD
    0x08000254   0x08000254   0x00000040   Code   RO            4    .text               startup_stm32f407xx.o
    0x08000294   0x08000294   0x000000f0   Code   RO         2900    .text               c_w.l(lludivv7m.o)
    0x08000384   0x08000384   0x0000008a   Code   RO         2902    .text               c_w.l(rt_memcpy_v6.o)
    0x0800040e   0x0800040e   0x00000010   Code   RO         2906    .text               c_w.l(aeabi_memset4.o)
    0x0800041e   0x0800041e   0x00000044   Code   RO         2908    .text               c_w.l(rt_memclr.o)
    0x08000462   0x08000462   0x0000004e   Code   RO         2910    .text               c_w.l(rt_memclr_w.o)
    0x080004b0   0x080004b0   0x00000006   Code   RO         2912    .text               c_w.l(heapauxi.o)
    0x080004b6   0x080004b6   0x00000064   Code   RO         2921    .text               c_w.l(rt_memcpy_w.o)
    0x0800051a   0x0800051a   0x0000004a   Code   RO         2940    .text               c_w.l(sys_stackheap_outer.o)
    0x08000564   0x08000564   0x00000012   Code   RO         2942    .text               c_w.l(exit.o)
    0x08000576   0x08000576   0x00000002   PAD
    0x08000578   0x08000578   0x00000008   Code   RO         2954    .text               c_w.l(libspace.o)
    0x08000580   0x08000580   0x0000000c   Code   RO         3012    .text               c_w.l(sys_exit.o)
    0x0800058c   0x0800058c   0x00000002   Code   RO         3035    .text               c_w.l(use_no_semi.o)
    0x0800058e   0x0800058e   0x00000000   Code   RO         3037    .text               c_w.l(indicate_semi.o)
    0x0800058e   0x0800058e   0x00000002   PAD
    0x08000590   0x08000590   0x00000004   Code   RO          147    .text.BusFault_Handler  stm32f4xx_it.o
    0x08000594   0x08000594   0x00000176   Code   RO         2435    .text.Buzzer_Beep   buzzer.o
    0x0800070a   0x0800070a   0x00000002   PAD
    0x0800070c   0x0800070c   0x000000ca   Code   RO         2433    .text.Buzzer_Init   buzzer.o
    0x080007d6   0x080007d6   0x00000002   PAD
    0x080007d8   0x080007d8   0x00000096   Code   RO         2439    .text.Buzzer_Off    buzzer.o
    0x0800086e   0x0800086e   0x00000002   PAD
    0x08000870   0x08000870   0x0000003a   Code   RO         2437    .text.Buzzer_On     buzzer.o
    0x080008aa   0x080008aa   0x00000002   PAD
    0x080008ac   0x080008ac   0x0000005c   Code   RO          246    .text.CDC_Control_FS  usbd_cdc_if.o
    0x08000908   0x08000908   0x0000002a   Code   RO          244    .text.CDC_DeInit_FS  usbd_cdc_if.o
    0x08000932   0x08000932   0x00000002   PAD
    0x08000934   0x08000934   0x00000054   Code   RO          242    .text.CDC_Init_FS   usbd_cdc_if.o
    0x08000988   0x08000988   0x00000060   Code   RO          248    .text.CDC_Receive_FS  usbd_cdc_if.o
    0x080009e8   0x080009e8   0x0000003c   Code   RO          250    .text.CDC_TransmitCplt_FS  usbd_cdc_if.o
    0x08000a24   0x08000a24   0x00000060   Code   RO          252    .text.CDC_Transmit_FS  usbd_cdc_if.o
    0x08000a84   0x08000a84   0x0000000a   Code   RO         2344    .text.CleanBotApp_GetInstance  cleanbotapp.o
    0x08000a8e   0x08000a8e   0x00000002   PAD
    0x08000a90   0x08000a90   0x0000034c   Code   RO         2324    .text.CleanBotApp_Init  cleanbotapp.o
    0x08000ddc   0x08000ddc   0x00000060   Code   RO         2328    .text.CleanBotApp_Start  cleanbotapp.o
    0x08000e3c   0x08000e3c   0x00000010   Code   RO          159    .text.DMA1_Stream1_IRQHandler  stm32f4xx_it.o
    0x08000e4c   0x08000e4c   0x00000056   Code   RO         1052    .text.DMA_CalcBaseAndBitshift  stm32f4xx_hal_dma.o
    0x08000ea2   0x08000ea2   0x00000002   PAD
    0x08000ea4   0x08000ea4   0x000000f0   Code   RO         1050    .text.DMA_CheckFifoParam  stm32f4xx_hal_dma.o
    0x08000f94   0x08000f94   0x00000050   Code   RO         1058    .text.DMA_SetConfig  stm32f4xx_hal_dma.o
    0x08000fe4   0x08000fe4   0x00000002   Code   RO          151    .text.DebugMon_Handler  stm32f4xx_it.o
    0x08000fe6   0x08000fe6   0x00000002   PAD
    0x08000fe8   0x08000fe8   0x00000024   Code   RO          165    .text.EXTI15_10_IRQHandler  stm32f4xx_it.o
    0x0800100c   0x0800100c   0x0000000a   Code   RO          153    .text.EXTI2_IRQHandler  stm32f4xx_it.o
    0x08001016   0x08001016   0x00000002   PAD
    0x08001018   0x08001018   0x0000000a   Code   RO          155    .text.EXTI3_IRQHandler  stm32f4xx_it.o
    0x08001022   0x08001022   0x00000002   PAD
    0x08001024   0x08001024   0x0000000a   Code   RO          157    .text.EXTI4_IRQHandler  stm32f4xx_it.o
    0x0800102e   0x0800102e   0x00000002   PAD
    0x08001030   0x08001030   0x0000001e   Code   RO          161    .text.EXTI9_5_IRQHandler  stm32f4xx_it.o
    0x0800104e   0x0800104e   0x00000002   PAD
    0x08001050   0x08001050   0x00000060   Code   RO         2420    .text.Encoder_GetAngle  encoder.o
    0x080010b0   0x080010b0   0x000000a6   Code   RO         2410    .text.Encoder_GetPulseCount  encoder.o
    0x08001156   0x08001156   0x00000002   PAD
    0x08001158   0x08001158   0x00000020   Code   RO         2416    .text.Encoder_GetSpeed  encoder.o
    0x08001178   0x08001178   0x00000020   Code   RO         2418    .text.Encoder_GetSpeedMs  encoder.o
    0x08001198   0x08001198   0x00000074   Code   RO         2400    .text.Encoder_Init  encoder.o
    0x0800120c   0x0800120c   0x0000018c   Code   RO         2422    .text.Encoder_On1kHzTick  encoder.o
    0x08001398   0x08001398   0x0000001a   Code   RO         2402    .text.Encoder_SetPulsePerMeter  encoder.o
    0x080013b2   0x080013b2   0x00000002   PAD
    0x080013b4   0x080013b4   0x00000036   Code   RO         2404    .text.Encoder_Start  encoder.o
    0x080013ea   0x080013ea   0x00000002   PAD
    0x080013ec   0x080013ec   0x00000006   Code   RO           15    .text.Error_Handler  main.o
    0x080013f2   0x080013f2   0x00000002   PAD
    0x080013f4   0x080013f4   0x0000005c   Code   RO          225    .text.Get_SerialNum  usbd_desc.o
    0x08001450   0x08001450   0x00000040   Code   RO         1312    .text.HAL_CRC_Init  stm32f4xx_hal_crc.o
    0x08001490   0x08001490   0x0000003e   Code   RO           62    .text.HAL_CRC_MspInit  crc.o
    0x080014ce   0x080014ce   0x00000002   PAD
    0x080014d0   0x080014d0   0x000000ec   Code   RO         1062    .text.HAL_DMA_Abort  stm32f4xx_hal_dma.o
    0x080015bc   0x080015bc   0x00000044   Code   RO         1064    .text.HAL_DMA_Abort_IT  stm32f4xx_hal_dma.o
    0x08001600   0x08001600   0x0000031e   Code   RO         1068    .text.HAL_DMA_IRQHandler  stm32f4xx_hal_dma.o
    0x0800191e   0x0800191e   0x00000002   PAD
    0x08001920   0x08001920   0x0000016e   Code   RO         1048    .text.HAL_DMA_Init  stm32f4xx_hal_dma.o
    0x08001a8e   0x08001a8e   0x00000002   PAD
    0x08001a90   0x08001a90   0x000000c2   Code   RO         1060    .text.HAL_DMA_Start_IT  stm32f4xx_hal_dma.o
    0x08001b52   0x08001b52   0x00000002   PAD
    0x08001b54   0x08001b54   0x00000042   Code   RO         1243    .text.HAL_Delay     stm32f4xx_hal.o
    0x08001b96   0x08001b96   0x00000002   PAD
    0x08001b98   0x08001b98   0x000000a0   Code   RO           27    .text.HAL_GPIO_EXTI_Callback  gpio.o
    0x08001c38   0x08001c38   0x00000038   Code   RO         1022    .text.HAL_GPIO_EXTI_IRQHandler  stm32f4xx_hal_gpio.o
    0x08001c70   0x08001c70   0x000003b6   Code   RO         1010    .text.HAL_GPIO_Init  stm32f4xx_hal_gpio.o
    0x08002026   0x08002026   0x00000002   PAD
    0x08002028   0x08002028   0x0000002e   Code   RO         1014    .text.HAL_GPIO_ReadPin  stm32f4xx_hal_gpio.o
    0x08002056   0x08002056   0x00000002   PAD
    0x08002058   0x08002058   0x0000002e   Code   RO         1016    .text.HAL_GPIO_WritePin  stm32f4xx_hal_gpio.o
    0x08002086   0x08002086   0x00000002   PAD
    0x08002088   0x08002088   0x0000000c   Code   RO         1235    .text.HAL_GetTick   stm32f4xx_hal.o
    0x08002094   0x08002094   0x0000001a   Code   RO         1233    .text.HAL_IncTick   stm32f4xx_hal.o
    0x080020ae   0x080020ae   0x00000002   PAD
    0x080020b0   0x080020b0   0x00000036   Code   RO         1223    .text.HAL_Init      stm32f4xx_hal.o
    0x080020e6   0x080020e6   0x00000002   PAD
    0x080020e8   0x080020e8   0x000000f0   Code   RO          188    .text.HAL_InitTick  stm32f4xx_hal_timebase_tim.o
    0x080021d8   0x080021d8   0x00000058   Code   RO          180    .text.HAL_MspInit   stm32f4xx_hal_msp.o
    0x08002230   0x08002230   0x00000014   Code   RO         1158    .text.HAL_NVIC_EnableIRQ  stm32f4xx_hal_cortex.o
    0x08002244   0x08002244   0x00000032   Code   RO         1150    .text.HAL_NVIC_SetPriority  stm32f4xx_hal_cortex.o
    0x08002276   0x08002276   0x00000002   PAD
    0x08002278   0x08002278   0x00000010   Code   RO         1146    .text.HAL_NVIC_SetPriorityGrouping  stm32f4xx_hal_cortex.o
    0x08002288   0x08002288   0x0000000c   Code   RO          758    .text.HAL_PCDEx_LPM_Callback  stm32f4xx_hal_pcd_ex.o
    0x08002294   0x08002294   0x00000018   Code   RO          756    .text.HAL_PCDEx_SetRxFiFo  stm32f4xx_hal_pcd_ex.o
    0x080022ac   0x080022ac   0x0000009c   Code   RO          754    .text.HAL_PCDEx_SetTxFiFo  stm32f4xx_hal_pcd_ex.o
    0x08002348   0x08002348   0x00000014   Code   RO          286    .text.HAL_PCD_ConnectCallback  usbd_conf.o
    0x0800235c   0x0800235c   0x00000026   Code   RO          272    .text.HAL_PCD_DataInStageCallback  usbd_conf.o
    0x08002382   0x08002382   0x00000002   PAD
    0x08002384   0x08002384   0x00000028   Code   RO          270    .text.HAL_PCD_DataOutStageCallback  usbd_conf.o
    0x080023ac   0x080023ac   0x00000014   Code   RO          288    .text.HAL_PCD_DisconnectCallback  usbd_conf.o
    0x080023c0   0x080023c0   0x0000005e   Code   RO          705    .text.HAL_PCD_EP_Abort  stm32f4xx_hal_pcd.o
    0x0800241e   0x0800241e   0x00000002   PAD
    0x08002420   0x08002420   0x000000a8   Code   RO          725    .text.HAL_PCD_EP_Close  stm32f4xx_hal_pcd.o
    0x080024c8   0x080024c8   0x000000c8   Code   RO          735    .text.HAL_PCD_EP_ClrStall  stm32f4xx_hal_pcd.o
    0x08002590   0x08002590   0x00000022   Code   RO          729    .text.HAL_PCD_EP_GetRxCount  stm32f4xx_hal_pcd.o
    0x080025b2   0x080025b2   0x00000002   PAD
    0x080025b4   0x080025b4   0x000000ee   Code   RO          723    .text.HAL_PCD_EP_Open  stm32f4xx_hal_pcd.o
    0x080026a2   0x080026a2   0x00000002   PAD
    0x080026a4   0x080026a4   0x0000006c   Code   RO          727    .text.HAL_PCD_EP_Receive  stm32f4xx_hal_pcd.o
    0x08002710   0x08002710   0x000000de   Code   RO          733    .text.HAL_PCD_EP_SetStall  stm32f4xx_hal_pcd.o
    0x080027ee   0x080027ee   0x00000002   PAD
    0x080027f0   0x080027f0   0x0000006c   Code   RO          731    .text.HAL_PCD_EP_Transmit  stm32f4xx_hal_pcd.o
    0x0800285c   0x0800285c   0x0000083a   Code   RO          683    .text.HAL_PCD_IRQHandler  stm32f4xx_hal_pcd.o
    0x08003096   0x08003096   0x00000002   PAD
    0x08003098   0x08003098   0x0000001c   Code   RO          284    .text.HAL_PCD_ISOINIncompleteCallback  usbd_conf.o
    0x080030b4   0x080030b4   0x0000001c   Code   RO          282    .text.HAL_PCD_ISOOUTIncompleteCallback  usbd_conf.o
    0x080030d0   0x080030d0   0x00000242   Code   RO          671    .text.HAL_PCD_Init  stm32f4xx_hal_pcd.o
    0x08003312   0x08003312   0x00000002   PAD
    0x08003314   0x08003314   0x000000e2   Code   RO          264    .text.HAL_PCD_MspInit  usbd_conf.o
    0x080033f6   0x080033f6   0x00000002   PAD
    0x080033f8   0x080033f8   0x00000052   Code   RO          276    .text.HAL_PCD_ResetCallback  usbd_conf.o
    0x0800344a   0x0800344a   0x00000002   PAD
    0x0800344c   0x0800344c   0x00000014   Code   RO          280    .text.HAL_PCD_ResumeCallback  usbd_conf.o
    0x08003460   0x08003460   0x00000014   Code   RO          274    .text.HAL_PCD_SOFCallback  usbd_conf.o
    0x08003474   0x08003474   0x0000005c   Code   RO          721    .text.HAL_PCD_SetAddress  stm32f4xx_hal_pcd.o
    0x080034d0   0x080034d0   0x00000018   Code   RO          268    .text.HAL_PCD_SetupStageCallback  usbd_conf.o
    0x080034e8   0x080034e8   0x0000007c   Code   RO          679    .text.HAL_PCD_Start  stm32f4xx_hal_pcd.o
    0x08003564   0x08003564   0x0000003e   Code   RO          278    .text.HAL_PCD_SuspendCallback  usbd_conf.o
    0x080035a2   0x080035a2   0x00000002   PAD
    0x080035a4   0x080035a4   0x00000262   Code   RO          878    .text.HAL_RCC_ClockConfig  stm32f4xx_hal_rcc.o
    0x08003806   0x08003806   0x00000002   PAD
    0x08003808   0x08003808   0x00000054   Code   RO          896    .text.HAL_RCC_GetClockConfig  stm32f4xx_hal_rcc.o
    0x0800385c   0x0800385c   0x0000000c   Code   RO          888    .text.HAL_RCC_GetHCLKFreq  stm32f4xx_hal_rcc.o
    0x08003868   0x08003868   0x00000022   Code   RO          890    .text.HAL_RCC_GetPCLK1Freq  stm32f4xx_hal_rcc.o
    0x0800388a   0x0800388a   0x00000002   PAD
    0x0800388c   0x0800388c   0x00000022   Code   RO          892    .text.HAL_RCC_GetPCLK2Freq  stm32f4xx_hal_rcc.o
    0x080038ae   0x080038ae   0x00000002   PAD
    0x080038b0   0x080038b0   0x000000e6   Code   RO          880    .text.HAL_RCC_GetSysClockFreq  stm32f4xx_hal_rcc.o
    0x08003996   0x08003996   0x00000002   PAD
    0x08003998   0x08003998   0x000006be   Code   RO          876    .text.HAL_RCC_OscConfig  stm32f4xx_hal_rcc.o
    0x08004056   0x08004056   0x00000002   PAD
    0x08004058   0x08004058   0x00000008   Code   RO          658    .text.HAL_TIMEx_BreakCallback  stm32f4xx_hal_tim_ex.o
    0x08004060   0x08004060   0x00000008   Code   RO          654    .text.HAL_TIMEx_CommutCallback  stm32f4xx_hal_tim_ex.o
    0x08004068   0x08004068   0x00000122   Code   RO          648    .text.HAL_TIMEx_MasterConfigSynchronization  stm32f4xx_hal_tim_ex.o
    0x0800418a   0x0800418a   0x00000002   PAD
    0x0800418c   0x0800418c   0x0000009c   Code   RO          335    .text.HAL_TIM_Base_Init  stm32f4xx_hal_tim.o
    0x08004228   0x08004228   0x000000fa   Code   RO          100    .text.HAL_TIM_Base_MspInit  tim.o
    0x08004322   0x08004322   0x00000002   PAD
    0x08004324   0x08004324   0x000000f6   Code   RO          349    .text.HAL_TIM_Base_Start_IT  stm32f4xx_hal_tim.o
    0x0800441a   0x0800441a   0x00000002   PAD
    0x0800441c   0x0800441c   0x00000184   Code   RO          527    .text.HAL_TIM_ConfigClockSource  stm32f4xx_hal_tim.o
    0x080045a0   0x080045a0   0x00000130   Code   RO          449    .text.HAL_TIM_Encoder_Init  stm32f4xx_hal_tim.o
    0x080046d0   0x080046d0   0x000001c4   Code   RO           98    .text.HAL_TIM_Encoder_MspInit  tim.o
    0x08004894   0x08004894   0x0000014e   Code   RO          457    .text.HAL_TIM_Encoder_Start  stm32f4xx_hal_tim.o
    0x080049e2   0x080049e2   0x00000002   PAD
    0x080049e4   0x080049e4   0x00000008   Code   RO          471    .text.HAL_TIM_IC_CaptureCallback  stm32f4xx_hal_tim.o
    0x080049ec   0x080049ec   0x0000021a   Code   RO          469    .text.HAL_TIM_IRQHandler  stm32f4xx_hal_tim.o
    0x08004c06   0x08004c06   0x00000002   PAD
    0x08004c08   0x08004c08   0x00000162   Code   RO           88    .text.HAL_TIM_MspPostInit  tim.o
    0x08004d6a   0x08004d6a   0x00000002   PAD
    0x08004d6c   0x08004d6c   0x00000008   Code   RO          473    .text.HAL_TIM_OC_DelayElapsedCallback  stm32f4xx_hal_tim.o
    0x08004d74   0x08004d74   0x00000142   Code   RO          501    .text.HAL_TIM_PWM_ConfigChannel  stm32f4xx_hal_tim.o
    0x08004eb6   0x08004eb6   0x00000002   PAD
    0x08004eb8   0x08004eb8   0x0000009c   Code   RO          389    .text.HAL_TIM_PWM_Init  stm32f4xx_hal_tim.o
    0x08004f54   0x08004f54   0x00000008   Code   RO          391    .text.HAL_TIM_PWM_MspInit  stm32f4xx_hal_tim.o
    0x08004f5c   0x08004f5c   0x00000008   Code   RO          475    .text.HAL_TIM_PWM_PulseFinishedCallback  stm32f4xx_hal_tim.o
    0x08004f64   0x08004f64   0x000001ca   Code   RO          397    .text.HAL_TIM_PWM_Start  stm32f4xx_hal_tim.o
    0x0800512e   0x0800512e   0x00000002   PAD
    0x08005130   0x08005130   0x00000072   Code   RO           17    .text.HAL_TIM_PeriodElapsedCallback  main.o
    0x080051a2   0x080051a2   0x00000002   PAD
    0x080051a4   0x080051a4   0x00000008   Code   RO          479    .text.HAL_TIM_TriggerCallback  stm32f4xx_hal_tim.o
    0x080051ac   0x080051ac   0x000000b8   Code   RO         1387    .text.HAL_UARTEx_ReceiveToIdle_DMA  stm32f4xx_hal_uart.o
    0x08005264   0x08005264   0x00000050   Code   RO         2809    .text.HAL_UARTEx_RxEventCallback  imu_task.o
    0x080052b4   0x080052b4   0x00000008   Code   RO         1423    .text.HAL_UART_ErrorCallback  stm32f4xx_hal_uart.o
    0x080052bc   0x080052bc   0x0000045c   Code   RO         1417    .text.HAL_UART_IRQHandler  stm32f4xx_hal_uart.o
    0x08005718   0x08005718   0x0000009e   Code   RO         1333    .text.HAL_UART_Init  stm32f4xx_hal_uart.o
    0x080057b6   0x080057b6   0x00000002   PAD
    0x080057b8   0x080057b8   0x000001f6   Code   RO          126    .text.HAL_UART_MspInit  usart.o
    0x080059ae   0x080059ae   0x00000002   PAD
    0x080059b0   0x080059b0   0x00000008   Code   RO         1435    .text.HAL_UART_RxCpltCallback  stm32f4xx_hal_uart.o
    0x080059b8   0x080059b8   0x00000008   Code   RO         1437    .text.HAL_UART_RxHalfCpltCallback  stm32f4xx_hal_uart.o
    0x080059c0   0x080059c0   0x00000008   Code   RO         1431    .text.HAL_UART_TxCpltCallback  stm32f4xx_hal_uart.o
    0x080059c8   0x080059c8   0x00000004   Code   RO          143    .text.HardFault_Handler  stm32f4xx_it.o
    0x080059cc   0x080059cc   0x0000004e   Code   RO         2815    .text.IMUTask_GetAccel  imu_task.o
    0x08005a1a   0x08005a1a   0x00000002   PAD
    0x08005a1c   0x08005a1c   0x0000004e   Code   RO         2811    .text.IMUTask_GetEuler  imu_task.o
    0x08005a6a   0x08005a6a   0x00000002   PAD
    0x08005a6c   0x08005a6c   0x0000004e   Code   RO         2813    .text.IMUTask_GetGyro  imu_task.o
    0x08005aba   0x08005aba   0x00000002   PAD
    0x08005abc   0x08005abc   0x00000030   Code   RO         2817    .text.IMUTask_Run   imu_task.o
    0x08005aec   0x08005aec   0x00000116   Code   RO         2652    .text.IRHoming_Align  ir_homing.o
    0x08005c02   0x08005c02   0x00000002   PAD
    0x08005c04   0x08005c04   0x000001b8   Code   RO         2650    .text.IRHoming_Approach  ir_homing.o
    0x08005dbc   0x08005dbc   0x00000082   Code   RO         2646    .text.IRHoming_CheckSignalTimeout  ir_homing.o
    0x08005e3e   0x08005e3e   0x00000002   PAD
    0x08005e40   0x08005e40   0x0000004c   Code   RO         2644    .text.IRHoming_CheckTimeout  ir_homing.o
    0x08005e8c   0x08005e8c   0x00000090   Code   RO         2654    .text.IRHoming_Dock  ir_homing.o
    0x08005f1c   0x08005f1c   0x00000024   Code   RO         2656    .text.IRHoming_GetState  ir_homing.o
    0x08005f40   0x08005f40   0x0000003a   Code   RO         2630    .text.IRHoming_Init  ir_homing.o
    0x08005f7a   0x08005f7a   0x00000002   PAD
    0x08005f7c   0x08005f7c   0x0000009c   Code   RO         2640    .text.IRHoming_IsAligned  ir_homing.o
    0x08006018   0x08006018   0x0000002c   Code   RO         2658    .text.IRHoming_IsDocked  ir_homing.o
    0x08006044   0x08006044   0x000000ec   Code   RO         2642    .text.IRHoming_Process  ir_homing.o
    0x08006130   0x08006130   0x00000064   Code   RO         2634    .text.IRHoming_Reset  ir_homing.o
    0x08006194   0x08006194   0x0000008a   Code   RO         2648    .text.IRHoming_Search  ir_homing.o
    0x0800621e   0x0800621e   0x00000002   PAD
    0x08006220   0x08006220   0x00000056   Code   RO         2632    .text.IRHoming_Start  ir_homing.o
    0x08006276   0x08006276   0x00000002   PAD
    0x08006278   0x08006278   0x00000030   Code   RO         2636    .text.IRHoming_Stop  ir_homing.o
    0x080062a8   0x080062a8   0x00000036   Code   RO         2664    .text.IRHoming_UpdateBumperState  ir_homing.o
    0x080062de   0x080062de   0x00000002   PAD
    0x080062e0   0x080062e0   0x0000008c   Code   RO         2638    .text.IRHoming_UpdateReceiver  ir_homing.o
    0x0800636c   0x0800636c   0x00000024   Code   RO         2546    .text.IR_Sensor_Enable  ir_sensor.o
    0x08006390   0x08006390   0x0000004e   Code   RO         2544    .text.IR_Sensor_Init  ir_sensor.o
    0x080063de   0x080063de   0x00000002   PAD
    0x080063e0   0x080063e0   0x0000007a   Code   RO          227    .text.IntToUnicode  usbd_desc.o
    0x0800645a   0x0800645a   0x00000002   PAD
    0x0800645c   0x0800645c   0x0000004a   Code   RO         2452    .text.LED_Init      led.o
    0x080064a6   0x080064a6   0x00000002   PAD
    0x080064a8   0x080064a8   0x00000030   Code   RO         2456    .text.LED_Off       led.o
    0x080064d8   0x080064d8   0x00000030   Code   RO         2454    .text.LED_On        led.o
    0x08006508   0x08006508   0x00000024   Code   RO           60    .text.MX_CRC_Init   crc.o
    0x0800652c   0x0800652c   0x0000003c   Code   RO           74    .text.MX_DMA_Init   dma.o
    0x08006568   0x08006568   0x000000c4   Code   RO           38    .text.MX_FREERTOS_Init  freertos.o
    0x0800662c   0x0800662c   0x000002bc   Code   RO           29    .text.MX_GPIO_Init  gpio.o
    0x080068e8   0x080068e8   0x00000090   Code   RO           96    .text.MX_TIM10_Init  tim.o
    0x08006978   0x08006978   0x00000080   Code   RO           82    .text.MX_TIM1_Init  tim.o
    0x080069f8   0x080069f8   0x0000007a   Code   RO           84    .text.MX_TIM2_Init  tim.o
    0x08006a72   0x08006a72   0x00000002   PAD
    0x08006a74   0x08006a74   0x00000126   Code   RO           86    .text.MX_TIM3_Init  tim.o
    0x08006b9a   0x08006b9a   0x00000002   PAD
    0x08006b9c   0x08006b9c   0x00000126   Code   RO           90    .text.MX_TIM4_Init  tim.o
    0x08006cc2   0x08006cc2   0x00000002   PAD
    0x08006cc4   0x08006cc4   0x0000007c   Code   RO           92    .text.MX_TIM5_Init  tim.o
    0x08006d40   0x08006d40   0x0000005c   Code   RO           94    .text.MX_TIM7_Init  tim.o
    0x08006d9c   0x08006d9c   0x00000040   Code   RO          120    .text.MX_UART4_Init  usart.o
    0x08006ddc   0x08006ddc   0x00000040   Code   RO          122    .text.MX_USART1_UART_Init  usart.o
    0x08006e1c   0x08006e1c   0x00000040   Code   RO          124    .text.MX_USART3_UART_Init  usart.o
    0x08006e5c   0x08006e5c   0x00000076   Code   RO          202    .text.MX_USB_DEVICE_Init  usb_device.o
    0x08006ed2   0x08006ed2   0x00000002   PAD
    0x08006ed4   0x08006ed4   0x00000004   Code   RO          145    .text.MemManage_Handler  stm32f4xx_it.o
    0x08006ed8   0x08006ed8   0x000000de   Code   RO         2682    .text.MotorCtrlTask_BrushMotorControl  motor_ctrl_task.o
    0x08006fb6   0x08006fb6   0x00000002   PAD
    0x08006fb8   0x08006fb8   0x000000f8   Code   RO         2686    .text.MotorCtrlTask_FanMotorControl  motor_ctrl_task.o
    0x080070b0   0x080070b0   0x0000002a   Code   RO         2674    .text.MotorCtrlTask_Init  motor_ctrl_task.o
    0x080070da   0x080070da   0x00000002   PAD
    0x080070dc   0x080070dc   0x00000090   Code   RO         2684    .text.MotorCtrlTask_PumpMotorControl  motor_ctrl_task.o
    0x0800716c   0x0800716c   0x00000028   Code   RO         2676    .text.MotorCtrlTask_Run  motor_ctrl_task.o
    0x08007194   0x08007194   0x00000022   Code   RO         2690    .text.MotorCtrlTask_SetBrushMotor  motor_ctrl_task.o
    0x080071b6   0x080071b6   0x00000002   PAD
    0x080071b8   0x080071b8   0x00000018   Code   RO         2694    .text.MotorCtrlTask_SetFanMotor  motor_ctrl_task.o
    0x080071d0   0x080071d0   0x00000018   Code   RO         2692    .text.MotorCtrlTask_SetPumpMotor  motor_ctrl_task.o
    0x080071e8   0x080071e8   0x00000022   Code   RO         2688    .text.MotorCtrlTask_SetWheelSpeed  motor_ctrl_task.o
    0x0800720a   0x0800720a   0x00000002   PAD
    0x0800720c   0x0800720c   0x00000082   Code   RO         2678    .text.MotorCtrlTask_UpdateLED2  motor_ctrl_task.o
    0x0800728e   0x0800728e   0x00000002   PAD
    0x08007290   0x08007290   0x000002c8   Code   RO         2680    .text.MotorCtrlTask_WheelMotorControl  motor_ctrl_task.o
    0x08007558   0x08007558   0x0000001a   Code   RO         2487    .text.Motor_Enable  motor.o
    0x08007572   0x08007572   0x00000002   PAD
    0x08007574   0x08007574   0x00000098   Code   RO         2471    .text.Motor_Init    motor.o
    0x0800760c   0x0800760c   0x0000012e   Code   RO         2473    .text.Motor_InitDualPWM  motor.o
    0x0800773a   0x0800773a   0x00000002   PAD
    0x0800773c   0x0800773c   0x00000176   Code   RO         2499    .text.Motor_Private_Brake  motor.o
    0x080078b2   0x080078b2   0x00000002   PAD
    0x080078b4   0x080078b4   0x00000024   Code   RO         2501    .text.Motor_Private_GetSpeed  motor.o
    0x080078d8   0x080078d8   0x00000024   Code   RO         2503    .text.Motor_Private_GetState  motor.o
    0x080078fc   0x080078fc   0x0000001e   Code   RO         2495    .text.Motor_Private_SetDirection  motor.o
    0x0800791a   0x0800791a   0x00000002   PAD
    0x0800791c   0x0800791c   0x0000055c   Code   RO         2493    .text.Motor_Private_SetSpeed  motor.o
    0x08007e78   0x08007e78   0x00000152   Code   RO         2497    .text.Motor_Private_Stop  motor.o
    0x08007fca   0x08007fca   0x00000002   PAD
    0x08007fcc   0x08007fcc   0x00000034   Code   RO         2477    .text.Motor_SetDirection  motor.o
    0x08008000   0x08008000   0x00000034   Code   RO         2475    .text.Motor_SetSpeed  motor.o
    0x08008034   0x08008034   0x0000002c   Code   RO         2479    .text.Motor_Stop    motor.o
    0x08008060   0x08008060   0x00000034   Code   RO         2858    .text.NEC_Decoder_GetData  nec_decode.o
    0x08008094   0x08008094   0x00000032   Code   RO         2852    .text.NEC_Decoder_Init  nec_decode.o
    0x080080c6   0x080080c6   0x00000002   PAD
    0x080080c8   0x080080c8   0x00000028   Code   RO         2860    .text.NEC_Decoder_IsDataReady  nec_decode.o
    0x080080f0   0x080080f0   0x000001ca   Code   RO         2856    .text.NEC_Decoder_ProcessEdge  nec_decode.o
    0x080082ba   0x080082ba   0x00000002   PAD
    0x080082bc   0x080082bc   0x00000004   Code   RO          141    .text.NMI_Handler   stm32f4xx_it.o
    0x080082c0   0x080082c0   0x0000006c   Code   RO         1156    .text.NVIC_EncodePriority  stm32f4xx_hal_cortex.o
    0x0800832c   0x0800832c   0x00000010   Code   RO          171    .text.OTG_FS_IRQHandler  stm32f4xx_it.o
    0x0800833c   0x0800833c   0x0000008a   Code   RO          687    .text.PCD_EP_OutSetupPacket_int  stm32f4xx_hal_pcd.o
    0x080083c6   0x080083c6   0x00000002   PAD
    0x080083c8   0x080083c8   0x000001c8   Code   RO          685    .text.PCD_EP_OutXfrComplete_int  stm32f4xx_hal_pcd.o
    0x08008590   0x08008590   0x00000132   Code   RO          695    .text.PCD_WriteEmptyTxFifo  stm32f4xx_hal_pcd.o
    0x080086c2   0x080086c2   0x00000002   PAD
    0x080086c4   0x080086c4   0x00000204   Code   RO         2525    .text.PID_Compute   pid_controller.o
    0x080088c8   0x080088c8   0x00000088   Code   RO         2515    .text.PID_Init      pid_controller.o
    0x08008950   0x08008950   0x00000026   Code   RO         2521    .text.PID_SetOutputLimit  pid_controller.o
    0x08008976   0x08008976   0x00000002   PAD
    0x08008978   0x08008978   0x0000001c   Code   RO         2517    .text.PID_SetTarget  pid_controller.o
    0x08008994   0x08008994   0x0000000c   PAD
    0x080089a0   0x080089a0   0x00000064   Code   RO         2289    .text.PendSV_Handler  port.o
    0x08008a04   0x08008a04   0x00000018   Code   RO         2568    .text.PhotoGate_Enable  photo_gate.o
    0x08008a1c   0x08008a1c   0x00000046   Code   RO         2566    .text.PhotoGate_Init  photo_gate.o
    0x08008a62   0x08008a62   0x00000002   PAD
    0x08008a64   0x08008a64   0x0000002a   Code   RO         2576    .text.PhotoGate_IsBlocked  photo_gate.o
    0x08008a8e   0x08008a8e   0x00000002   PAD
    0x08008a90   0x08008a90   0x0000006c   Code   RO         2880    .text.RingBuffer_Get  ring_buffer.o
    0x08008afc   0x08008afc   0x0000001e   Code   RO         2884    .text.RingBuffer_GetCount  ring_buffer.o
    0x08008b1a   0x08008b1a   0x00000002   PAD
    0x08008b1c   0x08008b1c   0x00000064   Code   RO         2890    .text.RingBuffer_GetData  ring_buffer.o
    0x08008b80   0x08008b80   0x0000003c   Code   RO         2870    .text.RingBuffer_Init  ring_buffer.o
    0x08008bbc   0x08008bbc   0x0000002a   Code   RO         2882    .text.RingBuffer_IsEmpty  ring_buffer.o
    0x08008be6   0x08008be6   0x00000002   PAD
    0x08008be8   0x08008be8   0x0000002e   Code   RO         2876    .text.RingBuffer_IsFull  ring_buffer.o
    0x08008c16   0x08008c16   0x00000002   PAD
    0x08008c18   0x08008c18   0x00000068   Code   RO         2874    .text.RingBuffer_Put  ring_buffer.o
    0x08008c80   0x08008c80   0x00000064   Code   RO         2888    .text.RingBuffer_PutData  ring_buffer.o
    0x08008ce4   0x08008ce4   0x00000072   Code   RO         2878    .text.RingBuffer_PutFront  ring_buffer.o
    0x08008d56   0x08008d56   0x00000002   PAD
    0x08008d58   0x08008d58   0x00000020   Code   RO         2872    .text.RingBuffer_Reset  ring_buffer.o
    0x08008d78   0x08008d78   0x00000008   PAD
    0x08008d80   0x08008d80   0x00000024   Code   RO         2273    .text.SVC_Handler   port.o
    0x08008da4   0x08008da4   0x0000000e   Code   RO         2069    .text.SVC_Setup     cmsis_os2.o
    0x08008db2   0x08008db2   0x00000002   PAD
    0x08008db4   0x08008db4   0x00000036   Code   RO         1557    .text.SWAPBYTE      usbd_ctlreq.o
    0x08008dea   0x08008dea   0x00000002   PAD
    0x08008dec   0x08008dec   0x000001aa   Code   RO         2609    .text.SensorManager_CheckButtonDebounce  sensor_manager.o
    0x08008f96   0x08008f96   0x00000002   PAD
    0x08008f98   0x08008f98   0x0000005c   Code   RO         2617    .text.SensorManager_GetEvent  sensor_manager.o
    0x08008ff4   0x08008ff4   0x0000000a   Code   RO         2619    .text.SensorManager_GetInstance  sensor_manager.o
    0x08008ffe   0x08008ffe   0x00000002   PAD
    0x08009000   0x08009000   0x00000042   Code   RO         2605    .text.SensorManager_IRQHandler_Button1  sensor_manager.o
    0x08009042   0x08009042   0x00000002   PAD
    0x08009044   0x08009044   0x00000044   Code   RO         2607    .text.SensorManager_IRQHandler_Button2  sensor_manager.o
    0x08009088   0x08009088   0x000000be   Code   RO         2597    .text.SensorManager_IRQHandler_IR_FrontLeft  sensor_manager.o
    0x08009146   0x08009146   0x00000002   PAD
    0x08009148   0x08009148   0x000000ba   Code   RO         2599    .text.SensorManager_IRQHandler_IR_FrontRight  sensor_manager.o
    0x08009202   0x08009202   0x00000002   PAD
    0x08009204   0x08009204   0x000000bc   Code   RO         2593    .text.SensorManager_IRQHandler_IR_Left  sensor_manager.o
    0x080092c0   0x080092c0   0x000000bc   Code   RO         2595    .text.SensorManager_IRQHandler_IR_Right  sensor_manager.o
    0x0800937c   0x0800937c   0x00000070   Code   RO         2601    .text.SensorManager_IRQHandler_PhotoGate_Left  sensor_manager.o
    0x080093ec   0x080093ec   0x00000070   Code   RO         2603    .text.SensorManager_IRQHandler_PhotoGate_Right  sensor_manager.o
    0x0800945c   0x0800945c   0x0000007c   Code   RO         2615    .text.SensorManager_IRQHandler_UnderCenter  sensor_manager.o
    0x080094d8   0x080094d8   0x0000007e   Code   RO         2611    .text.SensorManager_IRQHandler_UnderLeft  sensor_manager.o
    0x08009556   0x08009556   0x00000002   PAD
    0x08009558   0x08009558   0x0000007a   Code   RO         2613    .text.SensorManager_IRQHandler_UnderRight  sensor_manager.o
    0x080095d2   0x080095d2   0x00000002   PAD
    0x080095d4   0x080095d4   0x000000de   Code   RO         2587    .text.SensorManager_Init  sensor_manager.o
    0x080096b2   0x080096b2   0x00000002   PAD
    0x080096b4   0x080096b4   0x0000001a   Code   RO         2589    .text.SensorManager_Start  sensor_manager.o
    0x080096ce   0x080096ce   0x00000002   PAD
    0x080096d0   0x080096d0   0x00000086   Code   RO         2721    .text.SensorTask_CheckButtonTimeout  sensor_task.o
    0x08009756   0x08009756   0x00000002   PAD
    0x08009758   0x08009758   0x000000c2   Code   RO         2727    .text.SensorTask_HandleButton1Event  sensor_task.o
    0x0800981a   0x0800981a   0x00000002   PAD
    0x0800981c   0x0800981c   0x000000c2   Code   RO         2729    .text.SensorTask_HandleButton2Event  sensor_task.o
    0x080098de   0x080098de   0x00000002   PAD
    0x080098e0   0x080098e0   0x000000e8   Code   RO         2723    .text.SensorTask_HandleIREvent  sensor_task.o
    0x080099c8   0x080099c8   0x000000b2   Code   RO         2719    .text.SensorTask_HandleLEDBlink  sensor_task.o
    0x08009a7a   0x08009a7a   0x00000002   PAD
    0x08009a7c   0x08009a7c   0x000000b0   Code   RO         2725    .text.SensorTask_HandlePhotoGateEvent  sensor_task.o
    0x08009b2c   0x08009b2c   0x0000010c   Code   RO         2731    .text.SensorTask_HandleUnderSensorEvent  sensor_task.o
    0x08009c38   0x08009c38   0x00000032   Code   RO         2715    .text.SensorTask_Init  sensor_task.o
    0x08009c6a   0x08009c6a   0x00000002   PAD
    0x08009c6c   0x08009c6c   0x0000011a   Code   RO         2717    .text.SensorTask_Run  sensor_task.o
    0x08009d86   0x08009d86   0x00000002   PAD
    0x08009d88   0x08009d88   0x00000048   Code   RO         2733    .text.SensorTask_StartLEDBlink  sensor_task.o
    0x08009dd0   0x08009dd0   0x00000016   Code   RO           40    .text.StartDefaultTask  freertos.o
    0x08009de6   0x08009de6   0x00000002   PAD
    0x08009de8   0x08009de8   0x0000001e   Code   RO         2059    .text.SysTick_Handler  cmsis_os2.o
    0x08009e06   0x08009e06   0x00000002   PAD
    0x08009e08   0x08009e08   0x000000b8   Code   RO           13    .text.SystemClock_Config  main.o
    0x08009ec0   0x08009ec0   0x00000012   Code   RO         1464    .text.SystemInit    system_stm32f4xx.o
    0x08009ed2   0x08009ed2   0x00000002   PAD
    0x08009ed4   0x08009ed4   0x00000010   Code   RO          167    .text.TIM6_DAC_IRQHandler  stm32f4xx_it.o
    0x08009ee4   0x08009ee4   0x00000010   Code   RO          169    .text.TIM7_IRQHandler  stm32f4xx_it.o
    0x08009ef4   0x08009ef4   0x000001a4   Code   RO          339    .text.TIM_Base_SetConfig  stm32f4xx_hal_tim.o
    0x0800a098   0x0800a098   0x00000036   Code   RO          373    .text.TIM_CCxChannelCmd  stm32f4xx_hal_tim.o
    0x0800a0ce   0x0800a0ce   0x00000002   PAD
    0x0800a0d0   0x0800a0d0   0x00000034   Code   RO          525    .text.TIM_ETR_SetConfig  stm32f4xx_hal_tim.o
    0x0800a104   0x0800a104   0x0000002a   Code   RO          531    .text.TIM_ITRx_SetConfig  stm32f4xx_hal_tim.o
    0x0800a12e   0x0800a12e   0x00000002   PAD
    0x0800a130   0x0800a130   0x000000ea   Code   RO          483    .text.TIM_OC1_SetConfig  stm32f4xx_hal_tim.o
    0x0800a21a   0x0800a21a   0x00000002   PAD
    0x0800a21c   0x0800a21c   0x000000f4   Code   RO          485    .text.TIM_OC2_SetConfig  stm32f4xx_hal_tim.o
    0x0800a310   0x0800a310   0x000000f2   Code   RO          487    .text.TIM_OC3_SetConfig  stm32f4xx_hal_tim.o
    0x0800a402   0x0800a402   0x00000002   PAD
    0x0800a404   0x0800a404   0x000000a4   Code   RO          489    .text.TIM_OC4_SetConfig  stm32f4xx_hal_tim.o
    0x0800a4a8   0x0800a4a8   0x00000050   Code   RO          529    .text.TIM_TI1_ConfigInputStage  stm32f4xx_hal_tim.o
    0x0800a4f8   0x0800a4f8   0x00000052   Code   RO          533    .text.TIM_TI2_ConfigInputStage  stm32f4xx_hal_tim.o
    0x0800a54a   0x0800a54a   0x00000002   PAD
    0x0800a54c   0x0800a54c   0x0000001c   Code   RO         1421    .text.UART_DMAAbortOnError  stm32f4xx_hal_uart.o
    0x0800a568   0x0800a568   0x0000007c   Code   RO         1367    .text.UART_DMAError  stm32f4xx_hal_uart.o
    0x0800a5e4   0x0800a5e4   0x000000f4   Code   RO         1453    .text.UART_DMAReceiveCplt  stm32f4xx_hal_uart.o
    0x0800a6d8   0x0800a6d8   0x00000034   Code   RO         1455    .text.UART_DMARxHalfCplt  stm32f4xx_hal_uart.o
    0x0800a70c   0x0800a70c   0x00000094   Code   RO         1381    .text.UART_EndRxTransfer  stm32f4xx_hal_uart.o
    0x0800a7a0   0x0800a7a0   0x00000026   Code   RO         1429    .text.UART_EndTransmit_IT  stm32f4xx_hal_uart.o
    0x0800a7c6   0x0800a7c6   0x00000002   PAD
    0x0800a7c8   0x0800a7c8   0x00000036   Code   RO         1379    .text.UART_EndTxTransfer  stm32f4xx_hal_uart.o
    0x0800a7fe   0x0800a7fe   0x00000002   PAD
    0x0800a800   0x0800a800   0x00000168   Code   RO         1419    .text.UART_Receive_IT  stm32f4xx_hal_uart.o
    0x0800a968   0x0800a968   0x0000013a   Code   RO         1337    .text.UART_SetConfig  stm32f4xx_hal_uart.o
    0x0800aaa2   0x0800aaa2   0x00000002   PAD
    0x0800aaa4   0x0800aaa4   0x00000130   Code   RO         1371    .text.UART_Start_Receive_DMA  stm32f4xx_hal_uart.o
    0x0800abd4   0x0800abd4   0x00000094   Code   RO         1427    .text.UART_Transmit_IT  stm32f4xx_hal_uart.o
    0x0800ac68   0x0800ac68   0x00000010   Code   RO          163    .text.USART3_IRQHandler  stm32f4xx_it.o
    0x0800ac78   0x0800ac78   0x000000e2   Code   RO         2775    .text.USBCommTask_ApplyControl  usb_comm_task.o
    0x0800ad5a   0x0800ad5a   0x00000002   PAD
    0x0800ad5c   0x0800ad5c   0x00000032   Code   RO         2767    .text.USBCommTask_DispatchFrame  usb_comm_task.o
    0x0800ad8e   0x0800ad8e   0x00000002   PAD
    0x0800ad90   0x0800ad90   0x0000008c   Code   RO         2787    .text.USBCommTask_GetDockStatus  usb_comm_task.o
    0x0800ae1c   0x0800ae1c   0x0000008e   Code   RO         2761    .text.USBCommTask_HandleConnection  usb_comm_task.o
    0x0800aeaa   0x0800aeaa   0x00000002   PAD
    0x0800aeac   0x0800aeac   0x000000f8   Code   RO         2769    .text.USBCommTask_HandleControlCmd  usb_comm_task.o
    0x0800afa4   0x0800afa4   0x000000b8   Code   RO         2745    .text.USBCommTask_Init  usb_comm_task.o
    0x0800b05c   0x0800b05c   0x000000a0   Code   RO         2779    .text.USBCommTask_NextSeq  usb_comm_task.o
    0x0800b0fc   0x0800b0fc   0x0000025a   Code   RO         2763    .text.USBCommTask_ProcessByte  usb_comm_task.o
    0x0800b356   0x0800b356   0x00000002   PAD
    0x0800b358   0x0800b358   0x0000005c   Code   RO         2753    .text.USBCommTask_ProcessRxStream  usb_comm_task.o
    0x0800b3b4   0x0800b3b4   0x0000001e   Code   RO         2747    .text.USBCommTask_ResetParser  usb_comm_task.o
    0x0800b3d2   0x0800b3d2   0x00000002   PAD
    0x0800b3d4   0x0800b3d4   0x000000cc   Code   RO         2751    .text.USBCommTask_Run  usb_comm_task.o
    0x0800b4a0   0x0800b4a0   0x00000070   Code   RO         2789    .text.USBCommTask_SafeStop  usb_comm_task.o
    0x0800b510   0x0800b510   0x00000032   Code   RO         2771    .text.USBCommTask_SendAck  usb_comm_task.o
    0x0800b542   0x0800b542   0x00000002   PAD
    0x0800b544   0x0800b544   0x0000012e   Code   RO         2777    .text.USBCommTask_SendFrame  usb_comm_task.o
    0x0800b672   0x0800b672   0x00000002   PAD
    0x0800b674   0x0800b674   0x000000d4   Code   RO         2757    .text.USBCommTask_SendImuTelemetry  usb_comm_task.o
    0x0800b748   0x0800b748   0x00000178   Code   RO         2759    .text.USBCommTask_SendSensorTelemetry  usb_comm_task.o
    0x0800b8c0   0x0800b8c0   0x00000098   Code   RO         2755    .text.USBCommTask_SendWheelTelemetry  usb_comm_task.o
    0x0800b958   0x0800b958   0x00000046   Code   RO         2785    .text.USBCommTask_ToBrushLevel  usb_comm_task.o
    0x0800b99e   0x0800b99e   0x00000002   PAD
    0x0800b9a0   0x0800b9a0   0x00000020   Code   RO         2781    .text.USBCommTask_ToFanLevel  usb_comm_task.o
    0x0800b9c0   0x0800b9c0   0x00000058   Code   RO         2783    .text.USBCommTask_ToPumpLevel  usb_comm_task.o
    0x0800ba18   0x0800ba18   0x00000020   Code   RO         2773    .text.USBCommTask_ToWorkMode  usb_comm_task.o
    0x0800ba38   0x0800ba38   0x0000004e   Code   RO         2749    .text.USBCommTask_UpdateLed  usb_comm_task.o
    0x0800ba86   0x0800ba86   0x00000002   PAD
    0x0800ba88   0x0800ba88   0x000000f4   Code   RO         1600    .text.USBD_CDC_DataIn  usbd_cdc.o
    0x0800bb7c   0x0800bb7c   0x00000070   Code   RO         1602    .text.USBD_CDC_DataOut  usbd_cdc.o
    0x0800bbec   0x0800bbec   0x000000f0   Code   RO         1594    .text.USBD_CDC_DeInit  usbd_cdc.o
    0x0800bcdc   0x0800bcdc   0x00000078   Code   RO         1598    .text.USBD_CDC_EP0_RxReady  usbd_cdc.o
    0x0800bd54   0x0800bd54   0x00000016   Code   RO         1610    .text.USBD_CDC_GetDeviceQualifierDescriptor  usbd_cdc.o
    0x0800bd6a   0x0800bd6a   0x00000002   PAD
    0x0800bd6c   0x0800bd6c   0x0000006c   Code   RO         1606    .text.USBD_CDC_GetFSCfgDesc  usbd_cdc.o
    0x0800bdd8   0x0800bdd8   0x00000070   Code   RO         1604    .text.USBD_CDC_GetHSCfgDesc  usbd_cdc.o
    0x0800be48   0x0800be48   0x0000006c   Code   RO         1608    .text.USBD_CDC_GetOtherSpeedCfgDesc  usbd_cdc.o
    0x0800beb4   0x0800beb4   0x00000222   Code   RO         1592    .text.USBD_CDC_Init  usbd_cdc.o
    0x0800c0d6   0x0800c0d6   0x00000002   PAD
    0x0800c0d8   0x0800c0d8   0x0000007e   Code   RO         1620    .text.USBD_CDC_ReceivePacket  usbd_cdc.o
    0x0800c156   0x0800c156   0x00000002   PAD
    0x0800c158   0x0800c158   0x00000034   Code   RO         1612    .text.USBD_CDC_RegisterInterface  usbd_cdc.o
    0x0800c18c   0x0800c18c   0x0000003c   Code   RO         1616    .text.USBD_CDC_SetRxBuffer  usbd_cdc.o
    0x0800c1c8   0x0800c1c8   0x00000046   Code   RO         1614    .text.USBD_CDC_SetTxBuffer  usbd_cdc.o
    0x0800c20e   0x0800c20e   0x00000002   PAD
    0x0800c210   0x0800c210   0x000001cc   Code   RO         1596    .text.USBD_CDC_Setup  usbd_cdc.o
    0x0800c3dc   0x0800c3dc   0x00000088   Code   RO         1618    .text.USBD_CDC_TransmitPacket  usbd_cdc.o
    0x0800c464   0x0800c464   0x00000032   Code   RO         1492    .text.USBD_ClrClassConfig  usbd_core.o
    0x0800c496   0x0800c496   0x00000002   PAD
    0x0800c498   0x0800c498   0x00000040   Code   RO         1547    .text.USBD_ClrFeature  usbd_ctlreq.o
    0x0800c4d8   0x0800c4d8   0x0000000e   Code   RO         1500    .text.USBD_CoreFindEP  usbd_core.o
    0x0800c4e6   0x0800c4e6   0x00000002   PAD
    0x0800c4e8   0x0800c4e8   0x0000000e   Code   RO         1498    .text.USBD_CoreFindIF  usbd_core.o
    0x0800c4f6   0x0800c4f6   0x00000002   PAD
    0x0800c4f8   0x0800c4f8   0x0000001e   Code   RO         1577    .text.USBD_CtlContinueRx  usbd_ioreq.o
    0x0800c516   0x0800c516   0x00000002   PAD
    0x0800c518   0x0800c518   0x0000001e   Code   RO         1573    .text.USBD_CtlContinueSendData  usbd_ioreq.o
    0x0800c536   0x0800c536   0x00000002   PAD
    0x0800c538   0x0800c538   0x0000001c   Code   RO         1549    .text.USBD_CtlError  usbd_ctlreq.o
    0x0800c554   0x0800c554   0x0000003e   Code   RO         1575    .text.USBD_CtlPrepareRx  usbd_ioreq.o
    0x0800c592   0x0800c592   0x00000002   PAD
    0x0800c594   0x0800c594   0x00000022   Code   RO         1581    .text.USBD_CtlReceiveStatus  usbd_ioreq.o
    0x0800c5b6   0x0800c5b6   0x00000002   PAD
    0x0800c5b8   0x0800c5b8   0x00000038   Code   RO         1571    .text.USBD_CtlSendData  usbd_ioreq.o
    0x0800c5f0   0x0800c5f0   0x00000022   Code   RO         1579    .text.USBD_CtlSendStatus  usbd_ioreq.o
    0x0800c612   0x0800c612   0x00000002   PAD
    0x0800c614   0x0800c614   0x0000004e   Code   RO          221    .text.USBD_FS_ConfigStrDescriptor  usbd_desc.o
    0x0800c662   0x0800c662   0x00000002   PAD
    0x0800c664   0x0800c664   0x0000001a   Code   RO          211    .text.USBD_FS_DeviceDescriptor  usbd_desc.o
    0x0800c67e   0x0800c67e   0x00000002   PAD
    0x0800c680   0x0800c680   0x0000004e   Code   RO          223    .text.USBD_FS_InterfaceStrDescriptor  usbd_desc.o
    0x0800c6ce   0x0800c6ce   0x00000002   PAD
    0x0800c6d0   0x0800c6d0   0x0000001a   Code   RO          213    .text.USBD_FS_LangIDStrDescriptor  usbd_desc.o
    0x0800c6ea   0x0800c6ea   0x00000002   PAD
    0x0800c6ec   0x0800c6ec   0x00000028   Code   RO          215    .text.USBD_FS_ManufacturerStrDescriptor  usbd_desc.o
    0x0800c714   0x0800c714   0x0000004e   Code   RO          217    .text.USBD_FS_ProductStrDescriptor  usbd_desc.o
    0x0800c762   0x0800c762   0x00000002   PAD
    0x0800c764   0x0800c764   0x00000020   Code   RO          219    .text.USBD_FS_SerialStrDescriptor  usbd_desc.o
    0x0800c784   0x0800c784   0x00000064   Code   RO         1541    .text.USBD_GetConfig  usbd_ctlreq.o
    0x0800c7e8   0x0800c7e8   0x000002d8   Code   RO         1535    .text.USBD_GetDescriptor  usbd_ctlreq.o
    0x0800cac0   0x0800cac0   0x00000076   Code   RO         1522    .text.USBD_GetEpDesc  usbd_core.o
    0x0800cb36   0x0800cb36   0x00000002   PAD
    0x0800cb38   0x0800cb38   0x00000032   Code   RO         1561    .text.USBD_GetLen   usbd_ctlreq.o
    0x0800cb6a   0x0800cb6a   0x00000002   PAD
    0x0800cb6c   0x0800cb6c   0x00000026   Code   RO         1524    .text.USBD_GetNextDesc  usbd_core.o
    0x0800cb92   0x0800cb92   0x00000002   PAD
    0x0800cb94   0x0800cb94   0x00000062   Code   RO         1543    .text.USBD_GetStatus  usbd_ctlreq.o
    0x0800cbf6   0x0800cbf6   0x00000002   PAD
    0x0800cbf8   0x0800cbf8   0x000000bc   Code   RO         1559    .text.USBD_GetString  usbd_ctlreq.o
    0x0800ccb4   0x0800ccb4   0x00000052   Code   RO          294    .text.USBD_Get_USB_Status  usbd_conf.o
    0x0800cd06   0x0800cd06   0x00000002   PAD
    0x0800cd08   0x0800cd08   0x0000006a   Code   RO         1478    .text.USBD_Init     usbd_core.o
    0x0800cd72   0x0800cd72   0x00000002   PAD
    0x0800cd74   0x0800cd74   0x0000003a   Code   RO          308    .text.USBD_LL_ClearStallEP  usbd_conf.o
    0x0800cdae   0x0800cdae   0x00000002   PAD
    0x0800cdb0   0x0800cdb0   0x0000003a   Code   RO          302    .text.USBD_LL_CloseEP  usbd_conf.o
    0x0800cdea   0x0800cdea   0x00000002   PAD
    0x0800cdec   0x0800cdec   0x0000019a   Code   RO         1502    .text.USBD_LL_DataInStage  usbd_core.o
    0x0800cf86   0x0800cf86   0x00000002   PAD
    0x0800cf88   0x0800cf88   0x000001bc   Code   RO         1496    .text.USBD_LL_DataOutStage  usbd_core.o
    0x0800d144   0x0800d144   0x0000000a   Code   RO         1518    .text.USBD_LL_DevConnected  usbd_core.o
    0x0800d14e   0x0800d14e   0x00000002   PAD
    0x0800d150   0x0800d150   0x00000040   Code   RO         1520    .text.USBD_LL_DevDisconnected  usbd_core.o
    0x0800d190   0x0800d190   0x0000001c   Code   RO          318    .text.USBD_LL_GetRxDataSize  usbd_conf.o
    0x0800d1ac   0x0800d1ac   0x0000007e   Code   RO          290    .text.USBD_LL_Init  usbd_conf.o
    0x0800d22a   0x0800d22a   0x00000002   PAD
    0x0800d22c   0x0800d22c   0x0000005a   Code   RO          310    .text.USBD_LL_IsStallEP  usbd_conf.o
    0x0800d286   0x0800d286   0x00000002   PAD
    0x0800d288   0x0800d288   0x0000006e   Code   RO         1514    .text.USBD_LL_IsoINIncomplete  usbd_core.o
    0x0800d2f6   0x0800d2f6   0x00000002   PAD
    0x0800d2f8   0x0800d2f8   0x0000006e   Code   RO         1516    .text.USBD_LL_IsoOUTIncomplete  usbd_core.o
    0x0800d366   0x0800d366   0x00000002   PAD
    0x0800d368   0x0800d368   0x0000004a   Code   RO          300    .text.USBD_LL_OpenEP  usbd_conf.o
    0x0800d3b2   0x0800d3b2   0x00000002   PAD
    0x0800d3b4   0x0800d3b4   0x00000042   Code   RO          316    .text.USBD_LL_PrepareReceive  usbd_conf.o
    0x0800d3f6   0x0800d3f6   0x00000002   PAD
    0x0800d3f8   0x0800d3f8   0x0000009e   Code   RO         1504    .text.USBD_LL_Reset  usbd_core.o
    0x0800d496   0x0800d496   0x00000002   PAD
    0x0800d498   0x0800d498   0x00000024   Code   RO         1510    .text.USBD_LL_Resume  usbd_core.o
    0x0800d4bc   0x0800d4bc   0x0000003e   Code   RO         1512    .text.USBD_LL_SOF   usbd_core.o
    0x0800d4fa   0x0800d4fa   0x00000002   PAD
    0x0800d4fc   0x0800d4fc   0x00000016   Code   RO         1506    .text.USBD_LL_SetSpeed  usbd_core.o
    0x0800d512   0x0800d512   0x00000002   PAD
    0x0800d514   0x0800d514   0x0000003a   Code   RO          312    .text.USBD_LL_SetUSBAddress  usbd_conf.o
    0x0800d54e   0x0800d54e   0x00000002   PAD
    0x0800d550   0x0800d550   0x00000094   Code   RO         1494    .text.USBD_LL_SetupStage  usbd_core.o
    0x0800d5e4   0x0800d5e4   0x0000003a   Code   RO          306    .text.USBD_LL_StallEP  usbd_conf.o
    0x0800d61e   0x0800d61e   0x00000002   PAD
    0x0800d620   0x0800d620   0x00000032   Code   RO          296    .text.USBD_LL_Start  usbd_conf.o
    0x0800d652   0x0800d652   0x00000002   PAD
    0x0800d654   0x0800d654   0x0000002c   Code   RO         1508    .text.USBD_LL_Suspend  usbd_core.o
    0x0800d680   0x0800d680   0x00000042   Code   RO          314    .text.USBD_LL_Transmit  usbd_conf.o
    0x0800d6c2   0x0800d6c2   0x00000002   PAD
    0x0800d6c4   0x0800d6c4   0x00000062   Code   RO         1555    .text.USBD_ParseSetupRequest  usbd_ctlreq.o
    0x0800d726   0x0800d726   0x00000002   PAD
    0x0800d728   0x0800d728   0x00000072   Code   RO         1482    .text.USBD_RegisterClass  usbd_core.o
    0x0800d79a   0x0800d79a   0x00000002   PAD
    0x0800d79c   0x0800d79c   0x0000000a   Code   RO         1488    .text.USBD_RunTestMode  usbd_core.o
    0x0800d7a6   0x0800d7a6   0x00000002   PAD
    0x0800d7a8   0x0800d7a8   0x0000008c   Code   RO         1537    .text.USBD_SetAddress  usbd_ctlreq.o
    0x0800d834   0x0800d834   0x00000036   Code   RO         1490    .text.USBD_SetClassConfig  usbd_core.o
    0x0800d86a   0x0800d86a   0x00000002   PAD
    0x0800d86c   0x0800d86c   0x0000017e   Code   RO         1539    .text.USBD_SetConfig  usbd_ctlreq.o
    0x0800d9ea   0x0800d9ea   0x00000002   PAD
    0x0800d9ec   0x0800d9ec   0x0000004e   Code   RO         1545    .text.USBD_SetFeature  usbd_ctlreq.o
    0x0800da3a   0x0800da3a   0x00000002   PAD
    0x0800da3c   0x0800da3c   0x00000010   Code   RO         1484    .text.USBD_Start    usbd_core.o
    0x0800da4c   0x0800da4c   0x000000cc   Code   RO         1533    .text.USBD_StdDevReq  usbd_ctlreq.o
    0x0800db18   0x0800db18   0x000003b2   Code   RO         1553    .text.USBD_StdEPReq  usbd_ctlreq.o
    0x0800deca   0x0800deca   0x00000002   PAD
    0x0800decc   0x0800decc   0x000000f4   Code   RO         1551    .text.USBD_StdItfReq  usbd_ctlreq.o
    0x0800dfc0   0x0800dfc0   0x00000008   Code   RO          322    .text.USBD_static_free  usbd_conf.o
    0x0800dfc8   0x0800dfc8   0x00000010   Code   RO          320    .text.USBD_static_malloc  usbd_conf.o
    0x0800dfd8   0x0800dfd8   0x000000de   Code   RO          793    .text.USB_ActivateEndpoint  stm32f4xx_ll_usb.o
    0x0800e0b6   0x0800e0b6   0x00000002   PAD
    0x0800e0b8   0x0800e0b8   0x0000002c   Code   RO          835    .text.USB_ActivateSetup  stm32f4xx_ll_usb.o
    0x0800e0e4   0x0800e0e4   0x0000001a   Code   RO         2365    .text.USB_Comm_Enable  usb_comm.o
    0x0800e0fe   0x0800e0fe   0x00000002   PAD
    0x0800e100   0x0800e100   0x00000014   Code   RO         2371    .text.USB_Comm_EnterCritical  usb_comm.o
    0x0800e114   0x0800e114   0x00000012   Code   RO         2373    .text.USB_Comm_ExitCritical  usb_comm.o
    0x0800e126   0x0800e126   0x00000002   PAD
    0x0800e128   0x0800e128   0x0000004a   Code   RO         2363    .text.USB_Comm_Init  usb_comm.o
    0x0800e172   0x0800e172   0x00000002   PAD
    0x0800e174   0x0800e174   0x0000002a   Code   RO         2383    .text.USB_Comm_IsConnected  usb_comm.o
    0x0800e19e   0x0800e19e   0x00000002   PAD
    0x0800e1a0   0x0800e1a0   0x00000042   Code   RO         2377    .text.USB_Comm_Receive  usb_comm.o
    0x0800e1e2   0x0800e1e2   0x00000002   PAD
    0x0800e1e4   0x0800e1e4   0x0000003a   Code   RO         2389    .text.USB_Comm_RxCpltCallback  usb_comm.o
    0x0800e21e   0x0800e21e   0x00000002   PAD
    0x0800e220   0x0800e220   0x00000074   Code   RO         2369    .text.USB_Comm_Send  usb_comm.o
    0x0800e294   0x0800e294   0x0000004c   Code   RO         2385    .text.USB_Comm_SetConnected  usb_comm.o
    0x0800e2e0   0x0800e2e0   0x000000e6   Code   RO         2375    .text.USB_Comm_TryStartTx  usb_comm.o
    0x0800e3c6   0x0800e3c6   0x00000002   PAD
    0x0800e3c8   0x0800e3c8   0x0000003a   Code   RO         2391    .text.USB_Comm_TxCpltCallback  usb_comm.o
    0x0800e402   0x0800e402   0x00000002   PAD
    0x0800e404   0x0800e404   0x00000082   Code   RO         2387    .text.USB_Comm_UpdateConnectionState  usb_comm.o
    0x0800e486   0x0800e486   0x00000002   PAD
    0x0800e488   0x0800e488   0x000000d6   Code   RO          769    .text.USB_CoreInit  stm32f4xx_ll_usb.o
    0x0800e55e   0x0800e55e   0x00000002   PAD
    0x0800e560   0x0800e560   0x00000088   Code   RO          771    .text.USB_CoreReset  stm32f4xx_ll_usb.o
    0x0800e5e8   0x0800e5e8   0x00000138   Code   RO          797    .text.USB_DeactivateEndpoint  stm32f4xx_ll_usb.o
    0x0800e720   0x0800e720   0x0000002a   Code   RO          817    .text.USB_DevConnect  stm32f4xx_ll_usb.o
    0x0800e74a   0x0800e74a   0x00000002   PAD
    0x0800e74c   0x0800e74c   0x0000002a   Code   RO          819    .text.USB_DevDisconnect  stm32f4xx_ll_usb.o
    0x0800e776   0x0800e776   0x00000002   PAD
    0x0800e778   0x0800e778   0x0000029a   Code   RO          783    .text.USB_DevInit   stm32f4xx_ll_usb.o
    0x0800ea12   0x0800ea12   0x00000002   PAD
    0x0800ea14   0x0800ea14   0x00000014   Code   RO          777    .text.USB_DisableGlobalInt  stm32f4xx_ll_usb.o
    0x0800ea28   0x0800ea28   0x0000009e   Code   RO          837    .text.USB_EP0_OutStart  stm32f4xx_ll_usb.o
    0x0800eac6   0x0800eac6   0x00000002   PAD
    0x0800eac8   0x0800eac8   0x000000a0   Code   RO          811    .text.USB_EPClearStall  stm32f4xx_ll_usb.o
    0x0800eb68   0x0800eb68   0x000000a8   Code   RO          809    .text.USB_EPSetStall  stm32f4xx_ll_usb.o
    0x0800ec10   0x0800ec10   0x000003f8   Code   RO          801    .text.USB_EPStartXfer  stm32f4xx_ll_usb.o
    0x0800f008   0x0800f008   0x0000011c   Code   RO          805    .text.USB_EPStopXfer  stm32f4xx_ll_usb.o
    0x0800f124   0x0800f124   0x00000014   Code   RO          775    .text.USB_EnableGlobalInt  stm32f4xx_ll_usb.o
    0x0800f138   0x0800f138   0x00000074   Code   RO          789    .text.USB_FlushRxFifo  stm32f4xx_ll_usb.o
    0x0800f1ac   0x0800f1ac   0x0000007a   Code   RO          787    .text.USB_FlushTxFifo  stm32f4xx_ll_usb.o
    0x0800f226   0x0800f226   0x00000002   PAD
    0x0800f228   0x0800f228   0x0000004c   Code   RO          791    .text.USB_GetDevSpeed  stm32f4xx_ll_usb.o
    0x0800f274   0x0800f274   0x00000010   Code   RO          781    .text.USB_GetMode   stm32f4xx_ll_usb.o
    0x0800f284   0x0800f284   0x00000024   Code   RO          827    .text.USB_ReadDevAllInEpInterrupt  stm32f4xx_ll_usb.o
    0x0800f2a8   0x0800f2a8   0x00000024   Code   RO          825    .text.USB_ReadDevAllOutEpInterrupt  stm32f4xx_ll_usb.o
    0x0800f2cc   0x0800f2cc   0x0000004e   Code   RO          831    .text.USB_ReadDevInEPInterrupt  stm32f4xx_ll_usb.o
    0x0800f31a   0x0800f31a   0x00000002   PAD
    0x0800f31c   0x0800f31c   0x0000002e   Code   RO          829    .text.USB_ReadDevOutEPInterrupt  stm32f4xx_ll_usb.o
    0x0800f34a   0x0800f34a   0x00000002   PAD
    0x0800f34c   0x0800f34c   0x0000001a   Code   RO          821    .text.USB_ReadInterrupts  stm32f4xx_ll_usb.o
    0x0800f366   0x0800f366   0x00000002   PAD
    0x0800f368   0x0800f368   0x000000b4   Code   RO          807    .text.USB_ReadPacket  stm32f4xx_ll_usb.o
    0x0800f41c   0x0800f41c   0x000000de   Code   RO          779    .text.USB_SetCurrentMode  stm32f4xx_ll_usb.o
    0x0800f4fa   0x0800f4fa   0x00000002   PAD
    0x0800f4fc   0x0800f4fc   0x00000036   Code   RO          815    .text.USB_SetDevAddress  stm32f4xx_ll_usb.o
    0x0800f532   0x0800f532   0x00000002   PAD
    0x0800f534   0x0800f534   0x00000022   Code   RO          785    .text.USB_SetDevSpeed  stm32f4xx_ll_usb.o
    0x0800f556   0x0800f556   0x00000002   PAD
    0x0800f558   0x0800f558   0x000001ba   Code   RO          773    .text.USB_SetTurnaroundTime  stm32f4xx_ll_usb.o
    0x0800f712   0x0800f712   0x00000002   PAD
    0x0800f714   0x0800f714   0x00000082   Code   RO          803    .text.USB_WritePacket  stm32f4xx_ll_usb.o
    0x0800f796   0x0800f796   0x00000002   PAD
    0x0800f798   0x0800f798   0x00000004   Code   RO          149    .text.UsageFault_Handler  stm32f4xx_it.o
    0x0800f79c   0x0800f79c   0x00000030   Code   RO         1160    .text.__NVIC_EnableIRQ  stm32f4xx_hal_cortex.o
    0x0800f7cc   0x0800f7cc   0x00000010   Code   RO         1152    .text.__NVIC_GetPriorityGrouping  stm32f4xx_hal_cortex.o
    0x0800f7dc   0x0800f7dc   0x00000042   Code   RO         1154    .text.__NVIC_SetPriority  stm32f4xx_hal_cortex.o
    0x0800f81e   0x0800f81e   0x00000002   PAD
    0x0800f820   0x0800f820   0x00000042   Code   RO         2223    .text.__NVIC_SetPriority  cmsis_os2.o
    0x0800f862   0x0800f862   0x00000002   PAD
    0x0800f864   0x0800f864   0x0000003c   Code   RO         1148    .text.__NVIC_SetPriorityGrouping  stm32f4xx_hal_cortex.o
    0x0800f8a0   0x0800f8a0   0x0000009a   Code   RO         2765    .text.crc16_ccitt   usb_comm_task.o
    0x0800f93a   0x0800f93a   0x00000002   PAD
    0x0800f93c   0x0800f93c   0x0000001c   Code   RO         2819    .text.imu_uart_start_rx_to_idle  imu_task.o
    0x0800f958   0x0800f958   0x00000060   Code   RO           11    .text.main          main.o
    0x0800f9b8   0x0800f9b8   0x00000034   Code   RO         2127    .text.osDelay       cmsis_os2.o
    0x0800f9ec   0x0800f9ec   0x00000026   Code   RO         2077    .text.osKernelGetTickCount  cmsis_os2.o
    0x0800fa12   0x0800fa12   0x00000002   PAD
    0x0800fa14   0x0800fa14   0x00000046   Code   RO         2061    .text.osKernelInitialize  cmsis_os2.o
    0x0800fa5a   0x0800fa5a   0x00000002   PAD
    0x0800fa5c   0x0800fa5c   0x00000052   Code   RO         2067    .text.osKernelStart  cmsis_os2.o
    0x0800faae   0x0800faae   0x00000002   PAD
    0x0800fab0   0x0800fab0   0x0000015a   Code   RO         2091    .text.osThreadNew   cmsis_os2.o
    0x0800fc0a   0x0800fc0a   0x00000002   PAD
    0x0800fc0c   0x0800fc0c   0x000000d4   Code   RO         1853    .text.prvAddCurrentTaskToDelayedList  tasks.o
    0x0800fce0   0x0800fce0   0x00000122   Code   RO         1839    .text.prvAddNewTaskToReadyList  tasks.o
    0x0800fe02   0x0800fe02   0x00000002   PAD
    0x0800fe04   0x0800fe04   0x000000a2   Code   RO         1990    .text.prvCheckForValidListAndQueue  timers.o
    0x0800fea6   0x0800fea6   0x00000002   PAD
    0x0800fea8   0x0800fea8   0x0000005a   Code   RO         1957    .text.prvCheckTasksWaitingTermination  tasks.o
    0x0800ff02   0x0800ff02   0x00000002   PAD
    0x0800ff04   0x0800ff04   0x00000042   Code   RO         1732    .text.prvCopyDataFromQueue  queue.o
    0x0800ff46   0x0800ff46   0x00000002   PAD
    0x0800ff48   0x0800ff48   0x000000cc   Code   RO         1720    .text.prvCopyDataToQueue  queue.o
    0x08010014   0x08010014   0x0000005e   Code   RO         1845    .text.prvDeleteTCB  tasks.o
    0x08010072   0x08010072   0x00000002   PAD
    0x08010074   0x08010074   0x00000040   Code   RO         2028    .text.prvGetNextExpireTime  timers.o
    0x080100b4   0x080100b4   0x000000bc   Code   RO         2240    .text.prvHeapInit   heap_4.o
    0x08010170   0x08010170   0x00000038   Code   RO         1879    .text.prvIdleTask   tasks.o
    0x080101a8   0x080101a8   0x00000048   Code   RO         1694    .text.prvInitialiseNewQueue  queue.o
    0x080101f0   0x080101f0   0x00000122   Code   RO         1837    .text.prvInitialiseNewTask  tasks.o
    0x08010312   0x08010312   0x00000002   PAD
    0x08010314   0x08010314   0x0000008e   Code   RO         1955    .text.prvInitialiseTaskLists  tasks.o
    0x080103a2   0x080103a2   0x00000002   PAD
    0x080103a4   0x080103a4   0x000000c6   Code   RO         2242    .text.prvInsertBlockIntoFreeList  heap_4.o
    0x0801046a   0x0801046a   0x00000002   PAD
    0x0801046c   0x0801046c   0x00000086   Code   RO         2040    .text.prvInsertTimerInActiveList  timers.o
    0x080104f2   0x080104f2   0x00000002   PAD
    0x080104f4   0x080104f4   0x00000028   Code   RO         1734    .text.prvIsQueueEmpty  queue.o
    0x0801051c   0x0801051c   0x0000002e   Code   RO         1722    .text.prvIsQueueFull  queue.o
    0x0801054a   0x0801054a   0x00000002   PAD
    0x0801054c   0x0801054c   0x00000028   Code   RO         2281    .text.prvPortStartFirstTask  port.o
    0x08010574   0x08010574   0x0000008e   Code   RO         2036    .text.prvProcessExpiredTimer  timers.o
    0x08010602   0x08010602   0x00000002   PAD
    0x08010604   0x08010604   0x00000192   Code   RO         2032    .text.prvProcessReceivedCommands  timers.o
    0x08010796   0x08010796   0x00000002   PAD
    0x08010798   0x08010798   0x0000009a   Code   RO         2030    .text.prvProcessTimerOrBlockTask  timers.o
    0x08010832   0x08010832   0x00000002   PAD
    0x08010834   0x08010834   0x00000046   Code   RO         1847    .text.prvResetNextTaskUnblockTime  tasks.o
    0x0801087a   0x0801087a   0x00000002   PAD
    0x0801087c   0x0801087c   0x00000044   Code   RO         2034    .text.prvSampleTimeNow  timers.o
    0x080108c0   0x080108c0   0x000000d4   Code   RO         2038    .text.prvSwitchTimerLists  timers.o
    0x08010994   0x08010994   0x0000004c   Code   RO         2271    .text.prvTaskExitError  port.o
    0x080109e0   0x080109e0   0x0000001e   Code   RO         1992    .text.prvTimerTask  timers.o
    0x080109fe   0x080109fe   0x00000002   PAD
    0x08010a00   0x08010a00   0x000000ae   Code   RO         1724    .text.prvUnlockQueue  queue.o
    0x08010aae   0x08010aae   0x00000002   PAD
    0x08010ab0   0x08010ab0   0x000001ec   Code   RO         2238    .text.pvPortMalloc  heap_4.o
    0x08010c9c   0x08010c9c   0x0000005e   Code   RO         2269    .text.pxPortInitialiseStack  port.o
    0x08010cfa   0x08010cfa   0x00000002   PAD
    0x08010cfc   0x08010cfc   0x00000048   Code   RO         1681    .text.uxListRemove  list.o
    0x08010d44   0x08010d44   0x0000002a   Code   RO         2219    .text.vApplicationGetIdleTaskMemory  cmsis_os2.o
    0x08010d6e   0x08010d6e   0x00000002   PAD
    0x08010d70   0x08010d70   0x0000002c   Code   RO         2221    .text.vApplicationGetTimerTaskMemory  cmsis_os2.o
    0x08010d9c   0x08010d9c   0x0000002e   Code   RO         1673    .text.vListInitialise  list.o
    0x08010dca   0x08010dca   0x00000002   PAD
    0x08010dcc   0x08010dcc   0x0000000e   Code   RO         1675    .text.vListInitialiseItem  list.o
    0x08010dda   0x08010dda   0x00000002   PAD
    0x08010ddc   0x08010ddc   0x0000006a   Code   RO         1679    .text.vListInsert   list.o
    0x08010e46   0x08010e46   0x00000002   PAD
    0x08010e48   0x08010e48   0x0000003a   Code   RO         1677    .text.vListInsertEnd  list.o
    0x08010e82   0x08010e82   0x00000002   PAD
    0x08010e84   0x08010e84   0x00000014   Code   RO         2279    .text.vPortEnableVFP  port.o
    0x08010e98   0x08010e98   0x00000056   Code   RO         2285    .text.vPortEnterCritical  port.o
    0x08010eee   0x08010eee   0x00000002   PAD
    0x08010ef0   0x08010ef0   0x0000004a   Code   RO         2287    .text.vPortExitCritical  port.o
    0x08010f3a   0x08010f3a   0x00000002   PAD
    0x08010f3c   0x08010f3c   0x000000ce   Code   RO         2244    .text.vPortFree     heap_4.o
    0x0801100a   0x0801100a   0x00000002   PAD
    0x0801100c   0x0801100c   0x00000044   Code   RO         2277    .text.vPortSetupTimerInterrupt  port.o
    0x08011050   0x08011050   0x00000084   Code   RO         2293    .text.vPortValidateInterruptPriority  port.o
    0x080110d4   0x080110d4   0x00000052   Code   RO         1764    .text.vQueueAddToRegistry  queue.o
    0x08011126   0x08011126   0x00000002   PAD
    0x08011128   0x08011128   0x00000064   Code   RO         1768    .text.vQueueWaitForMessageRestricted  queue.o
    0x0801118c   0x0801118c   0x0000006e   Code   RO         1857    .text.vTaskDelay    tasks.o
    0x080111fa   0x080111fa   0x00000002   PAD
    0x080111fc   0x080111fc   0x00000024   Code   RO         1911    .text.vTaskInternalSetTimeOutState  tasks.o
    0x08011220   0x08011220   0x0000000e   Code   RO         1915    .text.vTaskMissedYield  tasks.o
    0x0801122e   0x0801122e   0x00000002   PAD
    0x08011230   0x08011230   0x00000042   Code   RO         1899    .text.vTaskPlaceOnEventList  tasks.o
    0x08011272   0x08011272   0x00000002   PAD
    0x08011274   0x08011274   0x00000052   Code   RO         1903    .text.vTaskPlaceOnEventListRestricted  tasks.o
    0x080112c6   0x080112c6   0x00000002   PAD
    0x080112c8   0x080112c8   0x000000e0   Code   RO         1877    .text.vTaskStartScheduler  tasks.o
    0x080113a8   0x080113a8   0x00000010   Code   RO         1851    .text.vTaskSuspendAll  tasks.o
    0x080113b8   0x080113b8   0x000000c6   Code   RO         1869    .text.vTaskSwitchContext  tasks.o
    0x0801147e   0x0801147e   0x00000002   PAD
    0x08011480   0x08011480   0x00000044   Code   RO         2823    .text.wit_check_sum  imu_task.o
    0x080114c4   0x080114c4   0x000000b4   Code   RO         2821    .text.wit_consume_ring  imu_task.o
    0x08011578   0x08011578   0x0000011c   Code   RO         2825    .text.wit_parse_frame  imu_task.o
    0x08011694   0x08011694   0x0000002c   Code   RO         2827    .text.wit_to_acc_g  imu_task.o
    0x080116c0   0x080116c0   0x00000030   Code   RO         2831    .text.wit_to_angle_deg  imu_task.o
    0x080116f0   0x080116f0   0x00000030   Code   RO         2829    .text.wit_to_gyro_dps  imu_task.o
    0x08011720   0x08011720   0x00000156   Code   RO         2275    .text.xPortStartScheduler  port.o
    0x08011876   0x08011876   0x00000002   PAD
    0x08011878   0x08011878   0x0000003c   Code   RO         2291    .text.xPortSysTickHandler  port.o
    0x080118b4   0x080118b4   0x00000074   Code   RO         1696    .text.xQueueGenericCreate  queue.o
    0x08011928   0x08011928   0x0000010e   Code   RO         1692    .text.xQueueGenericCreateStatic  queue.o
    0x08011a36   0x08011a36   0x00000002   PAD
    0x08011a38   0x08011a38   0x000000ba   Code   RO         1690    .text.xQueueGenericReset  queue.o
    0x08011af2   0x08011af2   0x00000002   PAD
    0x08011af4   0x08011af4   0x0000022c   Code   RO         1710    .text.xQueueGenericSend  queue.o
    0x08011d20   0x08011d20   0x0000014c   Code   RO         1726    .text.xQueueGenericSendFromISR  queue.o
    0x08011e6c   0x08011e6c   0x000001dc   Code   RO         1730    .text.xQueueReceive  queue.o
    0x08012048   0x08012048   0x000000cc   Code   RO         1913    .text.xTaskCheckForTimeOut  tasks.o
    0x08012114   0x08012114   0x0000009e   Code   RO         1841    .text.xTaskCreate   tasks.o
    0x080121b2   0x080121b2   0x00000002   PAD
    0x080121b4   0x080121b4   0x000000ce   Code   RO         1835    .text.xTaskCreateStatic  tasks.o
    0x08012282   0x08012282   0x00000002   PAD
    0x08012284   0x08012284   0x00000038   Code   RO         1929    .text.xTaskGetSchedulerState  tasks.o
    0x080122bc   0x080122bc   0x00000014   Code   RO         1885    .text.xTaskGetTickCount  tasks.o
    0x080122d0   0x080122d0   0x0000001e   Code   RO         1887    .text.xTaskGetTickCountFromISR  tasks.o
    0x080122ee   0x080122ee   0x00000002   PAD
    0x080122f0   0x080122f0   0x000001c4   Code   RO         1883    .text.xTaskIncrementTick  tasks.o
    0x080124b4   0x080124b4   0x000000ec   Code   RO         1933    .text.xTaskPriorityDisinherit  tasks.o
    0x080125a0   0x080125a0   0x000000ce   Code   RO         1905    .text.xTaskRemoveFromEventList  tasks.o
    0x0801266e   0x0801266e   0x00000002   PAD
    0x08012670   0x08012670   0x00000186   Code   RO         1855    .text.xTaskResumeAll  tasks.o
    0x080127f6   0x080127f6   0x00000002   PAD
    0x080127f8   0x080127f8   0x00000094   Code   RO         1988    .text.xTimerCreateTimerTask  timers.o
    0x0801288c   0x0801288c   0x000000b0   Code   RO         2000    .text.xTimerGenericCommand  timers.o
    0x0801293c   0x0801293c   0x0000001a   Code   RO         3029    x$fpl$fpinit        fz_wm.l(fpinit.o)
    0x08012956   0x08012956   0x00000010   Data   RO         1469    .rodata.AHBPrescTable  system_stm32f4xx.o
    0x08012966   0x08012966   0x00000008   Data   RO         1470    .rodata.APBPrescTable  system_stm32f4xx.o
    0x0801296e   0x0801296e   0x00000008   Data   RO         1078    .rodata.DMA_CalcBaseAndBitshift.flagBitshiftOffset  stm32f4xx_hal_dma.o
    0x08012976   0x08012976   0x00000002   PAD
    0x08012978   0x08012978   0x00000018   Data   RO         2505    .rodata.Motor_VTable  motor.o
    0x08012990   0x08012990   0x00000024   Data   RO           43    .rodata.defaultTask_attributes  freertos.o
    0x080129b4   0x080129b4   0x00000024   Data   RO           47    .rodata.imuTask_attributes  freertos.o
    0x080129d8   0x080129d8   0x00000024   Data   RO           45    .rodata.motorCtrlTask_attributes  freertos.o
    0x080129fc   0x080129fc   0x00000024   Data   RO           44    .rodata.sensorTask_attributes  freertos.o
    0x08012a20   0x08012a20   0x00000039   Data   RO           42    .rodata.str1.1      freertos.o
    0x08012a59   0x08012a59   0x00000042   Data   RO          233    .rodata.str1.1      usbd_desc.o
    0x08012a9b   0x08012a9b   0x00000005   Data   RO         1973    .rodata.str1.1      tasks.o
    0x08012aa0   0x08012aa0   0x0000000d   Data   RO         2043    .rodata.str1.1      timers.o
    0x08012aad   0x08012aad   0x00000003   PAD
    0x08012ab0   0x08012ab0   0x00000024   Data   RO           46    .rodata.usbCommTask_attributes  freertos.o
    0x08012ad4   0x08012ad4   0x00000020   Data   RO         3090    Region$$Table       anon$$obj.o


    Execution Region RW_IRAM1 (Exec base: 0x20000000, Load base: 0x08012af8, Size: 0x00008130, Max: 0x0001c000, ABSOLUTE)

    Exec Addr    Load Addr    Size         Type   Attr      Idx    E Section Name        Object

    0x20000000   0x08012af8   0x00000001   Data   RW         1626    .data.CDCCmdEpAdd   usbd_cdc.o
    0x20000001   0x08012af9   0x00000001   Data   RW         1624    .data.CDCInEpAdd    usbd_cdc.o
    0x20000002   0x08012afa   0x00000001   Data   RW         1625    .data.CDCOutEpAdd   usbd_cdc.o
    0x20000003   0x08012afb   0x00000001   PAD
    0x20000004   0x08012afc   0x0000001c   Data   RW          229    .data.FS_Desc       usbd_desc.o
    0x20000020   0x08012b18   0x00000004   Data   RW         1468    .data.SystemCoreClock  system_stm32f4xx.o
    0x20000024   0x08012b1c   0x00000038   Data   RW         1622    .data.USBD_CDC      usbd_cdc.o
    0x2000005c   0x08012b54   0x00000043   Data   RW         1627    .data.USBD_CDC_CfgDesc  usbd_cdc.o
    0x2000009f   0x08012b97   0x00000001   PAD
    0x200000a0   0x08012b98   0x0000000a   Data   RW         1623    .data.USBD_CDC_DeviceQualifierDesc  usbd_cdc.o
    0x200000aa   0x08012ba2   0x00000002   PAD
    0x200000ac   0x08012ba4   0x00000012   Data   RW          230    .data.USBD_FS_DeviceDesc  usbd_desc.o
    0x200000be   0x08012bb6   0x00000002   PAD
    0x200000c0   0x08012bb8   0x00000014   Data   RW          254    .data.USBD_Interface_fops_FS  usbd_cdc_if.o
    0x200000d4   0x08012bcc   0x00000004   Data   RW          231    .data.USBD_LangIDDesc  usbd_desc.o
    0x200000d8   0x08012bd0   0x0000001a   Data   RW          232    .data.USBD_StringSerial  usbd_desc.o
    0x200000f2   0x08012bea   0x00000002   PAD
    0x200000f4   0x08012bec   0x00000004   Data   RW         2355    .data.g_pCleanBotApp  cleanbotapp.o
    0x200000f8   0x08012bf0   0x00000001   Data   RW         1278    .data.uwTickFreq    stm32f4xx_hal.o
    0x200000f9   0x08012bf1   0x00000003   PAD
    0x200000fc   0x08012bf4   0x00000004   Data   RW         1277    .data.uwTickPrio    stm32f4xx_hal.o
    0x20000100   0x08012bf8   0x00000004   Data   RW         2297    .data.uxCriticalNesting  port.o
    0x20000104   0x08012bfc   0x00000004   PAD
    0x20000108        -       0x00000060   Zero   RW         2955    .bss                c_w.l(libspace.o)
    0x20000168        -       0x00000006   Zero   RW         2424    .bss.Encoder_GetPulseCount.lastCounter  encoder.o
    0x2000016e   0x08012bfc   0x00000002   PAD
    0x20000170        -       0x00000004   Zero   RW         2666    .bss.IRHoming_Search.lastRotateTime  ir_homing.o
    0x20000174        -       0x00000004   Zero   RW         2225    .bss.KernelState    cmsis_os2.o
    0x20000178        -       0x00000001   Zero   RW         1563    .bss.USBD_SetConfig.cfgidx  usbd_ctlreq.o
    0x20000179   0x08012bfc   0x00000003   PAD
    0x2000017c        -       0x00000200   Zero   RW          234    .bss.USBD_StrDesc   usbd_desc.o
    0x2000037c        -       0x00000220   Zero   RW          327    .bss.USBD_static_malloc.mem  usbd_conf.o
    0x2000059c        -       0x00000800   Zero   RW          255    .bss.UserRxBufferFS  usbd_cdc_if.o
    0x20000d9c        -       0x00000800   Zero   RW          256    .bss.UserTxBufferFS  usbd_cdc_if.o
    0x2000159c        -       0x00000004   Zero   RW         2506    .bss.arr_left       motor.o
    0x200015a0        -       0x00000010   Zero   RW         2735    .bss.button1State   sensor_task.o
    0x200015b0        -       0x00000010   Zero   RW         2736    .bss.button2State   sensor_task.o
    0x200015c0        -       0x00000004   Zero   RW         2507    .bss.ccr_left       motor.o
    0x200015c4        -       0x00000004   Zero   RW           48    .bss.defaultTaskHandle  freertos.o
    0x200015c8        -       0x0000082c   Zero   RW         2354    .bss.g_CleanBotApp  cleanbotapp.o
    0x20001df4        -       0x00000010   Zero   RW         2698    .bss.g_MotorCtrl    motor_ctrl_task.o
    0x20001e04        -       0x00000064   Zero   RW         2622    .bss.g_SensorManager  sensor_manager.o
    0x20001e68        -       0x000002dc   Zero   RW          204    .bss.hUsbDeviceFS   usb_device.o
    0x20002144        -       0x00000008   Zero   RW           66    .bss.hcrc           crc.o
    0x2000214c        -       0x00000060   Zero   RW          133    .bss.hdma_usart3_rx  usart.o
    0x200021ac        -       0x000004e4   Zero   RW          326    .bss.hpcd_USB_OTG_FS  usbd_conf.o
    0x20002690        -       0x00000048   Zero   RW          106    .bss.htim1          tim.o
    0x200026d8        -       0x00000048   Zero   RW          112    .bss.htim10         tim.o
    0x20002720        -       0x00000048   Zero   RW          107    .bss.htim2          tim.o
    0x20002768        -       0x00000048   Zero   RW          108    .bss.htim3          tim.o
    0x200027b0        -       0x00000048   Zero   RW          109    .bss.htim4          tim.o
    0x200027f8        -       0x00000048   Zero   RW          110    .bss.htim5          tim.o
    0x20002840        -       0x00000048   Zero   RW          194    .bss.htim6          stm32f4xx_hal_timebase_tim.o
    0x20002888        -       0x00000048   Zero   RW          111    .bss.htim7          tim.o
    0x200028d0        -       0x00000048   Zero   RW          131    .bss.huart1         usart.o
    0x20002918        -       0x00000048   Zero   RW          132    .bss.huart3         usart.o
    0x20002960        -       0x00000048   Zero   RW          130    .bss.huart4         usart.o
    0x200029a8        -       0x00000024   Zero   RW         2798    .bss.imuData        usb_comm_task.o
    0x200029cc        -       0x00000004   Zero   RW           52    .bss.imuTaskHandle  freertos.o
    0x200029d0        -       0x00000014   Zero   RW         2621    .bss.irSensorState  sensor_manager.o
    0x200029e4        -       0x00000008   Zero   RW         2699    .bss.led2State      motor_ctrl_task.o
    0x200029ec        -       0x00000008   Zero   RW         2737    .bss.led3BlinkState  sensor_task.o
    0x200029f4        -       0x00000004   Zero   RW           50    .bss.motorCtrlTaskHandle  freertos.o
    0x200029f8        -       0x000000a0   Zero   RW         2051    .bss.prvCheckForValidListAndQueue.ucStaticTimerQueueStorage  timers.o
    0x20002a98        -       0x00000050   Zero   RW         2050    .bss.prvCheckForValidListAndQueue.xStaticTimerQueue  timers.o
    0x20002ae8        -       0x00000004   Zero   RW         2047    .bss.prvSampleTimeNow.xLastTime  timers.o
    0x20002aec        -       0x00000004   Zero   RW         1959    .bss.pxCurrentTCB   tasks.o
    0x20002af0        -       0x00000004   Zero   RW         2045    .bss.pxCurrentTimerList  timers.o
    0x20002af4        -       0x00000004   Zero   RW         1967    .bss.pxDelayedTaskList  tasks.o
    0x20002af8        -       0x00000004   Zero   RW         2254    .bss.pxEnd          heap_4.o
    0x20002afc        -       0x00000004   Zero   RW         1968    .bss.pxOverflowDelayedTaskList  tasks.o
    0x20002b00        -       0x00000004   Zero   RW         2046    .bss.pxOverflowTimerList  timers.o
    0x20002b04        -       0x00000460   Zero   RW         1970    .bss.pxReadyTasksLists  tasks.o
    0x20002f64        -       0x00000004   Zero   RW         2841    .bss.s_ax           imu_task.o
    0x20002f68        -       0x00000004   Zero   RW         2842    .bss.s_ay           imu_task.o
    0x20002f6c        -       0x00000004   Zero   RW         2843    .bss.s_az           imu_task.o
    0x20002f70        -       0x00000010   Zero   RW         2791    .bss.s_ctrlState    usb_comm_task.o
    0x20002f80        -       0x00000004   Zero   RW         2838    .bss.s_gx           imu_task.o
    0x20002f84        -       0x00000004   Zero   RW         2839    .bss.s_gy           imu_task.o
    0x20002f88        -       0x00000004   Zero   RW         2840    .bss.s_gz           imu_task.o
    0x20002f8c        -       0x00000001   Zero   RW         2801    .bss.s_heartbeatCounter  usb_comm_task.o
    0x20002f8d        -       0x00000100   Zero   RW         2834    .bss.s_imuDmaRxBuf  imu_task.o
    0x2000308d   0x08012bfc   0x00000003   PAD
    0x20003090        -       0x00000004   Zero   RW         2796    .bss.s_lastConnPollTick  usb_comm_task.o
    0x20003094        -       0x00000004   Zero   RW         2794    .bss.s_lastImuTick  usb_comm_task.o
    0x20003098        -       0x00000004   Zero   RW         2795    .bss.s_lastSensorTick  usb_comm_task.o
    0x2000309c        -       0x00000001   Zero   RW         2797    .bss.s_lastUsbConnected  usb_comm_task.o
    0x2000309d   0x08012bfc   0x00000003   PAD
    0x200030a0        -       0x00000004   Zero   RW         2793    .bss.s_lastWheelTick  usb_comm_task.o
    0x200030a4        -       0x00000004   Zero   RW         2836    .bss.s_pitch        imu_task.o
    0x200030a8        -       0x00000004   Zero   RW         2835    .bss.s_roll         imu_task.o
    0x200030ac        -       0x0000006a   Zero   RW         2799    .bss.s_rxParser     usb_comm_task.o
    0x20003116   0x08012bfc   0x00000002   PAD
    0x20003118        -       0x00000014   Zero   RW         2833    .bss.s_rxRing       imu_task.o
    0x2000312c        -       0x00000400   Zero   RW         2844    .bss.s_rxRingStorage  imu_task.o
    0x2000352c        -       0x00000006   Zero   RW         2792    .bss.s_seqState     usb_comm_task.o
    0x20003532        -       0x00000001   Zero   RW         2800    .bss.s_usbSafeStopped  usb_comm_task.o
    0x20003533   0x08012bfc   0x00000001   PAD
    0x20003534        -       0x00000004   Zero   RW         2837    .bss.s_yaw          imu_task.o
    0x20003538        -       0x00000004   Zero   RW           49    .bss.sensorTaskHandle  freertos.o
    0x2000353c        -       0x00003c00   Zero   RW         2261    .bss.ucHeap         heap_4.o
    0x2000713c        -       0x00000001   Zero   RW         2295    .bss.ucMaxSysCallPriority  port.o
    0x2000713d   0x08012bfc   0x00000003   PAD
    0x20007140        -       0x00000004   Zero   RW         2296    .bss.ulMaxPRIGROUPValue  port.o
    0x20007144        -       0x00000004   Zero   RW           51    .bss.usbCommTaskHandle  freertos.o
    0x20007148        -       0x00000004   Zero   RW         1279    .bss.uwTick         stm32f4xx_hal.o
    0x2000714c        -       0x00000004   Zero   RW         1963    .bss.uxCurrentNumberOfTasks  tasks.o
    0x20007150        -       0x00000004   Zero   RW         1962    .bss.uxDeletedTasksWaitingCleanUp  tasks.o
    0x20007154        -       0x00000004   Zero   RW         1965    .bss.uxSchedulerSuspended  tasks.o
    0x20007158        -       0x00000004   Zero   RW         1960    .bss.uxTaskNumber   tasks.o
    0x2000715c        -       0x00000004   Zero   RW         1971    .bss.uxTopReadyPriority  tasks.o
    0x20007160        -       0x00000200   Zero   RW         2228    .bss.vApplicationGetIdleTaskMemory.Idle_Stack  cmsis_os2.o
    0x20007360        -       0x0000005c   Zero   RW         2227    .bss.vApplicationGetIdleTaskMemory.Idle_TCB  cmsis_os2.o
    0x200073bc        -       0x00000400   Zero   RW         2230    .bss.vApplicationGetTimerTaskMemory.Timer_Stack  cmsis_os2.o
    0x200077bc        -       0x0000005c   Zero   RW         2229    .bss.vApplicationGetTimerTaskMemory.Timer_TCB  cmsis_os2.o
    0x20007818        -       0x00000004   Zero   RW         2425    .bss.watch_count_now  encoder.o
    0x2000781c        -       0x00000004   Zero   RW         2703    .bss.watch_ms       motor_ctrl_task.o
    0x20007820        -       0x00000004   Zero   RW         2705    .bss.watch_target   motor_ctrl_task.o
    0x20007824        -       0x00000014   Zero   RW         2048    .bss.xActiveTimerList1  timers.o
    0x20007838        -       0x00000014   Zero   RW         2049    .bss.xActiveTimerList2  timers.o
    0x2000784c        -       0x00000004   Zero   RW         2255    .bss.xBlockAllocatedBit  heap_4.o
    0x20007850        -       0x00000014   Zero   RW         1979    .bss.xDelayedTaskList1  tasks.o
    0x20007864        -       0x00000014   Zero   RW         1980    .bss.xDelayedTaskList2  tasks.o
    0x20007878        -       0x00000004   Zero   RW         2256    .bss.xFreeBytesRemaining  heap_4.o
    0x2000787c        -       0x00000004   Zero   RW         1974    .bss.xIdleTaskHandle  tasks.o
    0x20007880        -       0x00000004   Zero   RW         2258    .bss.xMinimumEverFreeBytesRemaining  heap_4.o
    0x20007884        -       0x00000004   Zero   RW         1975    .bss.xNextTaskUnblockTime  tasks.o
    0x20007888        -       0x00000004   Zero   RW         1978    .bss.xNumOfOverflows  tasks.o
    0x2000788c        -       0x00000004   Zero   RW         2259    .bss.xNumberOfSuccessfulAllocations  heap_4.o
    0x20007890        -       0x00000004   Zero   RW         2260    .bss.xNumberOfSuccessfulFrees  heap_4.o
    0x20007894        -       0x00000004   Zero   RW         1977    .bss.xPendedTicks   tasks.o
    0x20007898        -       0x00000014   Zero   RW         1972    .bss.xPendingReadyList  tasks.o
    0x200078ac        -       0x00000040   Zero   RW         1770    .bss.xQueueRegistry  queue.o
    0x200078ec        -       0x00000004   Zero   RW         1964    .bss.xSchedulerRunning  tasks.o
    0x200078f0        -       0x00000008   Zero   RW         2257    .bss.xStart         heap_4.o
    0x200078f8        -       0x00000014   Zero   RW         1969    .bss.xSuspendedTaskList  tasks.o
    0x2000790c        -       0x00000014   Zero   RW         1961    .bss.xTasksWaitingTermination  tasks.o
    0x20007920        -       0x00000004   Zero   RW         1966    .bss.xTickCount     tasks.o
    0x20007924        -       0x00000004   Zero   RW         2042    .bss.xTimerQueue    timers.o
    0x20007928        -       0x00000004   Zero   RW         2044    .bss.xTimerTaskHandle  timers.o
    0x2000792c        -       0x00000004   Zero   RW         1976    .bss.xYieldPending  tasks.o
    0x20007930        -       0x00000400   Zero   RW            2    HEAP                startup_stm32f407xx.o
    0x20007d30        -       0x00000400   Zero   RW            1    STACK               startup_stm32f407xx.o


    Execution Region RW_IRAM2 (Exec base: 0x2001c000, Load base: 0x08012c00, Size: 0x00000000, Max: 0x00004000, ABSOLUTE)

    **** No section assigned to this execution region ****


==============================================================================

Image component sizes


      Code (inc. data)   RO Data    RW Data    ZI Data      Debug   Object Name

       784          0          0          0          0       5353   buzzer.o
       950         20          0          4       2092      12691   cleanbotapp.o
       784          0          0          0       1724      34932   cmsis_os2.o
        98          0          0          0          8       2555   crc.o
        60          0          0          0          0       3335   dma.o
       918         28          0          0         10       7525   encoder.o
       218          0        237          0         20      11892   freertos.o
       860          0          0          0          0       4484   gpio.o
      1084          0          0          0      15392       4512   heap_4.o
      1062         20          0          0       1336       6095   imu_task.o
      2164         16          0          0          4       6292   ir_homing.o
       114          0          0          0          0       3304   ir_sensor.o
       170          0          0          0          0       2372   led.o
       296          0          0          0          0       2265   list.o
       400          0          0          0          0       5821   main.o
      2814          0         24          0          8       8468   motor.o
      1654         20          0          0         32       5066   motor_ctrl_task.o
       600          6          0          0          0       2470   nec_decode.o
       136          0          0          0          0       2651   photo_gate.o
       718         12          0          0          0       3250   pid_controller.o
      1128         16          0          4          5       3876   port.o
      2720          0          0          0         64      17372   queue.o
       736          0          0          0          0       2923   ring_buffer.o
      2258          0          0          0        120       7412   sensor_manager.o
      1780         22          0          0         40       6725   sensor_task.o
        64         26        392          0       2048        868   startup_stm32f407xx.o
       158          0          0          5          4       7157   stm32f4xx_hal.o
       384          0          0          0          0       9768   stm32f4xx_hal_cortex.o
        64          0          0          0          0       2785   stm32f4xx_hal_crc.o
      2068          8          8          0          0       8546   stm32f4xx_hal_dma.o
      1098          0          0          0          0       5142   stm32f4xx_hal_gpio.o
        88          0          0          0          0       3402   stm32f4xx_hal_msp.o
      4972          0          0          0          0      14457   stm32f4xx_hal_pcd.o
       192          0          0          0          0       4272   stm32f4xx_hal_pcd_ex.o
      2730          0          0          0          0       7646   stm32f4xx_hal_rcc.o
      4556         14          0          0          0      36051   stm32f4xx_hal_tim.o
       306          0          0          0          0      15382   stm32f4xx_hal_tim_ex.o
       240          0          0          0         72       7144   stm32f4xx_hal_timebase_tim.o
      3304          0          0          0          0      20477   stm32f4xx_hal_uart.o
       198          0          0          0          0       1925   stm32f4xx_it.o
      5118          0          0          0          0      19841   stm32f4xx_ll_usb.o
        18          0         24          4          0       2553   system_stm32f4xx.o
      3948          0          5          0       1280      24225   tasks.o
      2254          0          0          0        504      10902   tim.o
      1692         10         13          0        300      11678   timers.o
       694          0          0          0        312       7473   usart.o
       914          0          0          0          0       5004   usb_comm.o
      3736         54          0          0        183       9760   usb_comm_task.o
       118          0          0          0        732       3179   usb_device.o
      2516         12          0        136          0      10892   usbd_cdc.o
       470         36          0         20       4096       2790   usbd_cdc_if.o
      1446          4          0          0       1796      14525   usbd_conf.o
      2152          0          0          0          0       9040   usbd_core.o
      3402         30          0          0          1       8610   usbd_ctlreq.o
       572          0         66         76        512       3280   usbd_desc.o
       246          0          0          0          0       4268   usbd_ioreq.o

    ----------------------------------------------------------------------
     74732        354        806        260      32716     466683   Object Totals
         0          0         32          0          0          0   (incl. Generated)
       508          0          5         11         21          0   (incl. Padding)

    ----------------------------------------------------------------------

      Code (inc. data)   RO Data    RW Data    ZI Data      Debug   Library Member Name

         8          0          0          0          0         68   __main.o
         0          0          0          0          0          0   __rtentry.o
        12          0          0          0          0          0   __rtentry2.o
         6          0          0          0          0          0   __rtentry4.o
        94          8          0          0          0          0   __scatter.o
        26          0          0          0          0          0   __scatter_copy.o
        28          0          0          0          0          0   __scatter_zi.o
        16          0          0          0          0         68   aeabi_memset4.o
        18          0          0          0          0         80   exit.o
         6          0          0          0          0        152   heapauxi.o
         0          0          0          0          0          0   indicate_semi.o
         2          0          0          0          0          0   libinit.o
         6          0          0          0          0          0   libinit2.o
         2          0          0          0          0          0   libshutdown.o
         2          0          0          0          0          0   libshutdown2.o
         8          4          0          0         96         68   libspace.o
       240          0          0          0          0        100   lludivv7m.o
        68          0          0          0          0         68   rt_memclr.o
        78          0          0          0          0         80   rt_memclr_w.o
       138          0          0          0          0         68   rt_memcpy_v6.o
       100          0          0          0          0         80   rt_memcpy_w.o
         2          0          0          0          0          0   rtexit.o
        10          0          0          0          0          0   rtexit2.o
        12          4          0          0          0         68   sys_exit.o
        74          0          0          0          0         80   sys_stackheap_outer.o
         2          0          0          0          0         68   use_no_semi.o
        26          0          0          0          0        116   fpinit.o

    ----------------------------------------------------------------------
       994         16          0          0         96       1164   Library Totals
        10          0          0          0          0          0   (incl. Padding)

    ----------------------------------------------------------------------

      Code (inc. data)   RO Data    RW Data    ZI Data      Debug   Library Name

       958         16          0          0         96       1048   c_w.l
        26          0          0          0          0        116   fz_wm.l

    ----------------------------------------------------------------------
       994         16          0          0         96       1164   Library Totals

    ----------------------------------------------------------------------

==============================================================================


      Code (inc. data)   RO Data    RW Data    ZI Data      Debug   

     75726        370        806        260      32812     466367   Grand Totals
     75726        370        806        260      32812     466367   ELF Image Totals
     75726        370        806        260          0          0   ROM Totals

==============================================================================

    Total RO  Size (Code + RO Data)                76532 (  74.74kB)
    Total RW  Size (RW Data + ZI Data)             33072 (  32.30kB)
    Total ROM Size (Code + RO Data + RW Data)      76792 (  74.99kB)

==============================================================================

