Component: Arm Compiler for Embedded 6.24 Tool: armlink [5f371500]

==============================================================================

Section Cross References

    startup_stm32f407xx.o(STACK) refers (Special) to heapauxi.o(.text) for __use_two_region_memory
    startup_stm32f407xx.o(HEAP) refers (Special) to heapauxi.o(.text) for __use_two_region_memory
    startup_stm32f407xx.o(RESET) refers (Special) to heapauxi.o(.text) for __use_two_region_memory
    startup_stm32f407xx.o(RESET) refers to startup_stm32f407xx.o(STACK) for __initial_sp
    startup_stm32f407xx.o(RESET) refers to startup_stm32f407xx.o(.text) for Reset_Handler
    startup_stm32f407xx.o(RESET) refers to stm32f4xx_it.o(.text.NMI_Handler) for NMI_Handler
    startup_stm32f407xx.o(RESET) refers to stm32f4xx_it.o(.text.HardFault_Handler) for HardFault_Handler
    startup_stm32f407xx.o(RESET) refers to stm32f4xx_it.o(.text.MemManage_Handler) for MemManage_Handler
    startup_stm32f407xx.o(RESET) refers to stm32f4xx_it.o(.text.BusFault_Handler) for BusFault_Handler
    startup_stm32f407xx.o(RESET) refers to stm32f4xx_it.o(.text.UsageFault_Handler) for UsageFault_Handler
    startup_stm32f407xx.o(RESET) refers to port.o(.text.SVC_Handler) for SVC_Handler
    startup_stm32f407xx.o(RESET) refers to stm32f4xx_it.o(.text.DebugMon_Handler) for DebugMon_Handler
    startup_stm32f407xx.o(RESET) refers to port.o(.text.PendSV_Handler) for PendSV_Handler
    startup_stm32f407xx.o(RESET) refers to cmsis_os2.o(.text.SysTick_Handler) for SysTick_Handler
    startup_stm32f407xx.o(RESET) refers to stm32f4xx_it.o(.text.EXTI2_IRQHandler) for EXTI2_IRQHandler
    startup_stm32f407xx.o(RESET) refers to stm32f4xx_it.o(.text.EXTI3_IRQHandler) for EXTI3_IRQHandler
    startup_stm32f407xx.o(RESET) refers to stm32f4xx_it.o(.text.EXTI4_IRQHandler) for EXTI4_IRQHandler
    startup_stm32f407xx.o(RESET) refers to stm32f4xx_it.o(.text.DMA1_Stream1_IRQHandler) for DMA1_Stream1_IRQHandler
    startup_stm32f407xx.o(RESET) refers to stm32f4xx_it.o(.text.EXTI9_5_IRQHandler) for EXTI9_5_IRQHandler
    startup_stm32f407xx.o(RESET) refers to stm32f4xx_it.o(.text.USART3_IRQHandler) for USART3_IRQHandler
    startup_stm32f407xx.o(RESET) refers to stm32f4xx_it.o(.text.EXTI15_10_IRQHandler) for EXTI15_10_IRQHandler
    startup_stm32f407xx.o(RESET) refers to stm32f4xx_it.o(.text.TIM6_DAC_IRQHandler) for TIM6_DAC_IRQHandler
    startup_stm32f407xx.o(RESET) refers to stm32f4xx_it.o(.text.TIM7_IRQHandler) for TIM7_IRQHandler
    startup_stm32f407xx.o(RESET) refers to stm32f4xx_it.o(.text.OTG_FS_IRQHandler) for OTG_FS_IRQHandler
    startup_stm32f407xx.o(.text) refers (Special) to heapauxi.o(.text) for __use_two_region_memory
    startup_stm32f407xx.o(.text) refers to system_stm32f4xx.o(.text.SystemInit) for SystemInit
    startup_stm32f407xx.o(.text) refers to __main.o(!!!main) for __main
    startup_stm32f407xx.o(.text) refers to startup_stm32f407xx.o(HEAP) for Heap_Mem
    startup_stm32f407xx.o(.text) refers to startup_stm32f407xx.o(STACK) for Stack_Mem
    main.o(.text.main) refers to stm32f4xx_hal.o(.text.HAL_Init) for HAL_Init
    main.o(.text.main) refers to main.o(.text.SystemClock_Config) for SystemClock_Config
    main.o(.text.main) refers to gpio.o(.text.MX_GPIO_Init) for MX_GPIO_Init
    main.o(.text.main) refers to dma.o(.text.MX_DMA_Init) for MX_DMA_Init
    main.o(.text.main) refers to tim.o(.text.MX_TIM1_Init) for MX_TIM1_Init
    main.o(.text.main) refers to tim.o(.text.MX_TIM2_Init) for MX_TIM2_Init
    main.o(.text.main) refers to tim.o(.text.MX_TIM3_Init) for MX_TIM3_Init
    main.o(.text.main) refers to tim.o(.text.MX_TIM4_Init) for MX_TIM4_Init
    main.o(.text.main) refers to tim.o(.text.MX_TIM5_Init) for MX_TIM5_Init
    main.o(.text.main) refers to tim.o(.text.MX_TIM10_Init) for MX_TIM10_Init
    main.o(.text.main) refers to usart.o(.text.MX_UART4_Init) for MX_UART4_Init
    main.o(.text.main) refers to usart.o(.text.MX_USART1_UART_Init) for MX_USART1_UART_Init
    main.o(.text.main) refers to usart.o(.text.MX_USART3_UART_Init) for MX_USART3_UART_Init
    main.o(.text.main) refers to tim.o(.text.MX_TIM7_Init) for MX_TIM7_Init
    main.o(.text.main) refers to tim.o(.bss.htim7) for htim7
    main.o(.text.main) refers to stm32f4xx_hal_tim.o(.text.HAL_TIM_Base_Start_IT) for HAL_TIM_Base_Start_IT
    main.o(.text.main) refers to cmsis_os2.o(.text.osKernelInitialize) for osKernelInitialize
    main.o(.text.main) refers to freertos.o(.text.MX_FREERTOS_Init) for MX_FREERTOS_Init
    main.o(.text.main) refers to cmsis_os2.o(.text.osKernelStart) for osKernelStart
    main.o(.ARM.exidx.text.main) refers to main.o(.text.main) for [Anonymous Symbol]
    main.o(.text.SystemClock_Config) refers to rt_memclr_w.o(.text) for __aeabi_memclr4
    main.o(.text.SystemClock_Config) refers to stm32f4xx_hal_rcc.o(.text.HAL_RCC_OscConfig) for HAL_RCC_OscConfig
    main.o(.text.SystemClock_Config) refers to stm32f4xx_hal_rcc.o(.text.HAL_RCC_ClockConfig) for HAL_RCC_ClockConfig
[...]
    USB_DevDisconnect                        0x08007971   Thumb Code    30  stm32f4xx_ll_usb.o(.text.USB_DevDisconnect)
    USB_DevInit                              0x08007991   Thumb Code   490  stm32f4xx_ll_usb.o(.text.USB_DevInit)
    USB_DisableGlobalInt                     0x08007b7d   Thumb Code    14  stm32f4xx_ll_usb.o(.text.USB_DisableGlobalInt)
    USB_EP0_OutStart                         0x08007b8d   Thumb Code    90  stm32f4xx_ll_usb.o(.text.USB_EP0_OutStart)
    USB_EPClearStall                         0x08007be9   Thumb Code    80  stm32f4xx_ll_usb.o(.text.USB_EPClearStall)
    USB_EPSetStall                           0x08007c39   Thumb Code    60  stm32f4xx_ll_usb.o(.text.USB_EPSetStall)
    USB_EPStartXfer                          0x08007c75   Thumb Code   496  stm32f4xx_ll_usb.o(.text.USB_EPStartXfer)
    USB_EPStopXfer                           0x08007e65   Thumb Code   138  stm32f4xx_ll_usb.o(.text.USB_EPStopXfer)
    USB_EnableGlobalInt                      0x08007ef1   Thumb Code    14  stm32f4xx_ll_usb.o(.text.USB_EnableGlobalInt)
    USB_FlushTxFifo                          0x08007f01   Thumb Code    72  stm32f4xx_ll_usb.o(.text.USB_FlushTxFifo)
    USB_GetDevSpeed                          0x08007f49   Thumb Code    26  stm32f4xx_ll_usb.o(.text.USB_GetDevSpeed)
    USB_GetMode                              0x08007f65   Thumb Code     8  stm32f4xx_ll_usb.o(.text.USB_GetMode)
    USB_ReadDevAllInEpInterrupt              0x08007f6d   Thumb Code    14  stm32f4xx_ll_usb.o(.text.USB_ReadDevAllInEpInterrupt)
    USB_ReadDevAllOutEpInterrupt             0x08007f7d   Thumb Code    14  stm32f4xx_ll_usb.o(.text.USB_ReadDevAllOutEpInterrupt)
    USB_ReadDevInEPInterrupt                 0x08007f8d   Thumb Code    36  stm32f4xx_ll_usb.o(.text.USB_ReadDevInEPInterrupt)
    USB_ReadDevOutEPInterrupt                0x08007fb1   Thumb Code    16  stm32f4xx_ll_usb.o(.text.USB_ReadDevOutEPInterrupt)
    USB_ReadInterrupts                       0x08007fc1   Thumb Code     8  stm32f4xx_ll_usb.o(.text.USB_ReadInterrupts)
    USB_ReadPacket                           0x08007fc9   Thumb Code    66  stm32f4xx_ll_usb.o(.text.USB_ReadPacket)
    USB_SetCurrentMode                       0x0800800d   Thumb Code   100  stm32f4xx_ll_usb.o(.text.USB_SetCurrentMode)
    USB_SetDevAddress                        0x08008071   Thumb Code    34  stm32f4xx_ll_usb.o(.text.USB_SetDevAddress)
    USB_SetTurnaroundTime                    0x08008095   Thumb Code   272  stm32f4xx_ll_usb.o(.text.USB_SetTurnaroundTime)
    USB_WritePacket                          0x080081a5   Thumb Code    40  stm32f4xx_ll_usb.o(.text.USB_WritePacket)
    UsageFault_Handler                       0x080081cd   Thumb Code     2  stm32f4xx_it.o(.text.UsageFault_Handler)
    main                                     0x080081d1   Thumb Code    82  main.o(.text.main)
    osDelay                                  0x08008225   Thumb Code    32  cmsis_os2.o(.text.osDelay)
    osKernelGetTickCount                     0x08008245   Thumb Code    16  cmsis_os2.o(.text.osKernelGetTickCount)
    osKernelInitialize                       0x08008255   Thumb Code    40  cmsis_os2.o(.text.osKernelInitialize)
    osKernelStart                            0x0800827d   Thumb Code    60  cmsis_os2.o(.text.osKernelStart)
    osThreadNew                              0x080082b9   Thumb Code   190  cmsis_os2.o(.text.osThreadNew)
    pvPortMalloc                             0x08008a21   Thumb Code   416  heap_4.o(.text.pvPortMalloc)
    pxPortInitialiseStack                    0x08008bc1   Thumb Code    36  port.o(.text.pxPortInitialiseStack)
    uxListRemove                             0x08008be5   Thumb Code    36  list.o(.text.uxListRemove)
    vApplicationGetIdleTaskMemory            0x08008c09   Thumb Code    26  cmsis_os2.o(.text.vApplicationGetIdleTaskMemory)
    vApplicationGetTimerTaskMemory           0x08008c25   Thumb Code    28  cmsis_os2.o(.text.vApplicationGetTimerTaskMemory)
    vListInitialise                          0x08008c41   Thumb Code    22  list.o(.text.vListInitialise)
    vListInitialiseItem                      0x08008c59   Thumb Code     6  list.o(.text.vListInitialiseItem)
    vListInsert                              0x08008c61   Thumb Code    58  list.o(.text.vListInsert)
    vListInsertEnd                           0x08008c9d   Thumb Code    28  list.o(.text.vListInsertEnd)
    vPortEnterCritical                       0x08008ccd   Thumb Code    70  port.o(.text.vPortEnterCritical)
    vPortExitCritical                        0x08008d15   Thumb Code    46  port.o(.text.vPortExitCritical)
    vPortFree                                0x08008d45   Thumb Code   214  heap_4.o(.text.vPortFree)
    vPortSetupTimerInterrupt                 0x08008e1d   Thumb Code    52  port.o(.text.vPortSetupTimerInterrupt)
    vPortValidateInterruptPriority           0x08008e51   Thumb Code    98  port.o(.text.vPortValidateInterruptPriority)
    vQueueAddToRegistry                      0x08008eb5   Thumb Code    40  queue.o(.text.vQueueAddToRegistry)
    vQueueWaitForMessageRestricted           0x08008edd   Thumb Code    70  queue.o(.text.vQueueWaitForMessageRestricted)
    vTaskDelay                               0x08008f25   Thumb Code   170  tasks.o(.text.vTaskDelay)
    vTaskInternalSetTimeOutState             0x08008fd1   Thumb Code    26  tasks.o(.text.vTaskInternalSetTimeOutState)
    vTaskMissedYield                         0x08008fed   Thumb Code    14  tasks.o(.text.vTaskMissedYield)
    vTaskPlaceOnEventList                    0x08008ffd   Thumb Code   150  tasks.o(.text.vTaskPlaceOnEventList)
    vTaskPlaceOnEventListRestricted          0x08009095   Thumb Code   168  tasks.o(.text.vTaskPlaceOnEventListRestricted)
    vTaskStartScheduler                      0x0800913d   Thumb Code   156  tasks.o(.text.vTaskStartScheduler)
    vTaskSuspendAll                          0x080091e1   Thumb Code    16  tasks.o(.text.vTaskSuspendAll)
    vTaskSwitchContext                       0x080091f1   Thumb Code   146  tasks.o(.text.vTaskSwitchContext)
    xPortStartScheduler                      0x08009285   Thumb Code   302  port.o(.text.xPortStartScheduler)
    xPortSysTickHandler                      0x080093b5   Thumb Code    46  port.o(.text.xPortSysTickHandler)
    xQueueGenericCreate                      0x080093e5   Thumb Code   130  queue.o(.text.xQueueGenericCreate)
    xQueueGenericCreateStatic                0x08009469   Thumb Code   218  queue.o(.text.xQueueGenericCreateStatic)
    xQueueGenericSend                        0x08009545   Thumb Code   532  queue.o(.text.xQueueGenericSend)
    xQueueGenericSendFromISR                 0x08009759   Thumb Code   314  queue.o(.text.xQueueGenericSendFromISR)
    xQueueReceive                            0x08009895   Thumb Code   424  queue.o(.text.xQueueReceive)
    xTaskCheckForTimeOut                     0x08009a3d   Thumb Code   140  tasks.o(.text.xTaskCheckForTimeOut)
    xTaskCreate                              0x08009ac9   Thumb Code   220  tasks.o(.text.xTaskCreate)
    xTaskCreateStatic                        0x08009ba5   Thumb Code   234  tasks.o(.text.xTaskCreateStatic)
    xTaskGetSchedulerState                   0x08009c91   Thumb Code    38  tasks.o(.text.xTaskGetSchedulerState)
    xTaskGetTickCount                        0x08009cb9   Thumb Code    12  tasks.o(.text.xTaskGetTickCount)
    xTaskGetTickCountFromISR                 0x08009cc5   Thumb Code    18  tasks.o(.text.xTaskGetTickCountFromISR)
    xTaskIncrementTick                       0x08009cd9   Thumb Code   366  tasks.o(.text.xTaskIncrementTick)
    xTaskPriorityDisinherit                  0x08009e49   Thumb Code   154  tasks.o(.text.xTaskPriorityDisinherit)
    xTaskRemoveFromEventList                 0x08009ee5   Thumb Code   142  tasks.o(.text.xTaskRemoveFromEventList)
    xTaskResumeAll                           0x08009f75   Thumb Code   308  tasks.o(.text.xTaskResumeAll)
    xTimerCreateTimerTask                    0x0800a0a9   Thumb Code   108  timers.o(.text.xTimerCreateTimerTask)
    _fp_init                                 0x0800a11d   Thumb Code    26  fpinit.o(x$fpl$fpinit)
    __fplib_config_fpu_vfp                   0x0800a135   Thumb Code     0  fpinit.o(x$fpl$fpinit)
    __fplib_config_pureend_doubles           0x0800a135   Thumb Code     0  fpinit.o(x$fpl$fpinit)
    AHBPrescTable                            0x0800a144   Data          16  system_stm32f4xx.o(.rodata.AHBPrescTable)
    APBPrescTable                            0x0800a154   Data           8  system_stm32f4xx.o(.rodata.APBPrescTable)
    defaultTask_attributes                   0x0800a17c   Data          36  freertos.o(.rodata.defaultTask_attributes)
    imuTask_attributes                       0x0800a1a0   Data          36  freertos.o(.rodata.imuTask_attributes)
    motorCtrlTask_attributes                 0x0800a1c4   Data          36  freertos.o(.rodata.motorCtrlTask_attributes)
    sensorTask_attributes                    0x0800a1e8   Data          36  freertos.o(.rodata.sensorTask_attributes)
    usbCommTask_attributes                   0x0800a248   Data          36  freertos.o(.rodata.usbCommTask_attributes)
    Region$$Table$$Base                      0x0800a26c   Number         0  anon$$obj.o(Region$$Table)
    Region$$Table$$Limit                     0x0800a28c   Number         0  anon$$obj.o(Region$$Table)
    FS_Desc                                  0x20000000   Data          28  usbd_desc.o(.data.FS_Desc)
    SystemCoreClock                          0x2000001c   Data           4  system_stm32f4xx.o(.data.SystemCoreClock)
    USBD_CDC                                 0x20000020   Data          56  usbd_cdc.o(.data.USBD_CDC)
    USBD_FS_DeviceDesc                       0x200000a8   Data          18  usbd_desc.o(.data.USBD_FS_DeviceDesc)
    USBD_Interface_fops_FS                   0x200000bc   Data          20  usbd_cdc_if.o(.data.USBD_Interface_fops_FS)
    USBD_LangIDDesc                          0x200000d0   Data           4  usbd_desc.o(.data.USBD_LangIDDesc)
    USBD_StringSerial                        0x200000d4   Data          26  usbd_desc.o(.data.USBD_StringSerial)
    g_pCleanBotApp                           0x200000f0   Data           4  cleanbotapp.o(.data.g_pCleanBotApp)
    uwTickFreq                               0x200000f4   Data           1  stm32f4xx_hal.o(.data.uwTickFreq)
    uwTickPrio                               0x200000f8   Data           4  stm32f4xx_hal.o(.data.uwTickPrio)
    __libspace_start                         0x20000100   Data          96  libspace.o(.bss)
    __temporary_stack_top$libspace           0x20000160   Data           0  libspace.o(.bss)
    USBD_StrDesc                             0x20000174   Data         512  usbd_desc.o(.bss.USBD_StrDesc)
    UserRxBufferFS                           0x20000594   Data        2048  usbd_cdc_if.o(.bss.UserRxBufferFS)
    UserTxBufferFS                           0x20000d94   Data        2048  usbd_cdc_if.o(.bss.UserTxBufferFS)
    arr_left                                 0x20001594   Data           4  motor.o(.bss.arr_left)
    ccr_left                                 0x200015a8   Data           4  motor.o(.bss.ccr_left)
    defaultTaskHandle                        0x200015b0   Data           4  freertos.o(.bss.defaultTaskHandle)
    hUsbDeviceFS                             0x20001da8   Data         732  usb_device.o(.bss.hUsbDeviceFS)
    hdma_usart3_rx                           0x20002084   Data          96  usart.o(.bss.hdma_usart3_rx)
    hpcd_USB_OTG_FS                          0x200020e4   Data        1252  usbd_conf.o(.bss.hpcd_USB_OTG_FS)
    htim1                                    0x200025c8   Data          72  tim.o(.bss.htim1)
    htim10                                   0x20002610   Data          72  tim.o(.bss.htim10)
    htim2                                    0x20002658   Data          72  tim.o(.bss.htim2)
    htim3                                    0x200026a0   Data          72  tim.o(.bss.htim3)
    htim4                                    0x200026e8   Data          72  tim.o(.bss.htim4)
    htim5                                    0x20002730   Data          72  tim.o(.bss.htim5)
    htim6                                    0x20002778   Data          72  stm32f4xx_hal_timebase_tim.o(.bss.htim6)
    htim7                                    0x200027c0   Data          72  tim.o(.bss.htim7)
    huart1                                   0x20002808   Data          72  usart.o(.bss.huart1)
    huart3                                   0x20002850   Data          72  usart.o(.bss.huart3)
    huart4                                   0x20002898   Data          72  usart.o(.bss.huart4)
    imuTaskHandle                            0x200028e0   Data           4  freertos.o(.bss.imuTaskHandle)
    leftCurrentRPM                           0x2000290c   Data           4  motor_ctrl_task.o(.bss.leftCurrentRPM)
    leftTarget                               0x20002910   Data           4  motor_ctrl_task.o(.bss.leftTarget)
    motorCtrlTaskHandle                      0x20002914   Data           4  freertos.o(.bss.motorCtrlTaskHandle)
    pxCurrentTCB                             0x20002a0c   Data           4  tasks.o(.bss.pxCurrentTCB)
    rightCurrentRPM                          0x20002e84   Data           4  motor_ctrl_task.o(.bss.rightCurrentRPM)
    rightTarget                              0x20002e88   Data           4  motor_ctrl_task.o(.bss.rightTarget)
    sensorTaskHandle                         0x200034c8   Data           4  freertos.o(.bss.sensorTaskHandle)
    usbCommTaskHandle                        0x200070d4   Data           4  freertos.o(.bss.usbCommTaskHandle)
    uwTick                                   0x200070d8   Data           4  stm32f4xx_hal.o(.bss.uwTick)
    watch_ms                                 0x200077a8   Data           4  motor_ctrl_task.o(.bss.watch_ms)
    watch_target                             0x200077ac   Data           4  motor_ctrl_task.o(.bss.watch_target)
    xQueueRegistry                           0x20007838   Data          64  queue.o(.bss.xQueueRegistry)



==============================================================================

Memory Map of the image

  Image Entry point : 0x08000189

  Load Region LR_IROM1 (Base: 0x08000000, Size: 0x0000a390, Max: 0x00100000, ABSOLUTE)

    Execution Region ER_IROM1 (Exec base: 0x08000000, Load base: 0x08000000, Size: 0x0000a28c, Max: 0x00100000, ABSOLUTE)

    Exec Addr    Load Addr    Size         Type   Attr      Idx    E Section Name        Object

    0x08000000   0x08000000   0x00000188   Data   RO            3    RESET               startup_stm32f407xx.o
    0x08000188   0x08000188   0x00000008   Code   RO         2587  * !!!main             c_w.l(__main.o)
    0x08000190   0x08000190   0x0000005c   Code   RO         2766    !!!scatter          c_w.l(__scatter.o)
    0x080001ec   0x080001ec   0x0000001a   Code   RO         2770    !!handler_copy      c_w.l(__scatter_copy.o)
    0x08000206   0x08000206   0x00000002   PAD
    0x08000208   0x08000208   0x00000002   Code   RO         2767    !!handler_null      c_w.l(__scatter.o)
    0x0800020a   0x0800020a   0x00000002   PAD
    0x0800020c   0x0800020c   0x0000001c   Code   RO         2772    !!handler_zi        c_w.l(__scatter_zi.o)
    0x08000228   0x08000228   0x00000002   Code   RO         2628    .ARM.Collect$$libinit$$00000000  c_w.l(libinit.o)
    0x0800022a   0x0800022a   0x00000004   Code   RO         2640    .ARM.Collect$$libinit$$00000001  c_w.l(libinit2.o)
    0x0800022e   0x0800022e   0x00000000   Code   RO         2643    .ARM.Collect$$libinit$$00000004  c_w.l(libinit2.o)
    0x0800022e   0x0800022e   0x00000000   Code   RO         2645    .ARM.Collect$$libinit$$00000006  c_w.l(libinit2.o)
    0x0800022e   0x0800022e   0x00000000   Code   RO         2648    .ARM.Collect$$libinit$$0000000C  c_w.l(libinit2.o)
    0x0800022e   0x0800022e   0x00000000   Code   RO         2650    .ARM.Collect$$libinit$$0000000E  c_w.l(libinit2.o)
    0x0800022e   0x0800022e   0x00000000   Code   RO         2652    .ARM.Collect$$libinit$$00000010  c_w.l(libinit2.o)
    0x0800022e   0x0800022e   0x00000000   Code   RO         2655    .ARM.Collect$$libinit$$00000013  c_w.l(libinit2.o)
    0x0800022e   0x0800022e   0x00000000   Code   RO         2657    .ARM.Collect$$libinit$$00000015  c_w.l(libinit2.o)
    0x0800022e   0x0800022e   0x00000000   Code   RO         2659    .ARM.Collect$$libinit$$00000017  c_w.l(libinit2.o)
    0x0800022e   0x0800022e   0x00000000   Code   RO         2661    .ARM.Collect$$libinit$$00000019  c_w.l(libinit2.o)
    0x0800022e   0x0800022e   0x00000000   Code   RO         2663    .ARM.Collect$$libinit$$0000001B  c_w.l(libinit2.o)
    0x0800022e   0x0800022e   0x00000000   Code   RO         2665    .ARM.Collect$$libinit$$0000001D  c_w.l(libinit2.o)
    0x0800022e   0x0800022e   0x00000000   Code   RO         2667    .ARM.Collect$$libinit$$0000001F  c_w.l(libinit2.o)
    0x0800022e   0x0800022e   0x00000000   Code   RO         2669    .ARM.Collect$$libinit$$00000021  c_w.l(libinit2.o)
    0x0800022e   0x0800022e   0x00000000   Code   RO         2671    .ARM.Collect$$libinit$$00000023  c_w.l(libinit2.o)
    0x0800022e   0x0800022e   0x00000000   Code   RO         2673    .ARM.Collect$$libinit$$00000025  c_w.l(libinit2.o)
    0x0800022e   0x0800022e   0x00000000   Code   RO         2675    .ARM.Collect$$libinit$$00000027  c_w.l(libinit2.o)
    0x0800022e   0x0800022e   0x00000000   Code   RO         2679    .ARM.Collect$$libinit$$0000002E  c_w.l(libinit2.o)
    0x0800022e   0x0800022e   0x00000000   Code   RO         2681    .ARM.Collect$$libinit$$00000030  c_w.l(libinit2.o)
    0x0800022e   0x0800022e   0x00000000   Code   RO         2683    .ARM.Collect$$libinit$$00000032  c_w.l(libinit2.o)
    0x0800022e   0x0800022e   0x00000000   Code   RO         2685    .ARM.Collect$$libinit$$00000034  c_w.l(libinit2.o)
    0x0800022e   0x0800022e   0x00000002   Code   RO         2686    .ARM.Collect$$libinit$$00000035  c_w.l(libinit2.o)
    0x08000230   0x08000230   0x00000002   Code   RO         2721    .ARM.Collect$$libshutdown$$00000000  c_w.l(libshutdown.o)
    0x08000232   0x08000232   0x00000000   Code   RO         2749    .ARM.Collect$$libshutdown$$00000002  c_w.l(libshutdown2.o)
    0x08000232   0x08000232   0x00000000   Code   RO         2751    .ARM.Collect$$libshutdown$$00000004  c_w.l(libshutdown2.o)
    0x08000232   0x08000232   0x00000000   Code   RO         2754    .ARM.Collect$$libshutdown$$00000007  c_w.l(libshutdown2.o)
    0x08000232   0x08000232   0x00000000   Code   RO         2757    .ARM.Collect$$libshutdown$$0000000A  c_w.l(libshutdown2.o)
    0x08000232   0x08000232   0x00000000   Code   RO         2759    .ARM.Collect$$libshutdown$$0000000C  c_w.l(libshutdown2.o)
    0x08000232   0x08000232   0x00000000   Code   RO         2762    .ARM.Collect$$libshutdown$$0000000F  c_w.l(libshutdown2.o)
    0x08000232   0x08000232   0x00000002   Code   RO         2763    .ARM.Collect$$libshutdown$$00000010  c_w.l(libshutdown2.o)
    0x08000234   0x08000234   0x00000000   Code   RO         2589    .ARM.Collect$$rtentry$$00000000  c_w.l(__rtentry.o)
    0x08000234   0x08000234   0x00000000   Code   RO         2599    .ARM.Collect$$rtentry$$00000002  c_w.l(__rtentry2.o)
    0x08000234   0x08000234   0x00000006   Code   RO         2611    .ARM.Collect$$rtentry$$00000004  c_w.l(__rtentry4.o)
    0x0800023a   0x0800023a   0x00000000   Code   RO         2601    .ARM.Collect$$rtentry$$00000009  c_w.l(__rtentry2.o)
    0x0800023a   0x0800023a   0x00000004   Code   RO         2602    .ARM.Collect$$rtentry$$0000000A  c_w.l(__rtentry2.o)
    0x0800023e   0x0800023e   0x00000000   Code   RO         2604    .ARM.Collect$$rtentry$$0000000C  c_w.l(__rtentry2.o)
    0x0800023e   0x0800023e   0x00000008   Code   RO         2605    .ARM.Collect$$rtentry$$0000000D  c_w.l(__rtentry2.o)
    0x08000246   0x08000246   0x00000002   Code   RO         2632    .ARM.Collect$$rtexit$$00000000  c_w.l(rtexit.o)
    0x08000248   0x08000248   0x00000000   Code   RO         2692    .ARM.Collect$$rtexit$$00000002  c_w.l(rtexit2.o)
    0x08000248   0x08000248   0x00000004   Code   RO         2693    .ARM.Collect$$rtexit$$00000003  c_w.l(rtexit2.o)
    0x0800024c   0x0800024c   0x00000006   Code   RO         2694    .ARM.Collect$$rtexit$$00000004  c_w.l(rtexit2.o)
    0x08000252   0x08000252   0x00000002   PAD
    0x08000254   0x08000254   0x00000040   Code   RO            4    .text               startup_stm32f407xx.o
    0x08000294   0x08000294   0x000000f0   Code   RO         2571    .text               c_w.l(lludivv7m.o)
    0x08000384   0x08000384   0x0000008a   Code   RO         2573    .text               c_w.l(rt_memcpy_v6.o)
    0x0800040e   0x0800040e   0x00000084   Code   RO         2575    .text               c_w.l(rt_memmove_v6.o)
    0x08000492   0x08000492   0x00000010   Code   RO         2579    .text               c_w.l(aeabi_memset4.o)
    0x080004a2   0x080004a2   0x0000004e   Code   RO         2583    .text               c_w.l(rt_memclr_w.o)
    0x080004f0   0x080004f0   0x00000006   Code   RO         2585    .text               c_w.l(heapauxi.o)
    0x080004f6   0x080004f6   0x00000064   Code   RO         2594    .text               c_w.l(rt_memcpy_w.o)
    0x0800055a   0x0800055a   0x0000007a   Code   RO         2596    .text               c_w.l(rt_memmove_w.o)
    0x080005d4   0x080005d4   0x0000004a   Code   RO         2615    .text               c_w.l(sys_stackheap_outer.o)
    0x0800061e   0x0800061e   0x00000012   Code   RO         2617    .text               c_w.l(exit.o)
    0x08000630   0x08000630   0x00000008   Code   RO         2629    .text               c_w.l(libspace.o)
    0x08000638   0x08000638   0x0000000c   Code   RO         2687    .text               c_w.l(sys_exit.o)
    0x08000644   0x08000644   0x00000002   Code   RO         2710    .text               c_w.l(use_no_semi.o)
    0x08000646   0x08000646   0x00000000   Code   RO         2712    .text               c_w.l(indicate_semi.o)
    0x08000646   0x08000646   0x00000002   PAD
    0x08000648   0x08000648   0x00000002   Code   RO          138    .text.BusFault_Handler  stm32f4xx_it.o
    0x0800064a   0x0800064a   0x00000002   PAD
    0x0800064c   0x0800064c   0x000000de   Code   RO         2230    .text.Buzzer_Beep   buzzer.o
    0x0800072a   0x0800072a   0x00000002   PAD
    0x0800072c   0x0800072c   0x00000056   Code   RO         2228    .text.Buzzer_Init   buzzer.o
    0x08000782   0x08000782   0x00000002   PAD
    0x08000784   0x08000784   0x00000004   Code   RO          235    .text.CDC_Control_FS  usbd_cdc_if.o
    0x08000788   0x08000788   0x00000020   Code   RO          233    .text.CDC_DeInit_FS  usbd_cdc_if.o
    0x080007a8   0x080007a8   0x00000042   Code   RO          231    .text.CDC_Init_FS   usbd_cdc_if.o
    0x080007ea   0x080007ea   0x00000002   PAD
    0x080007ec   0x080007ec   0x0000004a   Code   RO          237    .text.CDC_Receive_FS  usbd_cdc_if.o
    0x08000836   0x08000836   0x00000002   PAD
    0x08000838   0x08000838   0x0000001e   Code   RO          239    .text.CDC_TransmitCplt_FS  usbd_cdc_if.o
    0x08000856   0x08000856   0x00000002   PAD
    0x08000858   0x08000858   0x00000036   Code   RO          241    .text.CDC_Transmit_FS  usbd_cdc_if.o
    0x0800088e   0x0800088e   0x00000002   PAD
    0x08000890   0x08000890   0x0000000a   Code   RO         2145    .text.CleanBotApp_GetInstance  cleanbotapp.o
    0x0800089a   0x0800089a   0x00000002   PAD
    0x0800089c   0x0800089c   0x000002c0   Code   RO         2125    .text.CleanBotApp_Init  cleanbotapp.o
    0x08000b5c   0x08000b5c   0x00000050   Code   RO         2129    .text.CleanBotApp_Start  cleanbotapp.o
    0x08000bac   0x08000bac   0x0000000c   Code   RO          150    .text.DMA1_Stream1_IRQHandler  stm32f4xx_it.o
    0x08000bb8   0x08000bb8   0x00000002   Code   RO          142    .text.DebugMon_Handler  stm32f4xx_it.o
    0x08000bba   0x08000bba   0x00000002   PAD
    0x08000bbc   0x08000bbc   0x00000026   Code   RO          156    .text.EXTI15_10_IRQHandler  stm32f4xx_it.o
    0x08000be2   0x08000be2   0x00000002   PAD
    0x08000be4   0x08000be4   0x00000006   Code   RO          144    .text.EXTI2_IRQHandler  stm32f4xx_it.o
    0x08000bea   0x08000bea   0x00000002   PAD
    0x08000bec   0x08000bec   0x00000006   Code   RO          146    .text.EXTI3_IRQHandler  stm32f4xx_it.o
    0x08000bf2   0x08000bf2   0x00000002   PAD
    0x08000bf4   0x08000bf4   0x00000006   Code   RO          148    .text.EXTI4_IRQHandler  stm32f4xx_it.o
    0x08000bfa   0x08000bfa   0x00000002   PAD
    0x08000bfc   0x08000bfc   0x00000020   Code   RO          152    .text.EXTI9_5_IRQHandler  stm32f4xx_it.o
    0x08000c1c   0x08000c1c   0x00000014   Code   RO         2213    .text.Encoder_GetSpeed  encoder.o
    0x08000c30   0x08000c30   0x00000014   Code   RO         2215    .text.Encoder_GetSpeedMs  encoder.o
    0x08000c44   0x08000c44   0x0000002c   Code   RO         2197    .text.Encoder_Init  encoder.o
    0x08000c70   0x08000c70   0x00000108   Code   RO         2217    .text.Encoder_On1kHzTick  encoder.o
    0x08000d78   0x08000d78   0x00000008   Code   RO         2199    .text.Encoder_SetPulsePerMeter  encoder.o
    0x08000d80   0x08000d80   0x0000002c   Code   RO         2201    .text.Encoder_Start  encoder.o
    0x08000dac   0x08000dac   0x00000006   Code   RO           15    .text.Error_Handler  main.o
    0x08000db2   0x08000db2   0x00000002   PAD
    0x08000db4   0x08000db4   0x00000080   Code   RO          999    .text.HAL_DMA_Abort  stm32f4xx_hal_dma.o
    0x08000e34   0x08000e34   0x00000024   Code   RO         1001    .text.HAL_DMA_Abort_IT  stm32f4xx_hal_dma.o
    0x08000e58   0x08000e58   0x00000188   Code   RO         1005    .text.HAL_DMA_IRQHandler  stm32f4xx_hal_dma.o
    0x08000fe0   0x08000fe0   0x0000013e   Code   RO          991    .text.HAL_DMA_Init  stm32f4xx_hal_dma.o
    0x0800111e   0x0800111e   0x00000002   PAD
    0x08001120   0x08001120   0x000000a0   Code   RO          997    .text.HAL_DMA_Start_IT  stm32f4xx_hal_dma.o
    0x080011c0   0x080011c0   0x00000028   Code   RO         1158    .text.HAL_Delay     stm32f4xx_hal.o
    0x080011e8   0x080011e8   0x00000058   Code   RO           28    .text.HAL_GPIO_EXTI_Callback  gpio.o
    0x08001240   0x08001240   0x00000016   Code   RO          965    .text.HAL_GPIO_EXTI_IRQHandler  stm32f4xx_hal_gpio.o
    0x08001256   0x08001256   0x00000002   PAD
    0x08001258   0x08001258   0x00000194   Code   RO          953    .text.HAL_GPIO_Init  stm32f4xx_hal_gpio.o
    0x080013ec   0x080013ec   0x0000000a   Code   RO          957    .text.HAL_GPIO_ReadPin  stm32f4xx_hal_gpio.o
    0x080013f6   0x080013f6   0x00000002   PAD
    0x080013f8   0x080013f8   0x0000000a   Code   RO          959    .text.HAL_GPIO_WritePin  stm32f4xx_hal_gpio.o
    0x08001402   0x08001402   0x00000002   PAD
    0x08001404   0x08001404   0x0000000c   Code   RO         1150    .text.HAL_GetTick   stm32f4xx_hal.o
    0x08001410   0x08001410   0x0000001a   Code   RO         1148    .text.HAL_IncTick   stm32f4xx_hal.o
    0x0800142a   0x0800142a   0x00000002   PAD
    0x0800142c   0x0800142c   0x00000036   Code   RO         1138    .text.HAL_Init      stm32f4xx_hal.o
    0x08001462   0x08001462   0x00000002   PAD
    0x08001464   0x08001464   0x000000b4   Code   RO          180    .text.HAL_InitTick  stm32f4xx_hal_timebase_tim.o
    0x08001518   0x08001518   0x00000042   Code   RO          171    .text.HAL_MspInit   stm32f4xx_hal_msp.o
    0x0800155a   0x0800155a   0x00000002   PAD
    0x0800155c   0x0800155c   0x00000022   Code   RO         1090    .text.HAL_NVIC_EnableIRQ  stm32f4xx_hal_cortex.o
    0x0800157e   0x0800157e   0x00000002   PAD
    0x08001580   0x08001580   0x00000056   Code   RO         1088    .text.HAL_NVIC_SetPriority  stm32f4xx_hal_cortex.o
    0x080015d6   0x080015d6   0x00000002   PAD
    0x080015d8   0x080015d8   0x00000020   Code   RO         1086    .text.HAL_NVIC_SetPriorityGrouping  stm32f4xx_hal_cortex.o
    0x080015f8   0x080015f8   0x00000002   Code   RO          727    .text.HAL_PCDEx_LPM_Callback  stm32f4xx_hal_pcd_ex.o
    0x080015fa   0x080015fa   0x00000002   PAD
    0x080015fc   0x080015fc   0x00000008   Code   RO          725    .text.HAL_PCDEx_SetRxFiFo  stm32f4xx_hal_pcd_ex.o
    0x08001604   0x08001604   0x0000004e   Code   RO          723    .text.HAL_PCDEx_SetTxFiFo  stm32f4xx_hal_pcd_ex.o
    0x08001652   0x08001652   0x00000002   PAD
    0x08001654   0x08001654   0x00000008   Code   RO          276    .text.HAL_PCD_ConnectCallback  usbd_conf.o
    0x0800165c   0x0800165c   0x00000014   Code   RO          262    .text.HAL_PCD_DataInStageCallback  usbd_conf.o
    0x08001670   0x08001670   0x00000016   Code   RO          260    .text.HAL_PCD_DataOutStageCallback  usbd_conf.o
    0x08001686   0x08001686   0x00000002   PAD
    0x08001688   0x08001688   0x00000008   Code   RO          278    .text.HAL_PCD_DisconnectCallback  usbd_conf.o
    0x08001690   0x08001690   0x00000050   Code   RO          693    .text.HAL_PCD_EP_Close  stm32f4xx_hal_pcd.o
    0x080016e0   0x080016e0   0x0000005e   Code   RO          703    .text.HAL_PCD_EP_ClrStall  stm32f4xx_hal_pcd.o
    0x0800173e   0x0800173e   0x00000002   PAD
    0x08001740   0x08001740   0x00000012   Code   RO          697    .text.HAL_PCD_EP_GetRxCount  stm32f4xx_hal_pcd.o
    0x08001752   0x08001752   0x00000002   PAD
    0x08001754   0x08001754   0x00000066   Code   RO          691    .text.HAL_PCD_EP_Open  stm32f4xx_hal_pcd.o
    0x080017ba   0x080017ba   0x00000002   PAD
    0x080017bc   0x080017bc   0x00000042   Code   RO          695    .text.HAL_PCD_EP_Receive  stm32f4xx_hal_pcd.o
    0x080017fe   0x080017fe   0x00000002   PAD
    0x08001800   0x08001800   0x0000006e   Code   RO          701    .text.HAL_PCD_EP_SetStall  stm32f4xx_hal_pcd.o
    0x0800186e   0x0800186e   0x00000002   PAD
    0x08001870   0x08001870   0x0000003a   Code   RO          699    .text.HAL_PCD_EP_Transmit  stm32f4xx_hal_pcd.o
    0x080018aa   0x080018aa   0x00000002   PAD
    0x080018ac   0x080018ac   0x0000072c   Code   RO          657    .text.HAL_PCD_IRQHandler  stm32f4xx_hal_pcd.o
    0x08001fd8   0x08001fd8   0x00000008   Code   RO          274    .text.HAL_PCD_ISOINIncompleteCallback  usbd_conf.o
    0x08001fe0   0x08001fe0   0x00000008   Code   RO          272    .text.HAL_PCD_ISOOUTIncompleteCallback  usbd_conf.o
    0x08001fe8   0x08001fe8   0x000000d8   Code   RO          645    .text.HAL_PCD_Init  stm32f4xx_hal_pcd.o
    0x080020c0   0x080020c0   0x000000b4   Code   RO          254    .text.HAL_PCD_MspInit  usbd_conf.o
    0x08002174   0x08002174   0x00000026   Code   RO          266    .text.HAL_PCD_ResetCallback  usbd_conf.o
    0x0800219a   0x0800219a   0x00000002   PAD
    0x0800219c   0x0800219c   0x00000008   Code   RO          270    .text.HAL_PCD_ResumeCallback  usbd_conf.o
    0x080021a4   0x080021a4   0x00000008   Code   RO          264    .text.HAL_PCD_SOFCallback  usbd_conf.o
    0x080021ac   0x080021ac   0x00000028   Code   RO          689    .text.HAL_PCD_SetAddress  stm32f4xx_hal_pcd.o
    0x080021d4   0x080021d4   0x0000000e   Code   RO          258    .text.HAL_PCD_SetupStageCallback  usbd_conf.o
    0x080021e2   0x080021e2   0x00000002   PAD
    0x080021e4   0x080021e4   0x0000003e   Code   RO          653    .text.HAL_PCD_Start  stm32f4xx_hal_pcd.o
    0x08002222   0x08002222   0x00000002   PAD
    0x08002224   0x08002224   0x00000034   Code   RO          268    .text.HAL_PCD_SuspendCallback  usbd_conf.o
    0x08002258   0x08002258   0x00000160   Code   RO          847    .text.HAL_RCC_ClockConfig  stm32f4xx_hal_rcc.o
    0x080023b8   0x080023b8   0x0000003e   Code   RO          865    .text.HAL_RCC_GetClockConfig  stm32f4xx_hal_rcc.o
    0x080023f6   0x080023f6   0x00000002   PAD
    0x080023f8   0x080023f8   0x0000000c   Code   RO          857    .text.HAL_RCC_GetHCLKFreq  stm32f4xx_hal_rcc.o
    0x08002404   0x08002404   0x00000026   Code   RO          859    .text.HAL_RCC_GetPCLK1Freq  stm32f4xx_hal_rcc.o
    0x0800242a   0x0800242a   0x00000002   PAD
    0x0800242c   0x0800242c   0x00000026   Code   RO          861    .text.HAL_RCC_GetPCLK2Freq  stm32f4xx_hal_rcc.o
    0x08002452   0x08002452   0x00000002   PAD
    0x08002454   0x08002454   0x0000006a   Code   RO          849    .text.HAL_RCC_GetSysClockFreq  stm32f4xx_hal_rcc.o
    0x080024be   0x080024be   0x00000002   PAD
    0x080024c0   0x080024c0   0x0000035c   Code   RO          845    .text.HAL_RCC_OscConfig  stm32f4xx_hal_rcc.o
    0x0800281c   0x0800281c   0x00000002   Code   RO          631    .text.HAL_TIMEx_BreakCallback  stm32f4xx_hal_tim_ex.o
    0x0800281e   0x0800281e   0x00000002   PAD
    0x08002820   0x08002820   0x00000002   Code   RO          627    .text.HAL_TIMEx_CommutCallback  stm32f4xx_hal_tim_ex.o
    0x08002822   0x08002822   0x00000002   PAD
    0x08002824   0x08002824   0x000000bc   Code   RO          621    .text.HAL_TIMEx_MasterConfigSynchronization  stm32f4xx_hal_tim_ex.o
    0x080028e0   0x080028e0   0x0000005a   Code   RO          326    .text.HAL_TIM_Base_Init  stm32f4xx_hal_tim.o
    0x0800293a   0x0800293a   0x00000002   PAD
    0x0800293c   0x0800293c   0x000000d0   Code   RO           89    .text.HAL_TIM_Base_MspInit  tim.o
    0x08002a0c   0x08002a0c   0x000000a8   Code   RO          340    .text.HAL_TIM_Base_Start_IT  stm32f4xx_hal_tim.o
    0x08002ab4   0x08002ab4   0x000001a0   Code   RO          506    .text.HAL_TIM_ConfigClockSource  stm32f4xx_hal_tim.o
    0x08002c54   0x08002c54   0x000000b2   Code   RO          440    .text.HAL_TIM_Encoder_Init  stm32f4xx_hal_tim.o
    0x08002d06   0x08002d06   0x00000002   PAD
    0x08002d08   0x08002d08   0x00000144   Code   RO           87    .text.HAL_TIM_Encoder_MspInit  tim.o
    0x08002e4c   0x08002e4c   0x000000bc   Code   RO          448    .text.HAL_TIM_Encoder_Start  stm32f4xx_hal_tim.o
    0x08002f08   0x08002f08   0x00000002   Code   RO          462    .text.HAL_TIM_IC_CaptureCallback  stm32f4xx_hal_tim.o
    0x08002f0a   0x08002f0a   0x00000002   PAD
    0x08002f0c   0x08002f0c   0x0000014a   Code   RO          460    .text.HAL_TIM_IRQHandler  stm32f4xx_hal_tim.o
    0x08003056   0x08003056   0x00000002   PAD
    0x08003058   0x08003058   0x00000118   Code   RO           77    .text.HAL_TIM_MspPostInit  tim.o
    0x08003170   0x08003170   0x00000002   Code   RO          464    .text.HAL_TIM_OC_DelayElapsedCallback  stm32f4xx_hal_tim.o
    0x08003172   0x08003172   0x00000002   PAD
    0x08003174   0x08003174   0x00000216   Code   RO          480    .text.HAL_TIM_PWM_ConfigChannel  stm32f4xx_hal_tim.o
    0x0800338a   0x0800338a   0x00000002   PAD
    0x0800338c   0x0800338c   0x0000005a   Code   RO          380    .text.HAL_TIM_PWM_Init  stm32f4xx_hal_tim.o
    0x080033e6   0x080033e6   0x00000002   PAD
    0x080033e8   0x080033e8   0x00000002   Code   RO          382    .text.HAL_TIM_PWM_MspInit  stm32f4xx_hal_tim.o
    0x080033ea   0x080033ea   0x00000002   PAD
    0x080033ec   0x080033ec   0x00000002   Code   RO          466    .text.HAL_TIM_PWM_PulseFinishedCallback  stm32f4xx_hal_tim.o
    0x080033ee   0x080033ee   0x00000002   PAD
    0x080033f0   0x080033f0   0x0000011c   Code   RO          388    .text.HAL_TIM_PWM_Start  stm32f4xx_hal_tim.o
    0x0800350c   0x0800350c   0x0000004e   Code   RO           17    .text.HAL_TIM_PeriodElapsedCallback  main.o
    0x0800355a   0x0800355a   0x00000002   PAD
    0x0800355c   0x0800355c   0x00000002   Code   RO          470    .text.HAL_TIM_TriggerCallback  stm32f4xx_hal_tim.o
    0x0800355e   0x0800355e   0x00000002   PAD
    0x08003560   0x08003560   0x00000068   Code   RO         1277    .text.HAL_UARTEx_ReceiveToIdle_DMA  stm32f4xx_hal_uart.o
    0x080035c8   0x080035c8   0x0000003e   Code   RO         2493    .text.HAL_UARTEx_RxEventCallback  imu_task.o
    0x08003606   0x08003606   0x00000002   PAD
    0x08003608   0x08003608   0x00000002   Code   RO         1313    .text.HAL_UART_ErrorCallback  stm32f4xx_hal_uart.o
    0x0800360a   0x0800360a   0x00000002   PAD
    0x0800360c   0x0800360c   0x00000316   Code   RO         1307    .text.HAL_UART_IRQHandler  stm32f4xx_hal_uart.o
    0x08003922   0x08003922   0x00000002   PAD
    0x08003924   0x08003924   0x00000060   Code   RO         1229    .text.HAL_UART_Init  stm32f4xx_hal_uart.o
    0x08003984   0x08003984   0x0000018a   Code   RO          116    .text.HAL_UART_MspInit  usart.o
    0x08003b0e   0x08003b0e   0x00000002   PAD
    0x08003b10   0x08003b10   0x00000002   Code   RO         1321    .text.HAL_UART_RxCpltCallback  stm32f4xx_hal_uart.o
    0x08003b12   0x08003b12   0x00000002   PAD
    0x08003b14   0x08003b14   0x00000002   Code   RO         1323    .text.HAL_UART_RxHalfCpltCallback  stm32f4xx_hal_uart.o
    0x08003b16   0x08003b16   0x00000002   PAD
    0x08003b18   0x08003b18   0x00000002   Code   RO         1317    .text.HAL_UART_TxCpltCallback  stm32f4xx_hal_uart.o
    0x08003b1a   0x08003b1a   0x00000002   PAD
    0x08003b1c   0x08003b1c   0x00000002   Code   RO          134    .text.HardFault_Handler  stm32f4xx_it.o
    0x08003b1e   0x08003b1e   0x00000002   PAD
    0x08003b20   0x08003b20   0x00000278   Code   RO         2501    .text.IMUTask_Run   imu_task.o
    0x08003d98   0x08003d98   0x00000018   Code   RO         2345    .text.IR_Sensor_Enable  ir_sensor.o
    0x08003db0   0x08003db0   0x0000001e   Code   RO         2343    .text.IR_Sensor_Init  ir_sensor.o
    0x08003dce   0x08003dce   0x00000002   PAD
    0x08003dd0   0x08003dd0   0x00000026   Code   RO         2248    .text.LED_Init      led.o
    0x08003df6   0x08003df6   0x00000002   PAD
    0x08003df8   0x08003df8   0x00000022   Code   RO         2252    .text.LED_Off       led.o
    0x08003e1a   0x08003e1a   0x00000002   PAD
    0x08003e1c   0x08003e1c   0x00000022   Code   RO         2250    .text.LED_On        led.o
    0x08003e3e   0x08003e3e   0x00000002   PAD
    0x08003e40   0x08003e40   0x00000038   Code   RO           62    .text.MX_DMA_Init   dma.o
    0x08003e78   0x08003e78   0x000000c0   Code   RO           39    .text.MX_FREERTOS_Init  freertos.o
    0x08003f38   0x08003f38   0x00000202   Code   RO           30    .text.MX_GPIO_Init  gpio.o
    0x0800413a   0x0800413a   0x00000002   PAD
    0x0800413c   0x0800413c   0x0000008a   Code   RO           85    .text.MX_TIM10_Init  tim.o
    0x080041c6   0x080041c6   0x00000002   PAD
    0x080041c8   0x080041c8   0x00000076   Code   RO           71    .text.MX_TIM1_Init  tim.o
    0x0800423e   0x0800423e   0x00000002   PAD
    0x08004240   0x08004240   0x00000072   Code   RO           73    .text.MX_TIM2_Init  tim.o
    0x080042b2   0x080042b2   0x00000002   PAD
    0x080042b4   0x080042b4   0x00000114   Code   RO           75    .text.MX_TIM3_Init  tim.o
    0x080043c8   0x080043c8   0x00000114   Code   RO           79    .text.MX_TIM4_Init  tim.o
    0x080044dc   0x080044dc   0x00000074   Code   RO           81    .text.MX_TIM5_Init  tim.o
    0x08004550   0x08004550   0x00000054   Code   RO           83    .text.MX_TIM7_Init  tim.o
    0x080045a4   0x080045a4   0x0000003c   Code   RO          110    .text.MX_UART4_Init  usart.o
    0x080045e0   0x080045e0   0x0000003c   Code   RO          112    .text.MX_USART1_UART_Init  usart.o
    0x0800461c   0x0800461c   0x00000042   Code   RO          114    .text.MX_USART3_UART_Init  usart.o
    0x0800465e   0x0800465e   0x00000002   PAD
    0x08004660   0x08004660   0x00000072   Code   RO          195    .text.MX_USB_DEVICE_Init  usb_device.o
    0x080046d2   0x080046d2   0x00000002   PAD
    0x080046d4   0x080046d4   0x00000002   Code   RO          136    .text.MemManage_Handler  stm32f4xx_it.o
    0x080046d6   0x080046d6   0x00000002   PAD
    0x080046d8   0x080046d8   0x00000032   Code   RO         2437    .text.MotorCtrlTask_GetWheelSpeed  motor_ctrl_task.o
    0x0800470a   0x0800470a   0x00000002   PAD
    0x0800470c   0x0800470c   0x00000240   Code   RO         2427    .text.MotorCtrlTask_Run  motor_ctrl_task.o
    0x0800494c   0x0800494c   0x0000000e   Code   RO         2431    .text.MotorCtrlTask_SetBrushMotor  motor_ctrl_task.o
    0x0800495a   0x0800495a   0x00000002   PAD
    0x0800495c   0x0800495c   0x0000000c   Code   RO         2435    .text.MotorCtrlTask_SetFanMotor  motor_ctrl_task.o
    0x08004968   0x08004968   0x0000000c   Code   RO         2433    .text.MotorCtrlTask_SetPumpMotor  motor_ctrl_task.o
    0x08004974   0x08004974   0x00000012   Code   RO         2429    .text.MotorCtrlTask_SetWheelSpeed  motor_ctrl_task.o
    0x08004986   0x08004986   0x00000002   PAD
    0x08004988   0x08004988   0x0000000c   Code   RO         2284    .text.Motor_Enable  motor.o
    0x08004994   0x08004994   0x00000048   Code   RO         2268    .text.Motor_Init    motor.o
    0x080049dc   0x080049dc   0x00000080   Code   RO         2270    .text.Motor_InitDualPWM  motor.o
    0x08004a5c   0x08004a5c   0x00000098   Code   RO         2296    .text.Motor_Private_Brake  motor.o
    0x08004af4   0x08004af4   0x0000000c   Code   RO         2298    .text.Motor_Private_GetSpeed  motor.o
    0x08004b00   0x08004b00   0x0000000a   Code   RO         2300    .text.Motor_Private_GetState  motor.o
    0x08004b0a   0x08004b0a   0x00000002   PAD
    0x08004b0c   0x08004b0c   0x00000008   Code   RO         2292    .text.Motor_Private_SetDirection  motor.o
    0x08004b14   0x08004b14   0x0000023c   Code   RO         2290    .text.Motor_Private_SetSpeed  motor.o
    0x08004d50   0x08004d50   0x00000080   Code   RO         2294    .text.Motor_Private_Stop  motor.o
    0x08004dd0   0x08004dd0   0x00000012   Code   RO         2274    .text.Motor_SetDirection  motor.o
    0x08004de2   0x08004de2   0x00000002   PAD
    0x08004de4   0x08004de4   0x00000012   Code   RO         2272    .text.Motor_SetSpeed  motor.o
    0x08004df6   0x08004df6   0x00000002   PAD
    0x08004df8   0x08004df8   0x00000012   Code   RO         2276    .text.Motor_Stop    motor.o
    0x08004e0a   0x08004e0a   0x00000002   PAD
    0x08004e0c   0x08004e0c   0x0000001a   Code   RO         2524    .text.NEC_Decoder_Init  nec_decode.o
    0x08004e26   0x08004e26   0x00000002   PAD
    0x08004e28   0x08004e28   0x00000002   Code   RO          132    .text.NMI_Handler   stm32f4xx_it.o
    0x08004e2a   0x08004e2a   0x00000002   PAD
    0x08004e2c   0x08004e2c   0x0000000c   Code   RO          162    .text.OTG_FS_IRQHandler  stm32f4xx_it.o
    0x08004e38   0x08004e38   0x0000014c   Code   RO         2323    .text.PID_Compute   pid_controller.o
    0x08004f84   0x08004f84   0x00000052   Code   RO         2313    .text.PID_Init      pid_controller.o
    0x08004fd6   0x08004fd6   0x00000002   PAD
    0x08004fd8   0x08004fd8   0x0000000e   Code   RO         2319    .text.PID_SetOutputLimit  pid_controller.o
    0x08004fe6   0x08004fe6   0x00000002   PAD
    0x08004fe8   0x08004fe8   0x0000000a   Code   RO         2315    .text.PID_SetTarget  pid_controller.o
    0x08004ff2   0x08004ff2   0x0000000e   PAD
    0x08005000   0x08005000   0x00000064   Code   RO         2089    .text.PendSV_Handler  port.o
    0x08005064   0x08005064   0x0000000a   Code   RO         2367    .text.PhotoGate_Enable  photo_gate.o
    0x0800506e   0x0800506e   0x00000002   PAD
    0x08005070   0x08005070   0x0000001a   Code   RO         2365    .text.PhotoGate_Init  photo_gate.o
    0x0800508a   0x0800508a   0x00000002   PAD
    0x0800508c   0x0800508c   0x00000038   Code   RO         2550    .text.RingBuffer_Get  ring_buffer.o
    0x080050c4   0x080050c4   0x0000000a   Code   RO         2554    .text.RingBuffer_GetCount  ring_buffer.o
    0x080050ce   0x080050ce   0x00000002   PAD
    0x080050d0   0x080050d0   0x0000006c   Code   RO         2560    .text.RingBuffer_GetData  ring_buffer.o
    0x0800513c   0x0800513c   0x0000001a   Code   RO         2542    .text.RingBuffer_Init  ring_buffer.o
    0x08005156   0x08005156   0x00000002   PAD
    0x08005158   0x08005158   0x00000010   Code   RO         2552    .text.RingBuffer_IsEmpty  ring_buffer.o
    0x08005168   0x08005168   0x00000076   Code   RO         2558    .text.RingBuffer_PutData  ring_buffer.o
    0x080051de   0x080051de   0x00000002   PAD
    0x080051e0   0x080051e0   0x0000000e   Code   RO         2544    .text.RingBuffer_Reset  ring_buffer.o
    0x080051ee   0x080051ee   0x00000002   PAD
    0x080051f0   0x080051f0   0x00000024   Code   RO         2073    .text.SVC_Handler   port.o
    0x08005214   0x08005214   0x000000ca   Code   RO         2409    .text.SensorManager_CheckButtonDebounce  sensor_manager.o
    0x080052de   0x080052de   0x00000002   PAD
    0x080052e0   0x080052e0   0x0000003c   Code   RO         2411    .text.SensorManager_GetEvent  sensor_manager.o
    0x0800531c   0x0800531c   0x0000000a   Code   RO         2413    .text.SensorManager_GetInstance  sensor_manager.o
    0x08005326   0x08005326   0x00000002   PAD
    0x08005328   0x08005328   0x0000002e   Code   RO         2405    .text.SensorManager_IRQHandler_Button1  sensor_manager.o
    0x08005356   0x08005356   0x00000002   PAD
    0x08005358   0x08005358   0x00000030   Code   RO         2407    .text.SensorManager_IRQHandler_Button2  sensor_manager.o
    0x08005388   0x08005388   0x00000088   Code   RO         2397    .text.SensorManager_IRQHandler_IR_FrontLeft  sensor_manager.o
    0x08005410   0x08005410   0x00000084   Code   RO         2399    .text.SensorManager_IRQHandler_IR_FrontRight  sensor_manager.o
    0x08005494   0x08005494   0x0000008e   Code   RO         2393    .text.SensorManager_IRQHandler_IR_Left  sensor_manager.o
    0x08005522   0x08005522   0x00000002   PAD
    0x08005524   0x08005524   0x00000086   Code   RO         2395    .text.SensorManager_IRQHandler_IR_Right  sensor_manager.o
    0x080055aa   0x080055aa   0x00000002   PAD
    0x080055ac   0x080055ac   0x0000005e   Code   RO         2401    .text.SensorManager_IRQHandler_PhotoGate_Left  sensor_manager.o
    0x0800560a   0x0800560a   0x00000002   PAD
    0x0800560c   0x0800560c   0x0000005e   Code   RO         2403    .text.SensorManager_IRQHandler_PhotoGate_Right  sensor_manager.o
    0x0800566a   0x0800566a   0x00000002   PAD
    0x0800566c   0x0800566c   0x00000070   Code   RO         2387    .text.SensorManager_Init  sensor_manager.o
    0x080056dc   0x080056dc   0x0000000c   Code   RO         2389    .text.SensorManager_Start  sensor_manager.o
    0x080056e8   0x080056e8   0x00000316   Code   RO         2460    .text.SensorTask_Run  sensor_task.o
    0x080059fe   0x080059fe   0x00000002   PAD
    0x08005a00   0x08005a00   0x0000000e   Code   RO           41    .text.StartDefaultTask  freertos.o
    0x08005a0e   0x08005a0e   0x00000002   PAD
    0x08005a10   0x08005a10   0x0000001e   Code   RO         1878    .text.SysTick_Handler  cmsis_os2.o
    0x08005a2e   0x08005a2e   0x00000002   PAD
    0x08005a30   0x08005a30   0x000000a6   Code   RO           13    .text.SystemClock_Config  main.o
    0x08005ad6   0x08005ad6   0x00000002   PAD
    0x08005ad8   0x08005ad8   0x00000012   Code   RO         1351    .text.SystemInit    system_stm32f4xx.o
    0x08005aea   0x08005aea   0x00000002   PAD
    0x08005aec   0x08005aec   0x0000000c   Code   RO          158    .text.TIM6_DAC_IRQHandler  stm32f4xx_it.o
    0x08005af8   0x08005af8   0x0000000c   Code   RO          160    .text.TIM7_IRQHandler  stm32f4xx_it.o
    0x08005b04   0x08005b04   0x0000012c   Code   RO          330    .text.TIM_Base_SetConfig  stm32f4xx_hal_tim.o
    0x08005c30   0x08005c30   0x0000000a   Code   RO         1311    .text.UART_DMAAbortOnError  stm32f4xx_hal_uart.o
    0x08005c3a   0x08005c3a   0x00000002   PAD
    0x08005c3c   0x08005c3c   0x000000a2   Code   RO         1261    .text.UART_DMAError  stm32f4xx_hal_uart.o
    0x08005cde   0x08005cde   0x00000002   PAD
    0x08005ce0   0x08005ce0   0x00000080   Code   RO         1339    .text.UART_DMAReceiveCplt  stm32f4xx_hal_uart.o
    0x08005d60   0x08005d60   0x00000018   Code   RO         1341    .text.UART_DMARxHalfCplt  stm32f4xx_hal_uart.o
    0x08005d78   0x08005d78   0x000000c0   Code   RO         1309    .text.UART_Receive_IT  stm32f4xx_hal_uart.o
    0x08005e38   0x08005e38   0x000000de   Code   RO         1233    .text.UART_SetConfig  stm32f4xx_hal_uart.o
    0x08005f16   0x08005f16   0x00000002   PAD
    0x08005f18   0x08005f18   0x000000aa   Code   RO         1265    .text.UART_Start_Receive_DMA  stm32f4xx_hal_uart.o
    0x08005fc2   0x08005fc2   0x00000002   PAD
    0x08005fc4   0x08005fc4   0x0000000c   Code   RO          154    .text.USART3_IRQHandler  stm32f4xx_it.o
    0x08005fd0   0x08005fd0   0x00000406   Code   RO         2479    .text.USBCommTask_Run  usb_comm_task.o
    0x080063d6   0x080063d6   0x00000002   PAD
    0x080063d8   0x080063d8   0x00000076   Code   RO         1473    .text.USBD_CDC_DataIn  usbd_cdc.o
    0x0800644e   0x0800644e   0x00000002   PAD
    0x08006450   0x08006450   0x0000003a   Code   RO         1475    .text.USBD_CDC_DataOut  usbd_cdc.o
    0x0800648a   0x0800648a   0x00000002   PAD
    0x0800648c   0x0800648c   0x00000060   Code   RO         1467    .text.USBD_CDC_DeInit  usbd_cdc.o
    0x080064ec   0x080064ec   0x00000036   Code   RO         1471    .text.USBD_CDC_EP0_RxReady  usbd_cdc.o
    0x08006522   0x08006522   0x00000002   PAD
    0x08006524   0x08006524   0x00000010   Code   RO         1483    .text.USBD_CDC_GetDeviceQualifierDescriptor  usbd_cdc.o
    0x08006534   0x08006534   0x00000052   Code   RO         1479    .text.USBD_CDC_GetFSCfgDesc  usbd_cdc.o
    0x08006586   0x08006586   0x00000002   PAD
    0x08006588   0x08006588   0x00000056   Code   RO         1477    .text.USBD_CDC_GetHSCfgDesc  usbd_cdc.o
    0x080065de   0x080065de   0x00000002   PAD
    0x080065e0   0x080065e0   0x00000052   Code   RO         1481    .text.USBD_CDC_GetOtherSpeedCfgDesc  usbd_cdc.o
    0x08006632   0x08006632   0x00000002   PAD
    0x08006634   0x08006634   0x000000c6   Code   RO         1465    .text.USBD_CDC_Init  usbd_cdc.o
    0x080066fa   0x080066fa   0x00000002   PAD
    0x080066fc   0x080066fc   0x00000034   Code   RO         1493    .text.USBD_CDC_ReceivePacket  usbd_cdc.o
    0x08006730   0x08006730   0x00000018   Code   RO         1485    .text.USBD_CDC_RegisterInterface  usbd_cdc.o
    0x08006748   0x08006748   0x0000001a   Code   RO         1489    .text.USBD_CDC_SetRxBuffer  usbd_cdc.o
    0x08006762   0x08006762   0x00000002   PAD
    0x08006764   0x08006764   0x0000001e   Code   RO         1487    .text.USBD_CDC_SetTxBuffer  usbd_cdc.o
    0x08006782   0x08006782   0x00000002   PAD
    0x08006784   0x08006784   0x000000d0   Code   RO         1469    .text.USBD_CDC_Setup  usbd_cdc.o
    0x08006854   0x08006854   0x00000044   Code   RO         1491    .text.USBD_CDC_TransmitPacket  usbd_cdc.o
    0x08006898   0x08006898   0x00000012   Code   RO         1380    .text.USBD_ClrClassConfig  usbd_core.o
    0x080068aa   0x080068aa   0x00000002   PAD
    0x080068ac   0x080068ac   0x00000004   Code   RO         1388    .text.USBD_CoreFindEP  usbd_core.o
    0x080068b0   0x080068b0   0x00000004   Code   RO         1386    .text.USBD_CoreFindIF  usbd_core.o
    0x080068b4   0x080068b4   0x00000010   Code   RO         1449    .text.USBD_CtlContinueRx  usbd_ioreq.o
    0x080068c4   0x080068c4   0x00000010   Code   RO         1445    .text.USBD_CtlContinueSendData  usbd_ioreq.o
    0x080068d4   0x080068d4   0x00000016   Code   RO         1424    .text.USBD_CtlError  usbd_ctlreq.o
    0x080068ea   0x080068ea   0x00000002   PAD
    0x080068ec   0x080068ec   0x0000001e   Code   RO         1447    .text.USBD_CtlPrepareRx  usbd_ioreq.o
    0x0800690a   0x0800690a   0x00000002   PAD
    0x0800690c   0x0800690c   0x00000016   Code   RO         1453    .text.USBD_CtlReceiveStatus  usbd_ioreq.o
    0x08006922   0x08006922   0x00000002   PAD
    0x08006924   0x08006924   0x0000001c   Code   RO         1443    .text.USBD_CtlSendData  usbd_ioreq.o
    0x08006940   0x08006940   0x00000016   Code   RO         1451    .text.USBD_CtlSendStatus  usbd_ioreq.o
    0x08006956   0x08006956   0x00000002   PAD
    0x08006958   0x08006958   0x00000024   Code   RO          214    .text.USBD_FS_ConfigStrDescriptor  usbd_desc.o
    0x0800697c   0x0800697c   0x0000000e   Code   RO          204    .text.USBD_FS_DeviceDescriptor  usbd_desc.o
    0x0800698a   0x0800698a   0x00000002   PAD
    0x0800698c   0x0800698c   0x00000028   Code   RO          216    .text.USBD_FS_InterfaceStrDescriptor  usbd_desc.o
    0x080069b4   0x080069b4   0x0000000e   Code   RO          206    .text.USBD_FS_LangIDStrDescriptor  usbd_desc.o
    0x080069c2   0x080069c2   0x00000002   PAD
    0x080069c4   0x080069c4   0x0000002c   Code   RO          208    .text.USBD_FS_ManufacturerStrDescriptor  usbd_desc.o
    0x080069f0   0x080069f0   0x00000030   Code   RO          210    .text.USBD_FS_ProductStrDescriptor  usbd_desc.o
    0x08006a20   0x08006a20   0x00000088   Code   RO          212    .text.USBD_FS_SerialStrDescriptor  usbd_desc.o
    0x08006aa8   0x08006aa8   0x00000036   Code   RO         1410    .text.USBD_GetEpDesc  usbd_core.o
    0x08006ade   0x08006ade   0x00000002   PAD
    0x08006ae0   0x08006ae0   0x0000007e   Code   RO         1432    .text.USBD_GetString  usbd_ctlreq.o
    0x08006b5e   0x08006b5e   0x00000002   PAD
    0x08006b60   0x08006b60   0x0000002a   Code   RO         1366    .text.USBD_Init     usbd_core.o
    0x08006b8a   0x08006b8a   0x00000002   PAD
    0x08006b8c   0x08006b8c   0x00000022   Code   RO          298    .text.USBD_LL_ClearStallEP  usbd_conf.o
    0x08006bae   0x08006bae   0x00000002   PAD
    0x08006bb0   0x08006bb0   0x00000022   Code   RO          292    .text.USBD_LL_CloseEP  usbd_conf.o
    0x08006bd2   0x08006bd2   0x00000002   PAD
    0x08006bd4   0x08006bd4   0x000000b4   Code   RO         1390    .text.USBD_LL_DataInStage  usbd_core.o
    0x08006c88   0x08006c88   0x0000007e   Code   RO         1384    .text.USBD_LL_DataOutStage  usbd_core.o
    0x08006d06   0x08006d06   0x00000002   PAD
    0x08006d08   0x08006d08   0x00000004   Code   RO         1406    .text.USBD_LL_DevConnected  usbd_core.o
    0x08006d0c   0x08006d0c   0x00000022   Code   RO         1408    .text.USBD_LL_DevDisconnected  usbd_core.o
    0x08006d2e   0x08006d2e   0x00000002   PAD
    0x08006d30   0x08006d30   0x00000008   Code   RO          308    .text.USBD_LL_GetRxDataSize  usbd_conf.o
    0x08006d38   0x08006d38   0x0000006e   Code   RO          280    .text.USBD_LL_Init  usbd_conf.o
    0x08006da6   0x08006da6   0x00000002   PAD
    0x08006da8   0x08006da8   0x0000002a   Code   RO          300    .text.USBD_LL_IsStallEP  usbd_conf.o
    0x08006dd2   0x08006dd2   0x00000002   PAD
    0x08006dd4   0x08006dd4   0x0000002c   Code   RO         1402    .text.USBD_LL_IsoINIncomplete  usbd_core.o
    0x08006e00   0x08006e00   0x0000002c   Code   RO         1404    .text.USBD_LL_IsoOUTIncomplete  usbd_core.o
    0x08006e2c   0x08006e2c   0x00000028   Code   RO          290    .text.USBD_LL_OpenEP  usbd_conf.o
    0x08006e54   0x08006e54   0x00000022   Code   RO          306    .text.USBD_LL_PrepareReceive  usbd_conf.o
    0x08006e76   0x08006e76   0x00000002   PAD
    0x08006e78   0x08006e78   0x00000062   Code   RO         1392    .text.USBD_LL_Reset  usbd_core.o
    0x08006eda   0x08006eda   0x00000002   PAD
    0x08006edc   0x08006edc   0x00000014   Code   RO         1398    .text.USBD_LL_Resume  usbd_core.o
    0x08006ef0   0x08006ef0   0x0000001e   Code   RO         1400    .text.USBD_LL_SOF   usbd_core.o
    0x08006f0e   0x08006f0e   0x00000002   PAD
    0x08006f10   0x08006f10   0x00000008   Code   RO         1394    .text.USBD_LL_SetSpeed  usbd_core.o
    0x08006f18   0x08006f18   0x00000022   Code   RO          302    .text.USBD_LL_SetUSBAddress  usbd_conf.o
    0x08006f3a   0x08006f3a   0x00000002   PAD
    0x08006f3c   0x08006f3c   0x00000060   Code   RO         1382    .text.USBD_LL_SetupStage  usbd_core.o
    0x08006f9c   0x08006f9c   0x00000022   Code   RO          296    .text.USBD_LL_StallEP  usbd_conf.o
    0x08006fbe   0x08006fbe   0x00000002   PAD
    0x08006fc0   0x08006fc0   0x00000022   Code   RO          286    .text.USBD_LL_Start  usbd_conf.o
    0x08006fe2   0x08006fe2   0x00000002   PAD
    0x08006fe4   0x08006fe4   0x0000001c   Code   RO         1396    .text.USBD_LL_Suspend  usbd_core.o
    0x08007000   0x08007000   0x00000022   Code   RO          304    .text.USBD_LL_Transmit  usbd_conf.o
    0x08007022   0x08007022   0x00000002   PAD
    0x08007024   0x08007024   0x00000016   Code   RO         1430    .text.USBD_ParseSetupRequest  usbd_ctlreq.o
    0x0800703a   0x0800703a   0x00000002   PAD
    0x0800703c   0x0800703c   0x00000042   Code   RO         1370    .text.USBD_RegisterClass  usbd_core.o
    0x0800707e   0x0800707e   0x00000002   PAD
    0x08007080   0x08007080   0x00000010   Code   RO         1378    .text.USBD_SetClassConfig  usbd_core.o
    0x08007090   0x08007090   0x00000004   Code   RO         1372    .text.USBD_Start    usbd_core.o
    0x08007094   0x08007094   0x0000034a   Code   RO         1422    .text.USBD_StdDevReq  usbd_ctlreq.o
    0x080073de   0x080073de   0x00000002   PAD
    0x080073e0   0x080073e0   0x00000146   Code   RO         1428    .text.USBD_StdEPReq  usbd_ctlreq.o
    0x08007526   0x08007526   0x00000002   PAD
    0x08007528   0x08007528   0x00000078   Code   RO         1426    .text.USBD_StdItfReq  usbd_ctlreq.o
    0x080075a0   0x080075a0   0x00000002   Code   RO          312    .text.USBD_static_free  usbd_conf.o
    0x080075a2   0x080075a2   0x00000002   PAD
    0x080075a4   0x080075a4   0x0000000a   Code   RO          310    .text.USBD_static_malloc  usbd_conf.o
    0x080075ae   0x080075ae   0x00000002   PAD
    0x080075b0   0x080075b0   0x00000080   Code   RO          761    .text.USB_ActivateEndpoint  stm32f4xx_ll_usb.o
    0x08007630   0x08007630   0x00000020   Code   RO          803    .text.USB_ActivateSetup  stm32f4xx_ll_usb.o
    0x08007650   0x08007650   0x0000000c   Code   RO         2167    .text.USB_Comm_Enable  usb_comm.o
    0x0800765c   0x0800765c   0x00000034   Code   RO         2165    .text.USB_Comm_Init  usb_comm.o
    0x08007690   0x08007690   0x00000010   Code   RO         2179    .text.USB_Comm_IsConnected  usb_comm.o
    0x080076a0   0x080076a0   0x0000001a   Code   RO         2173    .text.USB_Comm_Receive  usb_comm.o
    0x080076ba   0x080076ba   0x00000002   PAD
    0x080076bc   0x080076bc   0x0000001c   Code   RO         2185    .text.USB_Comm_RxCpltCallback  usb_comm.o
    0x080076d8   0x080076d8   0x00000062   Code   RO         2171    .text.USB_Comm_Send  usb_comm.o
    0x0800773a   0x0800773a   0x00000002   PAD
    0x0800773c   0x0800773c   0x0000000a   Code   RO         2181    .text.USB_Comm_SetConnected  usb_comm.o
    0x08007746   0x08007746   0x00000002   PAD
    0x08007748   0x08007748   0x00000042   Code   RO         2187    .text.USB_Comm_TxCpltCallback  usb_comm.o
    0x0800778a   0x0800778a   0x00000002   PAD
    0x0800778c   0x0800778c   0x00000030   Code   RO         2183    .text.USB_Comm_UpdateConnectionState  usb_comm.o
    0x080077bc   0x080077bc   0x00000114   Code   RO          739    .text.USB_CoreInit  stm32f4xx_ll_usb.o
    0x080078d0   0x080078d0   0x00000080   Code   RO          765    .text.USB_DeactivateEndpoint  stm32f4xx_ll_usb.o
    0x08007950   0x08007950   0x0000001e   Code   RO          785    .text.USB_DevConnect  stm32f4xx_ll_usb.o
    0x0800796e   0x0800796e   0x00000002   PAD
    0x08007970   0x08007970   0x0000001e   Code   RO          787    .text.USB_DevDisconnect  stm32f4xx_ll_usb.o
    0x0800798e   0x0800798e   0x00000002   PAD
    0x08007990   0x08007990   0x000001ea   Code   RO          751    .text.USB_DevInit   stm32f4xx_ll_usb.o
    0x08007b7a   0x08007b7a   0x00000002   PAD
    0x08007b7c   0x08007b7c   0x0000000e   Code   RO          745    .text.USB_DisableGlobalInt  stm32f4xx_ll_usb.o
    0x08007b8a   0x08007b8a   0x00000002   PAD
    0x08007b8c   0x08007b8c   0x0000005a   Code   RO          805    .text.USB_EP0_OutStart  stm32f4xx_ll_usb.o
    0x08007be6   0x08007be6   0x00000002   PAD
    0x08007be8   0x08007be8   0x00000050   Code   RO          779    .text.USB_EPClearStall  stm32f4xx_ll_usb.o
    0x08007c38   0x08007c38   0x0000003c   Code   RO          777    .text.USB_EPSetStall  stm32f4xx_ll_usb.o
    0x08007c74   0x08007c74   0x000001f0   Code   RO          769    .text.USB_EPStartXfer  stm32f4xx_ll_usb.o
    0x08007e64   0x08007e64   0x0000008a   Code   RO          773    .text.USB_EPStopXfer  stm32f4xx_ll_usb.o
    0x08007eee   0x08007eee   0x00000002   PAD
    0x08007ef0   0x08007ef0   0x0000000e   Code   RO          743    .text.USB_EnableGlobalInt  stm32f4xx_ll_usb.o
    0x08007efe   0x08007efe   0x00000002   PAD
    0x08007f00   0x08007f00   0x00000048   Code   RO          755    .text.USB_FlushTxFifo  stm32f4xx_ll_usb.o
    0x08007f48   0x08007f48   0x0000001a   Code   RO          759    .text.USB_GetDevSpeed  stm32f4xx_ll_usb.o
    0x08007f62   0x08007f62   0x00000002   PAD
    0x08007f64   0x08007f64   0x00000008   Code   RO          749    .text.USB_GetMode   stm32f4xx_ll_usb.o
    0x08007f6c   0x08007f6c   0x0000000e   Code   RO          795    .text.USB_ReadDevAllInEpInterrupt  stm32f4xx_ll_usb.o
    0x08007f7a   0x08007f7a   0x00000002   PAD
    0x08007f7c   0x08007f7c   0x0000000e   Code   RO          793    .text.USB_ReadDevAllOutEpInterrupt  stm32f4xx_ll_usb.o
    0x08007f8a   0x08007f8a   0x00000002   PAD
    0x08007f8c   0x08007f8c   0x00000024   Code   RO          799    .text.USB_ReadDevInEPInterrupt  stm32f4xx_ll_usb.o
    0x08007fb0   0x08007fb0   0x00000010   Code   RO          797    .text.USB_ReadDevOutEPInterrupt  stm32f4xx_ll_usb.o
    0x08007fc0   0x08007fc0   0x00000008   Code   RO          789    .text.USB_ReadInterrupts  stm32f4xx_ll_usb.o
    0x08007fc8   0x08007fc8   0x00000042   Code   RO          775    .text.USB_ReadPacket  stm32f4xx_ll_usb.o
    0x0800800a   0x0800800a   0x00000002   PAD
    0x0800800c   0x0800800c   0x00000064   Code   RO          747    .text.USB_SetCurrentMode  stm32f4xx_ll_usb.o
    0x08008070   0x08008070   0x00000022   Code   RO          783    .text.USB_SetDevAddress  stm32f4xx_ll_usb.o
    0x08008092   0x08008092   0x00000002   PAD
    0x08008094   0x08008094   0x00000110   Code   RO          741    .text.USB_SetTurnaroundTime  stm32f4xx_ll_usb.o
    0x080081a4   0x080081a4   0x00000028   Code   RO          771    .text.USB_WritePacket  stm32f4xx_ll_usb.o
    0x080081cc   0x080081cc   0x00000002   Code   RO          140    .text.UsageFault_Handler  stm32f4xx_it.o
    0x080081ce   0x080081ce   0x00000002   PAD
    0x080081d0   0x080081d0   0x00000052   Code   RO           11    .text.main          main.o
    0x08008222   0x08008222   0x00000002   PAD
    0x08008224   0x08008224   0x00000020   Code   RO         1938    .text.osDelay       cmsis_os2.o
    0x08008244   0x08008244   0x00000010   Code   RO         1894    .text.osKernelGetTickCount  cmsis_os2.o
    0x08008254   0x08008254   0x00000028   Code   RO         1880    .text.osKernelInitialize  cmsis_os2.o
    0x0800827c   0x0800827c   0x0000003c   Code   RO         1886    .text.osKernelStart  cmsis_os2.o
    0x080082b8   0x080082b8   0x000000be   Code   RO         1902    .text.osThreadNew   cmsis_os2.o
    0x08008376   0x08008376   0x00000002   PAD
    0x08008378   0x08008378   0x0000011c   Code   RO         1688    .text.prvAddNewTaskToReadyList  tasks.o
    0x08008494   0x08008494   0x0000007c   Code   RO         1823    .text.prvCheckForValidListAndQueue  timers.o
    0x08008510   0x08008510   0x00000096   Code   RO         1720    .text.prvIdleTask   tasks.o
    0x080085a6   0x080085a6   0x00000002   PAD
    0x080085a8   0x080085a8   0x00000028   Code   RO         2081    .text.prvPortStartFirstTask  port.o
    0x080085d0   0x080085d0   0x000000ea   Code   RO         1859    .text.prvSampleTimeNow  timers.o
    0x080086ba   0x080086ba   0x00000002   PAD
    0x080086bc   0x080086bc   0x00000032   Code   RO         2071    .text.prvTaskExitError  port.o
    0x080086ee   0x080086ee   0x00000002   PAD
    0x080086f0   0x080086f0   0x000002ba   Code   RO         1825    .text.prvTimerTask  timers.o
    0x080089aa   0x080089aa   0x00000002   PAD
    0x080089ac   0x080089ac   0x00000074   Code   RO         1587    .text.prvUnlockQueue  queue.o
    0x08008a20   0x08008a20   0x000001a0   Code   RO         2041    .text.pvPortMalloc  heap_4.o
    0x08008bc0   0x08008bc0   0x00000024   Code   RO         2069    .text.pxPortInitialiseStack  port.o
    0x08008be4   0x08008be4   0x00000024   Code   RO         1551    .text.uxListRemove  list.o
    0x08008c08   0x08008c08   0x0000001a   Code   RO         2024    .text.vApplicationGetIdleTaskMemory  cmsis_os2.o
    0x08008c22   0x08008c22   0x00000002   PAD
    0x08008c24   0x08008c24   0x0000001c   Code   RO         2026    .text.vApplicationGetTimerTaskMemory  cmsis_os2.o
    0x08008c40   0x08008c40   0x00000016   Code   RO         1543    .text.vListInitialise  list.o
    0x08008c56   0x08008c56   0x00000002   PAD
    0x08008c58   0x08008c58   0x00000006   Code   RO         1545    .text.vListInitialiseItem  list.o
    0x08008c5e   0x08008c5e   0x00000002   PAD
    0x08008c60   0x08008c60   0x0000003a   Code   RO         1549    .text.vListInsert   list.o
    0x08008c9a   0x08008c9a   0x00000002   PAD
    0x08008c9c   0x08008c9c   0x0000001c   Code   RO         1547    .text.vListInsertEnd  list.o
    0x08008cb8   0x08008cb8   0x00000014   Code   RO         2079    .text.vPortEnableVFP  port.o
    0x08008ccc   0x08008ccc   0x00000046   Code   RO         2085    .text.vPortEnterCritical  port.o
    0x08008d12   0x08008d12   0x00000002   PAD
    0x08008d14   0x08008d14   0x0000002e   Code   RO         2087    .text.vPortExitCritical  port.o
    0x08008d42   0x08008d42   0x00000002   PAD
    0x08008d44   0x08008d44   0x000000d6   Code   RO         2043    .text.vPortFree     heap_4.o
    0x08008e1a   0x08008e1a   0x00000002   PAD
    0x08008e1c   0x08008e1c   0x00000034   Code   RO         2077    .text.vPortSetupTimerInterrupt  port.o
    0x08008e50   0x08008e50   0x00000062   Code   RO         2093    .text.vPortValidateInterruptPriority  port.o
    0x08008eb2   0x08008eb2   0x00000002   PAD
    0x08008eb4   0x08008eb4   0x00000028   Code   RO         1621    .text.vQueueAddToRegistry  queue.o
    0x08008edc   0x08008edc   0x00000046   Code   RO         1625    .text.vQueueWaitForMessageRestricted  queue.o
    0x08008f22   0x08008f22   0x00000002   PAD
    0x08008f24   0x08008f24   0x000000aa   Code   RO         1700    .text.vTaskDelay    tasks.o
    0x08008fce   0x08008fce   0x00000002   PAD
    0x08008fd0   0x08008fd0   0x0000001a   Code   RO         1750    .text.vTaskInternalSetTimeOutState  tasks.o
    0x08008fea   0x08008fea   0x00000002   PAD
    0x08008fec   0x08008fec   0x0000000e   Code   RO         1754    .text.vTaskMissedYield  tasks.o
    0x08008ffa   0x08008ffa   0x00000002   PAD
    0x08008ffc   0x08008ffc   0x00000096   Code   RO         1738    .text.vTaskPlaceOnEventList  tasks.o
    0x08009092   0x08009092   0x00000002   PAD
    0x08009094   0x08009094   0x000000a8   Code   RO         1742    .text.vTaskPlaceOnEventListRestricted  tasks.o
    0x0800913c   0x0800913c   0x000000a4   Code   RO         1718    .text.vTaskStartScheduler  tasks.o
    0x080091e0   0x080091e0   0x00000010   Code   RO         1696    .text.vTaskSuspendAll  tasks.o
    0x080091f0   0x080091f0   0x00000092   Code   RO         1712    .text.vTaskSwitchContext  tasks.o
    0x08009282   0x08009282   0x00000002   PAD
    0x08009284   0x08009284   0x0000012e   Code   RO         2075    .text.xPortStartScheduler  port.o
    0x080093b2   0x080093b2   0x00000002   PAD
    0x080093b4   0x080093b4   0x0000002e   Code   RO         2091    .text.xPortSysTickHandler  port.o
    0x080093e2   0x080093e2   0x00000002   PAD
    0x080093e4   0x080093e4   0x00000082   Code   RO         1565    .text.xQueueGenericCreate  queue.o
    0x08009466   0x08009466   0x00000002   PAD
    0x08009468   0x08009468   0x000000da   Code   RO         1563    .text.xQueueGenericCreateStatic  queue.o
    0x08009542   0x08009542   0x00000002   PAD
    0x08009544   0x08009544   0x00000214   Code   RO         1577    .text.xQueueGenericSend  queue.o
    0x08009758   0x08009758   0x0000013a   Code   RO         1589    .text.xQueueGenericSendFromISR  queue.o
    0x08009892   0x08009892   0x00000002   PAD
    0x08009894   0x08009894   0x000001a8   Code   RO         1593    .text.xQueueReceive  queue.o
    0x08009a3c   0x08009a3c   0x0000008c   Code   RO         1752    .text.xTaskCheckForTimeOut  tasks.o
    0x08009ac8   0x08009ac8   0x000000dc   Code   RO         1690    .text.xTaskCreate   tasks.o
    0x08009ba4   0x08009ba4   0x000000ea   Code   RO         1686    .text.xTaskCreateStatic  tasks.o
    0x08009c8e   0x08009c8e   0x00000002   PAD
    0x08009c90   0x08009c90   0x00000026   Code   RO         1766    .text.xTaskGetSchedulerState  tasks.o
    0x08009cb6   0x08009cb6   0x00000002   PAD
    0x08009cb8   0x08009cb8   0x0000000c   Code   RO         1726    .text.xTaskGetTickCount  tasks.o
    0x08009cc4   0x08009cc4   0x00000012   Code   RO         1728    .text.xTaskGetTickCountFromISR  tasks.o
    0x08009cd6   0x08009cd6   0x00000002   PAD
    0x08009cd8   0x08009cd8   0x0000016e   Code   RO         1724    .text.xTaskIncrementTick  tasks.o
    0x08009e46   0x08009e46   0x00000002   PAD
    0x08009e48   0x08009e48   0x0000009a   Code   RO         1770    .text.xTaskPriorityDisinherit  tasks.o
    0x08009ee2   0x08009ee2   0x00000002   PAD
    0x08009ee4   0x08009ee4   0x0000008e   Code   RO         1744    .text.xTaskRemoveFromEventList  tasks.o
    0x08009f72   0x08009f72   0x00000002   PAD
    0x08009f74   0x08009f74   0x00000134   Code   RO         1698    .text.xTaskResumeAll  tasks.o
    0x0800a0a8   0x0800a0a8   0x00000074   Code   RO         1821    .text.xTimerCreateTimerTask  timers.o
    0x0800a11c   0x0800a11c   0x0000001a   Code   RO         2704    x$fpl$fpinit        fz_wm.l(fpinit.o)
    0x0800a136   0x0800a136   0x00000002   PAD
    0x0800a138   0x0800a138   0x0000000c   Data   RO         2515    .rodata..Lswitch.table.IMUTask_Run.4  imu_task.o
    0x0800a144   0x0800a144   0x00000010   Data   RO         1356    .rodata.AHBPrescTable  system_stm32f4xx.o
    0x0800a154   0x0800a154   0x00000008   Data   RO         1357    .rodata.APBPrescTable  system_stm32f4xx.o
    0x0800a15c   0x0800a15c   0x00000018   Data   RO         2302    .rodata.Motor_VTable  motor.o
    0x0800a174   0x0800a174   0x00000008   Data   RO         1015    .rodata.cst8        stm32f4xx_hal_dma.o
    0x0800a17c   0x0800a17c   0x00000024   Data   RO           44    .rodata.defaultTask_attributes  freertos.o
    0x0800a1a0   0x0800a1a0   0x00000024   Data   RO           48    .rodata.imuTask_attributes  freertos.o
    0x0800a1c4   0x0800a1c4   0x00000024   Data   RO           46    .rodata.motorCtrlTask_attributes  freertos.o
    0x0800a1e8   0x0800a1e8   0x00000024   Data   RO           45    .rodata.sensorTask_attributes  freertos.o
    0x0800a20c   0x0800a20c   0x00000039   Data   RO           43    .rodata.str1.1      freertos.o
    0x0800a245   0x0800a245   0x00000003   PAD
    0x0800a248   0x0800a248   0x00000024   Data   RO           47    .rodata.usbCommTask_attributes  freertos.o
    0x0800a26c   0x0800a26c   0x00000020   Data   RO         2765    Region$$Table       anon$$obj.o


    Execution Region RW_IRAM1 (Exec base: 0x20000000, Load base: 0x0800a290, Size: 0x000080c0, Max: 0x0001c000, ABSOLUTE)

    Exec Addr    Load Addr    Size         Type   Attr      Idx    E Section Name        Object

    0x20000000   0x0800a290   0x0000001c   Data   RW          218    .data.FS_Desc       usbd_desc.o
    0x2000001c   0x0800a2ac   0x00000004   Data   RW         1355    .data.SystemCoreClock  system_stm32f4xx.o
    0x20000020   0x0800a2b0   0x00000038   Data   RW         1495    .data.USBD_CDC      usbd_cdc.o
    0x20000058   0x0800a2e8   0x00000043   Data   RW         1497    .data.USBD_CDC_CfgDesc  usbd_cdc.o
    0x2000009b   0x0800a32b   0x00000001   PAD
    0x2000009c   0x0800a32c   0x0000000a   Data   RW         1496    .data.USBD_CDC_DeviceQualifierDesc  usbd_cdc.o
    0x200000a6   0x0800a336   0x00000002   PAD
    0x200000a8   0x0800a338   0x00000012   Data   RW          219    .data.USBD_FS_DeviceDesc  usbd_desc.o
    0x200000ba   0x0800a34a   0x00000002   PAD
    0x200000bc   0x0800a34c   0x00000014   Data   RW          243    .data.USBD_Interface_fops_FS  usbd_cdc_if.o
    0x200000d0   0x0800a360   0x00000004   Data   RW          220    .data.USBD_LangIDDesc  usbd_desc.o
    0x200000d4   0x0800a364   0x0000001a   Data   RW          221    .data.USBD_StringSerial  usbd_desc.o
    0x200000ee   0x0800a37e   0x00000002   PAD
    0x200000f0   0x0800a380   0x00000004   Data   RW         2156    .data.g_pCleanBotApp  cleanbotapp.o
    0x200000f4   0x0800a384   0x00000001   Data   RW         1193    .data.uwTickFreq    stm32f4xx_hal.o
    0x200000f5   0x0800a385   0x00000003   PAD
    0x200000f8   0x0800a388   0x00000004   Data   RW         1192    .data.uwTickPrio    stm32f4xx_hal.o
    0x200000fc   0x0800a38c   0x00000004   Data   RW         2097    .data.uxCriticalNesting  port.o
    0x20000100        -       0x00000060   Zero   RW         2630    .bss                c_w.l(libspace.o)
    0x20000160        -       0x00000006   Zero   RW         2219    .bss.Encoder_GetPulseCount.lastCounter  encoder.o
    0x20000166   0x0800a390   0x00000002   PAD
    0x20000168        -       0x00000004   Zero   RW         2028    .bss.KernelState    cmsis_os2.o
    0x2000016c        -       0x00000004   Zero   RW         2484    .bss.USBCommTask_Run.telemetryCounter  usb_comm_task.o
    0x20000170        -       0x00000001   Zero   RW         1434    .bss.USBD_SetConfig.cfgidx  usbd_ctlreq.o
    0x20000171   0x0800a390   0x00000003   PAD
    0x20000174        -       0x00000200   Zero   RW          222    .bss.USBD_StrDesc   usbd_desc.o
    0x20000374        -       0x00000220   Zero   RW          317    .bss.USBD_static_malloc.mem  usbd_conf.o
    0x20000594        -       0x00000800   Zero   RW          244    .bss.UserRxBufferFS  usbd_cdc_if.o
    0x20000d94        -       0x00000800   Zero   RW          245    .bss.UserTxBufferFS  usbd_cdc_if.o
    0x20001594        -       0x00000004   Zero   RW         2303    .bss.arr_left       motor.o
    0x20001598        -       0x00000001   Zero   RW         2462    .bss.button1State.2  sensor_task.o
    0x20001599   0x0800a390   0x00000003   PAD
    0x2000159c        -       0x00000004   Zero   RW         2463    .bss.button1State.3  sensor_task.o
    0x200015a0        -       0x00000001   Zero   RW         2464    .bss.button2State.2  sensor_task.o
    0x200015a1   0x0800a390   0x00000003   PAD
    0x200015a4        -       0x00000004   Zero   RW         2465    .bss.button2State.3  sensor_task.o
    0x200015a8        -       0x00000004   Zero   RW         2304    .bss.ccr_left       motor.o
    0x200015ac        -       0x00000004   Zero   RW         2483    .bss.connectionCheckCounter  usb_comm_task.o
    0x200015b0        -       0x00000004   Zero   RW           49    .bss.defaultTaskHandle  freertos.o
    0x200015b4        -       0x00000784   Zero   RW         2155    .bss.g_CleanBotApp  cleanbotapp.o
    0x20001d38        -       0x00000010   Zero   RW         2439    .bss.g_MotorCtrl    motor_ctrl_task.o
    0x20001d48        -       0x00000060   Zero   RW         2416    .bss.g_SensorManager  sensor_manager.o
    0x20001da8        -       0x000002dc   Zero   RW          197    .bss.hUsbDeviceFS   usb_device.o
    0x20002084        -       0x00000060   Zero   RW          123    .bss.hdma_usart3_rx  usart.o
    0x200020e4        -       0x000004e4   Zero   RW          316    .bss.hpcd_USB_OTG_FS  usbd_conf.o
    0x200025c8        -       0x00000048   Zero   RW           95    .bss.htim1          tim.o
    0x20002610        -       0x00000048   Zero   RW          101    .bss.htim10         tim.o
    0x20002658        -       0x00000048   Zero   RW           96    .bss.htim2          tim.o
    0x200026a0        -       0x00000048   Zero   RW           97    .bss.htim3          tim.o
    0x200026e8        -       0x00000048   Zero   RW           98    .bss.htim4          tim.o
    0x20002730        -       0x00000048   Zero   RW           99    .bss.htim5          tim.o
    0x20002778        -       0x00000048   Zero   RW          186    .bss.htim6          stm32f4xx_hal_timebase_tim.o
    0x200027c0        -       0x00000048   Zero   RW          100    .bss.htim7          tim.o
    0x20002808        -       0x00000048   Zero   RW          121    .bss.huart1         usart.o
    0x20002850        -       0x00000048   Zero   RW          122    .bss.huart3         usart.o
    0x20002898        -       0x00000048   Zero   RW          120    .bss.huart4         usart.o
    0x200028e0        -       0x00000004   Zero   RW           53    .bss.imuTaskHandle  freertos.o
    0x200028e4        -       0x00000014   Zero   RW         2415    .bss.irSensorState  sensor_manager.o
    0x200028f8        -       0x00000004   Zero   RW         2440    .bss.led2State.0    motor_ctrl_task.o
    0x200028fc        -       0x00000001   Zero   RW         2441    .bss.led2State.1    motor_ctrl_task.o
    0x200028fd   0x0800a390   0x00000003   PAD
    0x20002900        -       0x00000004   Zero   RW         2466    .bss.led3BlinkState.0  sensor_task.o
    0x20002904        -       0x00000001   Zero   RW         2467    .bss.led3BlinkState.1  sensor_task.o
    0x20002905   0x0800a390   0x00000003   PAD
    0x20002908        -       0x00000001   Zero   RW         2468    .bss.led3BlinkState.2  sensor_task.o
    0x20002909   0x0800a390   0x00000003   PAD
    0x2000290c        -       0x00000004   Zero   RW         2446    .bss.leftCurrentRPM  motor_ctrl_task.o
    0x20002910        -       0x00000004   Zero   RW         2445    .bss.leftTarget     motor_ctrl_task.o
    0x20002914        -       0x00000004   Zero   RW           51    .bss.motorCtrlTaskHandle  freertos.o
    0x20002918        -       0x000000a0   Zero   RW         1869    .bss.prvCheckForValidListAndQueue.ucStaticTimerQueueStorage  timers.o
    0x200029b8        -       0x00000050   Zero   RW         1868    .bss.prvCheckForValidListAndQueue.xStaticTimerQueue  timers.o
    0x20002a08        -       0x00000004   Zero   RW         1865    .bss.prvSampleTimeNow.xLastTime  timers.o
    0x20002a0c        -       0x00000004   Zero   RW         1792    .bss.pxCurrentTCB   tasks.o
    0x20002a10        -       0x00000004   Zero   RW         1863    .bss.pxCurrentTimerList  timers.o
    0x20002a14        -       0x00000004   Zero   RW         1800    .bss.pxDelayedTaskList  tasks.o
    0x20002a18        -       0x00000004   Zero   RW         2053    .bss.pxEnd          heap_4.o
    0x20002a1c        -       0x00000004   Zero   RW         1801    .bss.pxOverflowDelayedTaskList  tasks.o
    0x20002a20        -       0x00000004   Zero   RW         1864    .bss.pxOverflowTimerList  timers.o
    0x20002a24        -       0x00000460   Zero   RW         1803    .bss.pxReadyTasksLists  tasks.o
    0x20002e84        -       0x00000004   Zero   RW         2443    .bss.rightCurrentRPM  motor_ctrl_task.o
    0x20002e88        -       0x00000004   Zero   RW         2444    .bss.rightTarget    motor_ctrl_task.o
    0x20002e8c        -       0x00000100   Zero   RW         2482    .bss.rxBuffer       usb_comm_task.o
    0x20002f8c        -       0x00000004   Zero   RW         2481    .bss.rxBufferIndex  usb_comm_task.o
    0x20002f90        -       0x00000004   Zero   RW         2511    .bss.s_ax           imu_task.o
    0x20002f94        -       0x00000004   Zero   RW         2512    .bss.s_ay           imu_task.o
    0x20002f98        -       0x00000004   Zero   RW         2513    .bss.s_az           imu_task.o
    0x20002f9c        -       0x00000004   Zero   RW         2508    .bss.s_gx           imu_task.o
    0x20002fa0        -       0x00000004   Zero   RW         2509    .bss.s_gy           imu_task.o
    0x20002fa4        -       0x00000004   Zero   RW         2510    .bss.s_gz           imu_task.o
    0x20002fa8        -       0x00000100   Zero   RW         2504    .bss.s_imuDmaRxBuf  imu_task.o
    0x200030a8        -       0x00000004   Zero   RW         2506    .bss.s_pitch        imu_task.o
    0x200030ac        -       0x00000004   Zero   RW         2505    .bss.s_roll         imu_task.o
    0x200030b0        -       0x00000014   Zero   RW         2503    .bss.s_rxRing       imu_task.o
    0x200030c4        -       0x00000400   Zero   RW         2514    .bss.s_rxRingStorage  imu_task.o
    0x200034c4        -       0x00000004   Zero   RW         2507    .bss.s_yaw          imu_task.o
    0x200034c8        -       0x00000004   Zero   RW           50    .bss.sensorTaskHandle  freertos.o
    0x200034cc        -       0x00003c00   Zero   RW         2060    .bss.ucHeap         heap_4.o
    0x200070cc        -       0x00000001   Zero   RW         2095    .bss.ucMaxSysCallPriority  port.o
    0x200070cd   0x0800a390   0x00000003   PAD
    0x200070d0        -       0x00000004   Zero   RW         2096    .bss.ulMaxPRIGROUPValue  port.o
    0x200070d4        -       0x00000004   Zero   RW           52    .bss.usbCommTaskHandle  freertos.o
    0x200070d8        -       0x00000004   Zero   RW         1194    .bss.uwTick         stm32f4xx_hal.o
    0x200070dc        -       0x00000004   Zero   RW         1796    .bss.uxCurrentNumberOfTasks  tasks.o
    0x200070e0        -       0x00000004   Zero   RW         1795    .bss.uxDeletedTasksWaitingCleanUp  tasks.o
    0x200070e4        -       0x00000004   Zero   RW         1798    .bss.uxSchedulerSuspended  tasks.o
    0x200070e8        -       0x00000004   Zero   RW         1793    .bss.uxTaskNumber   tasks.o
    0x200070ec        -       0x00000004   Zero   RW         1804    .bss.uxTopReadyPriority  tasks.o
    0x200070f0        -       0x00000200   Zero   RW         2030    .bss.vApplicationGetIdleTaskMemory.Idle_Stack  cmsis_os2.o
    0x200072f0        -       0x0000005c   Zero   RW         2029    .bss.vApplicationGetIdleTaskMemory.Idle_TCB  cmsis_os2.o
    0x2000734c        -       0x00000400   Zero   RW         2032    .bss.vApplicationGetTimerTaskMemory.Timer_Stack  cmsis_os2.o
    0x2000774c        -       0x0000005c   Zero   RW         2031    .bss.vApplicationGetTimerTaskMemory.Timer_TCB  cmsis_os2.o
    0x200077a8        -       0x00000004   Zero   RW         2447    .bss.watch_ms       motor_ctrl_task.o
    0x200077ac        -       0x00000004   Zero   RW         2449    .bss.watch_target   motor_ctrl_task.o
    0x200077b0        -       0x00000014   Zero   RW         1866    .bss.xActiveTimerList1  timers.o
    0x200077c4        -       0x00000014   Zero   RW         1867    .bss.xActiveTimerList2  timers.o
    0x200077d8        -       0x00000001   Zero   RW         2054    .bss.xBlockAllocatedBit  heap_4.o
    0x200077d9   0x0800a390   0x00000003   PAD
    0x200077dc        -       0x00000014   Zero   RW         1811    .bss.xDelayedTaskList1  tasks.o
    0x200077f0        -       0x00000014   Zero   RW         1812    .bss.xDelayedTaskList2  tasks.o
    0x20007804        -       0x00000004   Zero   RW         2055    .bss.xFreeBytesRemaining  heap_4.o
    0x20007808        -       0x00000004   Zero   RW         1806    .bss.xIdleTaskHandle  tasks.o
    0x2000780c        -       0x00000004   Zero   RW         2057    .bss.xMinimumEverFreeBytesRemaining  heap_4.o
    0x20007810        -       0x00000004   Zero   RW         1807    .bss.xNextTaskUnblockTime  tasks.o
    0x20007814        -       0x00000004   Zero   RW         1810    .bss.xNumOfOverflows  tasks.o
    0x20007818        -       0x00000004   Zero   RW         2058    .bss.xNumberOfSuccessfulAllocations  heap_4.o
    0x2000781c        -       0x00000004   Zero   RW         2059    .bss.xNumberOfSuccessfulFrees  heap_4.o
    0x20007820        -       0x00000004   Zero   RW         1809    .bss.xPendedTicks   tasks.o
    0x20007824        -       0x00000014   Zero   RW         1805    .bss.xPendingReadyList  tasks.o
    0x20007838        -       0x00000040   Zero   RW         1627    .bss.xQueueRegistry  queue.o
    0x20007878        -       0x00000004   Zero   RW         1797    .bss.xSchedulerRunning  tasks.o
    0x2000787c        -       0x00000008   Zero   RW         2056    .bss.xStart         heap_4.o
    0x20007884        -       0x00000014   Zero   RW         1802    .bss.xSuspendedTaskList  tasks.o
    0x20007898        -       0x00000014   Zero   RW         1794    .bss.xTasksWaitingTermination  tasks.o
    0x200078ac        -       0x00000004   Zero   RW         1799    .bss.xTickCount     tasks.o
    0x200078b0        -       0x00000004   Zero   RW         1861    .bss.xTimerQueue    timers.o
    0x200078b4        -       0x00000004   Zero   RW         1862    .bss.xTimerTaskHandle  timers.o
    0x200078b8        -       0x00000004   Zero   RW         1808    .bss.xYieldPending  tasks.o
    0x200078bc   0x0800a390   0x00000004   PAD
    0x200078c0        -       0x00000400   Zero   RW            2    HEAP                startup_stm32f407xx.o
    0x20007cc0        -       0x00000400   Zero   RW            1    STACK               startup_stm32f407xx.o


    Execution Region RW_IRAM2 (Exec base: 0x2001c000, Load base: 0x0800a390, Size: 0x00000000, Max: 0x00004000, ABSOLUTE)

    **** No section assigned to this execution region ****


==============================================================================

Image component sizes


      Code (inc. data)   RO Data    RW Data    ZI Data      Debug   Object Name

       308          0          0          0          0       6607   buzzer.o
       794         32          0          4       1924      11610   cleanbotapp.o
       422          0          0          0       1724      41822   cmsis_os2.o
        56          0          0          0          0       3516   dma.o
       400         28          0          0          6       8554   encoder.o
       206          0        237          0         20      11061   freertos.o
       602          0          0          0          0       4997   gpio.o
       630          0          0          0      15389       5247   heap_4.o
       694         40         12          0       1336       7854   imu_task.o
        54          0          0          0          0       3702   ir_sensor.o
       106          0          0          0          0       3142   led.o
       150          0          0          0          0       2272   list.o
       332          0          0          0          0       6939   main.o
      1148          0         24          0          8       9948   motor.o
       682          8          0          0         45       5780   motor_ctrl_task.o
        26          0          0          0          0       2621   nec_decode.o
        36          0          0          0          0       2687   photo_gate.o
       438         20          0          0          0       3407   pid_controller.o
       896         16          0          4          5       4197   port.o
      1844          0          0          0         64      25665   queue.o
       348          0          0          0          0       3418   ring_buffer.o
      1222          0          0          0        116       7247   sensor_manager.o
       790         12          0          0         16       5540   sensor_task.o
        64         26        392          0       2048        868   startup_stm32f407xx.o
       132          0          0          5          4       7353   stm32f4xx_hal.o
       152          0          0          0          0      10775   stm32f4xx_hal_cortex.o
      1034          4          8          0          0       9794   stm32f4xx_hal_dma.o
       446          0          0          0          0       5157   stm32f4xx_hal_gpio.o
        66          0          0          0          0       3582   stm32f4xx_hal_msp.o
      2682          0          0          0          0      16263   stm32f4xx_hal_pcd.o
        88          0          0          0          0       4475   stm32f4xx_hal_pcd_ex.o
      1468          4          0          0          0       7502   stm32f4xx_hal_rcc.o
      2588          4          0          0          0      58123   stm32f4xx_hal_tim.o
       192          0          0          0          0      22298   stm32f4xx_hal_tim_ex.o
       180          0          0          0         72       7330   stm32f4xx_hal_timebase_tim.o
      1906          0          0          0          0      26672   stm32f4xx_hal_uart.o
       160          0          0          0          0       8483   stm32f4xx_it.o
      2712          0          0          0          0      27767   stm32f4xx_ll_usb.o
        18          0         24          4          0       2639   system_stm32f4xx.o
      2920          8          0          0       1280      39707   tasks.o
      1934          0          0          0        504      11093   tim.o
      1172         26          0          0        300      17359   timers.o
       580          0          0          0        312       7726   usart.o
       356          0          0          0          0       3976   usb_comm.o
      1030          6          0          0        268      11182   usb_comm_task.o
       114          0          0          0        732       3260   usb_device.o
      1198         12          0        133          0      11532   usbd_cdc.o
       260          0          0         20       4096       5149   usbd_cdc_if.o
       824          0          0          0       1796      18442   usbd_conf.o
       920          0          0          0          0      10793   usbd_core.o
      1458         24          0          0          1      10718   usbd_ctlreq.o
       332         72          0         76        512       3668   usbd_desc.o
       134          0          0          0          0       4791   usbd_ioreq.o

    ----------------------------------------------------------------------
     39700        342        732        256      32608     566310   Object Totals
         0          0         32          0          0          0   (incl. Generated)
       396          0          3         10         30          0   (incl. Padding)

    ----------------------------------------------------------------------

      Code (inc. data)   RO Data    RW Data    ZI Data      Debug   Library Member Name

         8          0          0          0          0         68   __main.o
         0          0          0          0          0          0   __rtentry.o
        12          0          0          0          0          0   __rtentry2.o
         6          0          0          0          0          0   __rtentry4.o
        94          8          0          0          0          0   __scatter.o
        26          0          0          0          0          0   __scatter_copy.o
        28          0          0          0          0          0   __scatter_zi.o
        16          0          0          0          0         68   aeabi_memset4.o
        18          0          0          0          0         80   exit.o
         6          0          0          0          0        152   heapauxi.o
         0          0          0          0          0          0   indicate_semi.o
         2          0          0          0          0          0   libinit.o
         6          0          0          0          0          0   libinit2.o
         2          0          0          0          0          0   libshutdown.o
         2          0          0          0          0          0   libshutdown2.o
         8          4          0          0         96         68   libspace.o
       240          0          0          0          0        100   lludivv7m.o
        78          0          0          0          0         80   rt_memclr_w.o
       138          0          0          0          0         68   rt_memcpy_v6.o
       100          0          0          0          0         80   rt_memcpy_w.o
       132          0          0          0          0         68   rt_memmove_v6.o
       122          0          0          0          0         80   rt_memmove_w.o
         2          0          0          0          0          0   rtexit.o
        10          0          0          0          0          0   rtexit2.o
        12          4          0          0          0         68   sys_exit.o
        74          0          0          0          0         80   sys_stackheap_outer.o
         2          0          0          0          0         68   use_no_semi.o
        26          0          0          0          0        116   fpinit.o

    ----------------------------------------------------------------------
      1180         16          0          0         96       1244   Library Totals
        10          0          0          0          0          0   (incl. Padding)

    ----------------------------------------------------------------------

      Code (inc. data)   RO Data    RW Data    ZI Data      Debug   Library Name

      1144         16          0          0         96       1128   c_w.l
        26          0          0          0          0        116   fz_wm.l

    ----------------------------------------------------------------------
      1180         16          0          0         96       1244   Library Totals

    ----------------------------------------------------------------------

==============================================================================


      Code (inc. data)   RO Data    RW Data    ZI Data      Debug   

     40880        358        732        256      32704     566082   Grand Totals
     40880        358        732        256      32704     566082   ELF Image Totals
     40880        358        732        256          0          0   ROM Totals

==============================================================================

    Total RO  Size (Code + RO Data)                41612 (  40.64kB)
    Total RW  Size (RW Data + ZI Data)             32960 (  32.19kB)
    Total ROM Size (Code + RO Data + RW Data)      41868 (  40.89kB)

==============================================================================

